ARM Linker, 5.03 [Build 76] [MDK-ARM Professional]

==============================================================================

Section Cross References

    main.o(i.Delay) refers to main.o(.data) for .data
    main.o(i.RS_Init) refers to stm32f10x_rcc.o(i.RCC_APB2PeriphClockCmd) for RCC_APB2PeriphClockCmd
    main.o(i.RS_Init) refers to stm32f10x_rcc.o(i.RCC_APB1PeriphClockCmd) for RCC_APB1PeriphClockCmd
    main.o(i.RS_Init) refers to stm32f10x_gpio.o(i.GPIO_PinRemapConfig) for GPIO_PinRemapConfig
    main.o(i.RS_Init) refers to stm32f10x_gpio.o(i.GPIO_Init) for GPIO_Init
    main.o(i.RS_Init) refers to stm32f10x_usart.o(i.USART_Init) for USART_Init
    main.o(i.RS_Init) refers to stm32f10x_usart.o(i.USART_Cmd) for USART_Cmd
    main.o(i.SerialPutChar) refers to stm32f10x_usart.o(i.USART_SendData) for USART_SendData
    main.o(i.SerialPutChar) refers to stm32f10x_usart.o(i.USART_GetFlagStatus) for USART_GetFlagStatus
    main.o(i.SerialPutString) refers to main.o(i.SerialPutChar) for SerialPutChar
    main.o(i.System_Periodic_Handle) refers to netconf.o(i.Display_Periodic_Handle) for Display_Periodic_Handle
    main.o(i.System_Periodic_Handle) refers to netconf.o(i.LwIP_Periodic_Handle) for LwIP_Periodic_Handle
    main.o(i.System_Periodic_Handle) refers to main.o(.data) for .data
    main.o(i.Time_Update) refers to main.o(.data) for .data
    main.o(i.main) refers to stm32f107.o(i.System_Setup) for System_Setup
    main.o(i.main) refers to stm32f10x_rcc.o(i.RCC_APB2PeriphClockCmd) for RCC_APB2PeriphClockCmd
    main.o(i.main) refers to stm32f10x_gpio.o(i.GPIO_Init) for GPIO_Init
    main.o(i.main) refers to stm32f10x_gpio.o(i.GPIO_SetBits) for GPIO_SetBits
    main.o(i.main) refers to main.o(i.RS_Init) for RS_Init
    main.o(i.main) refers to netconf.o(i.LwIP_Init) for LwIP_Init
    main.o(i.main) refers to httpd.o(i.httpd_init) for httpd_init
    main.o(i.main) refers to stm32_eval.o(i.STM_EVAL_LEDToggle) for STM_EVAL_LEDToggle
    main.o(i.main) refers to main.o(i.SerialPutString) for SerialPutString
    main.o(i.main) refers to main.o(i.System_Periodic_Handle) for System_Periodic_Handle
    stm32f107.o(i.ADC_Configuration) refers to stm32f10x_adc.o(i.ADC_Init) for ADC_Init
    stm32f107.o(i.ADC_Configuration) refers to stm32f10x_adc.o(i.ADC_RegularChannelConfig) for ADC_RegularChannelConfig
    stm32f107.o(i.ADC_Configuration) refers to stm32f10x_adc.o(i.ADC_Cmd) for ADC_Cmd
    stm32f107.o(i.ADC_Configuration) refers to stm32f10x_adc.o(i.ADC_SoftwareStartConvCmd) for ADC_SoftwareStartConvCmd
    stm32f107.o(i.Ethernet_Configuration) refers to stm32f10x_gpio.o(i.GPIO_ETH_MediaInterfaceConfig) for GPIO_ETH_MediaInterfaceConfig
    stm32f107.o(i.Ethernet_Configuration) refers to stm32_eth.o(i.ETH_DeInit) for ETH_DeInit
    stm32f107.o(i.Ethernet_Configuration) refers to stm32_eth.o(i.ETH_SoftwareReset) for ETH_SoftwareReset
    stm32f107.o(i.Ethernet_Configuration) refers to stm32_eth.o(i.ETH_GetSoftwareResetStatus) for ETH_GetSoftwareResetStatus
    stm32f107.o(i.Ethernet_Configuration) refers to stm32_eth.o(i.ETH_StructInit) for ETH_StructInit
    stm32f107.o(i.Ethernet_Configuration) refers to stm32_eth.o(i.ETH_Init) for ETH_Init
    stm32f107.o(i.Ethernet_Configuration) refers to stm32_eth.o(i.ETH_DMAITConfig) for ETH_DMAITConfig
    stm32f107.o(i.GPIO_Configuration) refers to stm32f10x_gpio.o(i.GPIO_Init) for GPIO_Init
    stm32f107.o(i.NVIC_Configuration) refers to misc.o(i.NVIC_SetVectorTable) for NVIC_SetVectorTable
    stm32f107.o(i.NVIC_Configuration) refers to misc.o(i.NVIC_PriorityGroupConfig) for NVIC_PriorityGroupConfig
    stm32f107.o(i.NVIC_Configuration) refers to misc.o(i.NVIC_Init) for NVIC_Init
    stm32f107.o(i.System_Setup) refers to system_stm32f10x.o(i.SystemInit) for SystemInit
    stm32f107.o(i.System_Setup) refers to stm32f10x_rcc.o(i.RCC_APB1PeriphClockCmd) for RCC_APB1PeriphClockCmd
    stm32f107.o(i.System_Setup) refers to stm32f10x_rcc.o(i.RCC_AHBPeriphClockCmd) for RCC_AHBPeriphClockCmd
    stm32f107.o(i.System_Setup) refers to stm32f10x_rcc.o(i.RCC_APB2PeriphClockCmd) for RCC_APB2PeriphClockCmd
    stm32f107.o(i.System_Setup) refers to stm32f107.o(i.NVIC_Configuration) for NVIC_Configuration
    stm32f107.o(i.System_Setup) refers to stm32f107.o(i.ADC_Configuration) for ADC_Configuration
    stm32f107.o(i.System_Setup) refers to stm32f107.o(i.GPIO_Configuration) for GPIO_Configuration
    stm32f107.o(i.System_Setup) refers to phil_can.o(i.CAN_NVIC_Config) for CAN_NVIC_Config
    stm32f107.o(i.System_Setup) refers to phil_can.o(i.CAN_Config) for CAN_Config
    stm32f107.o(i.System_Setup) refers to stm3210c_eval_lcd.o(i.LCD_Clear) for LCD_Clear
    stm32f107.o(i.System_Setup) refers to stm3210c_eval_lcd.o(i.LCD_SetBackColor) for LCD_SetBackColor
    stm32f107.o(i.System_Setup) refers to stm3210c_eval_lcd.o(i.LCD_SetTextColor) for LCD_SetTextColor
    stm32f107.o(i.System_Setup) refers to stm3210c_eval_lcd.o(i.LCD_DisplayStringLine) for LCD_DisplayStringLine
[...]
    .data                                    0x20000098   Section        6  ethernetif.o(.data)
    .data                                    0x200000a0   Section       32  tcp.o(.data)
    tcp_timer                                0x200000a0   Data           1  tcp.o(.data)
    port                                     0x200000a2   Data           2  tcp.o(.data)
    iss                                      0x200000a4   Data           4  tcp.o(.data)
    .data                                    0x200000c0   Section       28  tcp_in.o(.data)
    flags                                    0x200000c0   Data           1  tcp_in.o(.data)
    recv_flags                               0x200000c1   Data           1  tcp_in.o(.data)
    tcplen                                   0x200000c2   Data           2  tcp_in.o(.data)
    tcphdr                                   0x200000c4   Data           4  tcp_in.o(.data)
    iphdr                                    0x200000c8   Data           4  tcp_in.o(.data)
    seqno                                    0x200000cc   Data           4  tcp_in.o(.data)
    ackno                                    0x200000d0   Data           4  tcp_in.o(.data)
    recv_data                                0x200000d4   Data           4  tcp_in.o(.data)
    .data                                    0x200000dc   Section        4  udp.o(.data)
    .data                                    0x200000e0   Section       16  mem.o(.data)
    mem_sem                                  0x200000e0   Data           1  mem.o(.data)
    ram                                      0x200000e4   Data           4  mem.o(.data)
    ram_end                                  0x200000e8   Data           4  mem.o(.data)
    lfree                                    0x200000ec   Data           4  mem.o(.data)
    .data                                    0x200000f0   Section       12  netif.o(.data)
    netifnum                                 0x200000f0   Data           1  netif.o(.data)
    .data                                    0x200000fc   Section        4  raw.o(.data)
    raw_pcbs                                 0x200000fc   Data           4  raw.o(.data)
    .data                                    0x20000100   Section       12  ip.o(.data)
    ip_id                                    0x20000100   Data           2  ip.o(.data)
    current_netif                            0x20000104   Data           4  ip.o(.data)
    current_header                           0x20000108   Data           4  ip.o(.data)
    .data                                    0x2000010c   Section        8  ip_frag.o(.data)
    ip_reass_pbufcount                       0x2000010c   Data           2  ip_frag.o(.data)
    reassdatagrams                           0x20000110   Data           4  ip_frag.o(.data)
    .data                                    0x20000114   Section        1  etharp.o(.data)
    etharp_cached_entry                      0x20000114   Data           1  etharp.o(.data)
    .bss                                     0x20000118   Section       48  netconf.o(.bss)
    .bss                                     0x20000148   Section       48  phil_can.o(.bss)
    .bss                                     0x20000178   Section       20  stm32f10x_it.o(.bss)
    .bss                                     0x2000018c   Section     9216  ethernetif.o(.bss)
    .bss                                     0x2000258c   Section       20  tcp_in.o(.bss)
    inseg                                    0x2000258c   Data          20  tcp_in.o(.bss)
    .bss                                     0x200025a0   Section    20500  mem.o(.bss)
    ram_heap                                 0x200025a0   Data       20500  mem.o(.bss)
    .bss                                     0x200075b4   Section    18095  memp.o(.bss)
    memp_tab                                 0x200075b4   Data          36  memp.o(.bss)
    memp_memory                              0x200075d8   Data       18059  memp.o(.bss)
    .bss                                     0x2000bc63   Section     1504  ip_frag.o(.bss)
    buf                                      0x2000bc63   Data        1504  ip_frag.o(.bss)
    .bss                                     0x2000c244   Section      200  etharp.o(.bss)
    arp_table                                0x2000c244   Data         200  etharp.o(.bss)
    .bss                                     0x2000c30c   Section       96  libspace.o(.bss)
    HEAP                                     0x2000c370   Section      512  startup_stm32f10x_cl.o(HEAP)
    Heap_Mem                                 0x2000c370   Data         512  startup_stm32f10x_cl.o(HEAP)
    STACK                                    0x2000c570   Section     1024  startup_stm32f10x_cl.o(STACK)
    Stack_Mem                                0x2000c570   Data        1024  startup_stm32f10x_cl.o(STACK)
    __initial_sp                             0x2000c970   Data           0  startup_stm32f10x_cl.o(STACK)

    Global Symbols

    Symbol Name                              Value     Ov Type        Size  Object(Section)

    BuildAttributes$$THM_ISAv4$P$D$K$B$S$PE$A:L22UL41UL21$X:L11$S22US41US21$IEEE1$IW$USESV6$~STKCKD$USESV7$~SHL$OSPACE$ROPI$EBA8$UX$STANDARDLIB$REQ8$PRES8$EABIv2 0x00000000   Number         0  anon$$obj.o ABSOLUTE
    __ARM_use_no_argv                        0x00000000   Number         0  main.o ABSOLUTE
    __ARM_exceptions_init                     - Undefined Weak Reference
    __alloca_initialize                       - Undefined Weak Reference
    __cpp_initialize__aeabi_                  - Undefined Weak Reference
    __cxa_finalize                            - Undefined Weak Reference
    __sigvec_lookup                           - Undefined Weak Reference
    _atexit_init                              - Undefined Weak Reference
    _call_atexit_fns                          - Undefined Weak Reference
    _clock_init                               - Undefined Weak Reference
    _fp_trap_init                             - Undefined Weak Reference
    _fp_trap_shutdown                         - Undefined Weak Reference
    _get_lc_collate                           - Undefined Weak Reference
    _get_lc_monetary                          - Undefined Weak Reference
    _get_lc_numeric                           - Undefined Weak Reference
    _get_lc_time                              - Undefined Weak Reference
    _getenv_init                              - Undefined Weak Reference
    _handle_redirection                       - Undefined Weak Reference
    _init_alloc                               - Undefined Weak Reference
    _init_user_alloc                          - Undefined Weak Reference
    _initio                                   - Undefined Weak Reference
    _printf_post_padding                      - Undefined Weak Reference
    _printf_pre_padding                       - Undefined Weak Reference
    _printf_truncate_signed                   - Undefined Weak Reference
    _printf_truncate_unsigned                 - Undefined Weak Reference
    _rand_init                                - Undefined Weak Reference
    _signal_finish                            - Undefined Weak Reference
    _signal_init                              - Undefined Weak Reference
    _terminate_alloc                          - Undefined Weak Reference
    _terminate_user_alloc                     - Undefined Weak Reference
    _terminateio                              - Undefined Weak Reference
    __Vectors_Size                           0x00000150   Number         0  startup_stm32f10x_cl.o ABSOLUTE
    __Vectors                                0x08000000   Data           4  startup_stm32f10x_cl.o(RESET)
    __Vectors_End                            0x08000150   Data           0  startup_stm32f10x_cl.o(RESET)
    __main                                   0x08000151   Thumb Code     8  __main.o(!!!main)
    __scatterload                            0x08000159   Thumb Code     0  __scatter.o(!!!scatter)
    __scatterload_rt2                        0x08000159   Thumb Code    44  __scatter.o(!!!scatter)
    __scatterload_rt2_thumb_only             0x08000159   Thumb Code     0  __scatter.o(!!!scatter)
    __scatterload_null                       0x08000167   Thumb Code     0  __scatter.o(!!!scatter)
    __scatterload_copy                       0x0800018d   Thumb Code    26  __scatter_copy.o(!!handler_copy)
    __scatterload_zeroinit                   0x080001a9   Thumb Code    28  __scatter_zi.o(!!handler_zi)
    _printf_d                                0x080001c5   Thumb Code     0  _printf_d.o(.ARM.Collect$$_printf_percent$$00000009)
    _printf_percent                          0x080001c5   Thumb Code     0  _printf_percent.o(.ARM.Collect$$_printf_percent$$00000000)
    _printf_percent_end                      0x080001cb   Thumb Code     0  _printf_percent_end.o(.ARM.Collect$$_printf_percent$$00000017)
    __rt_lib_init                            0x080001cf   Thumb Code     0  libinit.o(.ARM.Collect$$libinit$$00000000)
    __rt_lib_init_fp_1                       0x080001d1   Thumb Code     0  libinit2.o(.ARM.Collect$$libinit$$00000002)
    __rt_lib_init_heap_1                     0x080001d1   Thumb Code     0  libinit2.o(.ARM.Collect$$libinit$$00000008)
    __rt_lib_init_lc_common                  0x080001d1   Thumb Code     0  libinit2.o(.ARM.Collect$$libinit$$0000000D)
    __rt_lib_init_rand_1                     0x080001d1   Thumb Code     0  libinit2.o(.ARM.Collect$$libinit$$0000000C)
    __rt_lib_init_user_alloc_1               0x080001d1   Thumb Code     0  libinit2.o(.ARM.Collect$$libinit$$0000000A)
    __rt_lib_init_lc_collate_1               0x080001d7   Thumb Code     0  libinit2.o(.ARM.Collect$$libinit$$0000000F)
    __rt_lib_init_lc_ctype_2                 0x080001d7   Thumb Code     0  libinit2.o(.ARM.Collect$$libinit$$00000010)
    __rt_lib_init_alloca_1                   0x080001e3   Thumb Code     0  libinit2.o(.ARM.Collect$$libinit$$0000002C)
    __rt_lib_init_argv_1                     0x080001e3   Thumb Code     0  libinit2.o(.ARM.Collect$$libinit$$0000002A)
    __rt_lib_init_atexit_1                   0x080001e3   Thumb Code     0  libinit2.o(.ARM.Collect$$libinit$$00000019)
    __rt_lib_init_clock_1                    0x080001e3   Thumb Code     0  libinit2.o(.ARM.Collect$$libinit$$0000001F)
    __rt_lib_init_cpp_1                      0x080001e3   Thumb Code     0  libinit2.o(.ARM.Collect$$libinit$$00000030)
    __rt_lib_init_exceptions_1               0x080001e3   Thumb Code     0  libinit2.o(.ARM.Collect$$libinit$$0000002E)
    __rt_lib_init_fp_trap_1                  0x080001e3   Thumb Code     0  libinit2.o(.ARM.Collect$$libinit$$0000001D)
    __rt_lib_init_getenv_1                   0x080001e3   Thumb Code     0  libinit2.o(.ARM.Collect$$libinit$$00000021)
    __rt_lib_init_lc_ctype_1                 0x080001e3   Thumb Code     0  libinit2.o(.ARM.Collect$$libinit$$00000011)
    __rt_lib_init_lc_monetary_1              0x080001e3   Thumb Code     0  libinit2.o(.ARM.Collect$$libinit$$00000013)
    __rt_lib_init_lc_numeric_1               0x080001e3   Thumb Code     0  libinit2.o(.ARM.Collect$$libinit$$00000015)
    __rt_lib_init_lc_time_1                  0x080001e3   Thumb Code     0  libinit2.o(.ARM.Collect$$libinit$$00000017)
    __rt_lib_init_return                     0x080001e3   Thumb Code     0  libinit2.o(.ARM.Collect$$libinit$$00000031)
    __rt_lib_init_signal_1                   0x080001e3   Thumb Code     0  libinit2.o(.ARM.Collect$$libinit$$0000001B)
    __rt_lib_init_stdio_1                    0x080001e3   Thumb Code     0  libinit2.o(.ARM.Collect$$libinit$$00000023)
    __rt_lib_shutdown                        0x080001e5   Thumb Code     0  libshutdown.o(.ARM.Collect$$libshutdown$$00000000)
    __rt_lib_shutdown_fp_trap_1              0x080001e7   Thumb Code     0  libshutdown2.o(.ARM.Collect$$libshutdown$$00000006)
    __rt_lib_shutdown_heap_1                 0x080001e7   Thumb Code     0  libshutdown2.o(.ARM.Collect$$libshutdown$$0000000E)
    __rt_lib_shutdown_return                 0x080001e7   Thumb Code     0  libshutdown2.o(.ARM.Collect$$libshutdown$$0000000F)
    __rt_lib_shutdown_signal_1               0x080001e7   Thumb Code     0  libshutdown2.o(.ARM.Collect$$libshutdown$$00000009)
    __rt_lib_shutdown_stdio_1                0x080001e7   Thumb Code     0  libshutdown2.o(.ARM.Collect$$libshutdown$$00000003)
    __rt_lib_shutdown_user_alloc_1           0x080001e7   Thumb Code     0  libshutdown2.o(.ARM.Collect$$libshutdown$$0000000B)
    __rt_entry                               0x080001e9   Thumb Code     0  rtentry.o(.ARM.Collect$$rtentry$$00000000)
    __rt_entry_presh_1                       0x080001e9   Thumb Code     0  rtentry2.o(.ARM.Collect$$rtentry$$00000002)
    __rt_entry_sh                            0x080001e9   Thumb Code     0  rtentry4.o(.ARM.Collect$$rtentry$$00000004)
    __rt_entry_li                            0x080001ef   Thumb Code     0  rtentry2.o(.ARM.Collect$$rtentry$$0000000A)
    __rt_entry_postsh_1                      0x080001ef   Thumb Code     0  rtentry2.o(.ARM.Collect$$rtentry$$00000009)
    __rt_entry_main                          0x080001f3   Thumb Code     0  rtentry2.o(.ARM.Collect$$rtentry$$0000000D)
    __rt_entry_postli_1                      0x080001f3   Thumb Code     0  rtentry2.o(.ARM.Collect$$rtentry$$0000000C)
    __rt_exit                                0x080001fb   Thumb Code     0  rtexit.o(.ARM.Collect$$rtexit$$00000000)
    __rt_exit_ls                             0x080001fd   Thumb Code     0  rtexit2.o(.ARM.Collect$$rtexit$$00000003)
    __rt_exit_prels_1                        0x080001fd   Thumb Code     0  rtexit2.o(.ARM.Collect$$rtexit$$00000002)
    __rt_exit_exit                           0x08000201   Thumb Code     0  rtexit2.o(.ARM.Collect$$rtexit$$00000004)
    Reset_Handler                            0x08000209   Thumb Code     4  startup_stm32f10x_cl.o(.text)
    ADC1_2_IRQHandler                        0x0800021f   Thumb Code     0  startup_stm32f10x_cl.o(.text)
    CAN1_RX0_IRQHandler                      0x0800021f   Thumb Code     0  startup_stm32f10x_cl.o(.text)
    CAN1_RX1_IRQHandler                      0x0800021f   Thumb Code     0  startup_stm32f10x_cl.o(.text)
    CAN1_SCE_IRQHandler                      0x0800021f   Thumb Code     0  startup_stm32f10x_cl.o(.text)
    CAN1_TX_IRQHandler                       0x0800021f   Thumb Code     0  startup_stm32f10x_cl.o(.text)
    CAN2_RX1_IRQHandler                      0x0800021f   Thumb Code     0  startup_stm32f10x_cl.o(.text)
    CAN2_SCE_IRQHandler                      0x0800021f   Thumb Code     0  startup_stm32f10x_cl.o(.text)
    CAN2_TX_IRQHandler                       0x0800021f   Thumb Code     0  startup_stm32f10x_cl.o(.text)
    DMA1_Channel1_IRQHandler                 0x0800021f   Thumb Code     0  startup_stm32f10x_cl.o(.text)
    DMA1_Channel2_IRQHandler                 0x0800021f   Thumb Code     0  startup_stm32f10x_cl.o(.text)
    DMA1_Channel3_IRQHandler                 0x0800021f   Thumb Code     0  startup_stm32f10x_cl.o(.text)
    DMA1_Channel4_IRQHandler                 0x0800021f   Thumb Code     0  startup_stm32f10x_cl.o(.text)
    DMA1_Channel5_IRQHandler                 0x0800021f   Thumb Code     0  startup_stm32f10x_cl.o(.text)
    DMA1_Channel6_IRQHandler                 0x0800021f   Thumb Code     0  startup_stm32f10x_cl.o(.text)
    DMA1_Channel7_IRQHandler                 0x0800021f   Thumb Code     0  startup_stm32f10x_cl.o(.text)
    DMA2_Channel1_IRQHandler                 0x0800021f   Thumb Code     0  startup_stm32f10x_cl.o(.text)
    DMA2_Channel2_IRQHandler                 0x0800021f   Thumb Code     0  startup_stm32f10x_cl.o(.text)
    DMA2_Channel3_IRQHandler                 0x0800021f   Thumb Code     0  startup_stm32f10x_cl.o(.text)
    DMA2_Channel4_IRQHandler                 0x0800021f   Thumb Code     0  startup_stm32f10x_cl.o(.text)
    DMA2_Channel5_IRQHandler                 0x0800021f   Thumb Code     0  startup_stm32f10x_cl.o(.text)
    ETH_WKUP_IRQHandler                      0x0800021f   Thumb Code     0  startup_stm32f10x_cl.o(.text)
    EXTI0_IRQHandler                         0x0800021f   Thumb Code     0  startup_stm32f10x_cl.o(.text)
    EXTI1_IRQHandler                         0x0800021f   Thumb Code     0  startup_stm32f10x_cl.o(.text)
    EXTI2_IRQHandler                         0x0800021f   Thumb Code     0  startup_stm32f10x_cl.o(.text)
    EXTI3_IRQHandler                         0x0800021f   Thumb Code     0  startup_stm32f10x_cl.o(.text)
    EXTI4_IRQHandler                         0x0800021f   Thumb Code     0  startup_stm32f10x_cl.o(.text)
    EXTI9_5_IRQHandler                       0x0800021f   Thumb Code     0  startup_stm32f10x_cl.o(.text)
    FLASH_IRQHandler                         0x0800021f   Thumb Code     0  startup_stm32f10x_cl.o(.text)
    I2C1_ER_IRQHandler                       0x0800021f   Thumb Code     0  startup_stm32f10x_cl.o(.text)
    I2C1_EV_IRQHandler                       0x0800021f   Thumb Code     0  startup_stm32f10x_cl.o(.text)
    I2C2_ER_IRQHandler                       0x0800021f   Thumb Code     0  startup_stm32f10x_cl.o(.text)
    I2C2_EV_IRQHandler                       0x0800021f   Thumb Code     0  startup_stm32f10x_cl.o(.text)
    OTG_FS_IRQHandler                        0x0800021f   Thumb Code     0  startup_stm32f10x_cl.o(.text)
    OTG_FS_WKUP_IRQHandler                   0x0800021f   Thumb Code     0  startup_stm32f10x_cl.o(.text)
    PVD_IRQHandler                           0x0800021f   Thumb Code     0  startup_stm32f10x_cl.o(.text)
    RCC_IRQHandler                           0x0800021f   Thumb Code     0  startup_stm32f10x_cl.o(.text)
    RTCAlarm_IRQHandler                      0x0800021f   Thumb Code     0  startup_stm32f10x_cl.o(.text)
    RTC_IRQHandler                           0x0800021f   Thumb Code     0  startup_stm32f10x_cl.o(.text)
    SPI1_IRQHandler                          0x0800021f   Thumb Code     0  startup_stm32f10x_cl.o(.text)
    SPI2_IRQHandler                          0x0800021f   Thumb Code     0  startup_stm32f10x_cl.o(.text)
    SPI3_IRQHandler                          0x0800021f   Thumb Code     0  startup_stm32f10x_cl.o(.text)
    TAMPER_IRQHandler                        0x0800021f   Thumb Code     0  startup_stm32f10x_cl.o(.text)
    TIM1_BRK_IRQHandler                      0x0800021f   Thumb Code     0  startup_stm32f10x_cl.o(.text)
    TIM1_CC_IRQHandler                       0x0800021f   Thumb Code     0  startup_stm32f10x_cl.o(.text)
    TIM1_TRG_COM_IRQHandler                  0x0800021f   Thumb Code     0  startup_stm32f10x_cl.o(.text)
    TIM1_UP_IRQHandler                       0x0800021f   Thumb Code     0  startup_stm32f10x_cl.o(.text)
    TIM2_IRQHandler                          0x0800021f   Thumb Code     0  startup_stm32f10x_cl.o(.text)
    TIM3_IRQHandler                          0x0800021f   Thumb Code     0  startup_stm32f10x_cl.o(.text)
    TIM4_IRQHandler                          0x0800021f   Thumb Code     0  startup_stm32f10x_cl.o(.text)
    TIM5_IRQHandler                          0x0800021f   Thumb Code     0  startup_stm32f10x_cl.o(.text)
    TIM6_IRQHandler                          0x0800021f   Thumb Code     0  startup_stm32f10x_cl.o(.text)
    TIM7_IRQHandler                          0x0800021f   Thumb Code     0  startup_stm32f10x_cl.o(.text)
    UART4_IRQHandler                         0x0800021f   Thumb Code     0  startup_stm32f10x_cl.o(.text)
    UART5_IRQHandler                         0x0800021f   Thumb Code     0  startup_stm32f10x_cl.o(.text)
    USART1_IRQHandler                        0x0800021f   Thumb Code     0  startup_stm32f10x_cl.o(.text)
    USART2_IRQHandler                        0x0800021f   Thumb Code     0  startup_stm32f10x_cl.o(.text)
    USART3_IRQHandler                        0x0800021f   Thumb Code     0  startup_stm32f10x_cl.o(.text)
    WWDG_IRQHandler                          0x0800021f   Thumb Code     0  startup_stm32f10x_cl.o(.text)
    __user_initial_stackheap                 0x08000221   Thumb Code     0  startup_stm32f10x_cl.o(.text)
    __rt_ctype_table                         0x08000241   Thumb Code    16  rt_ctype_table.o(.text)
    __2sprintf                               0x08000251   Thumb Code    34  noretval__2sprintf.o(.text)
    __printf                                 0x08000279   Thumb Code   104  __printf.o(.text)
    _printf_int_dec                          0x080002e1   Thumb Code   102  _printf_dec.o(.text)
    strncmp                                  0x08000359   Thumb Code   150  strncmp.o(.text)
    __aeabi_memcpy                           0x080003ef   Thumb Code     0  rt_memcpy_v6.o(.text)
    __rt_memcpy                              0x080003ef   Thumb Code   138  rt_memcpy_v6.o(.text)
    _memcpy_lastbytes                        0x08000455   Thumb Code     0  rt_memcpy_v6.o(.text)
    __aeabi_memcpy4                          0x08000479   Thumb Code     0  rt_memcpy_w.o(.text)
    __aeabi_memcpy8                          0x08000479   Thumb Code     0  rt_memcpy_w.o(.text)
    __rt_memcpy_w                            0x08000479   Thumb Code   100  rt_memcpy_w.o(.text)
    _memcpy_lastbytes_aligned                0x080004c1   Thumb Code     0  rt_memcpy_w.o(.text)
    __aeabi_memclr4                          0x080004dd   Thumb Code     0  rt_memclr_w.o(.text)
    __aeabi_memclr8                          0x080004dd   Thumb Code     0  rt_memclr_w.o(.text)
    __rt_memclr_w                            0x080004dd   Thumb Code    78  rt_memclr_w.o(.text)
    _memset_w                                0x080004e1   Thumb Code     0  rt_memclr_w.o(.text)
    strcmp                                   0x0800052d   Thumb Code   128  strcmpv7m.o(.text)
    __use_two_region_memory                  0x080005ad   Thumb Code     2  heapauxi.o(.text)
    __rt_heap_escrow$2region                 0x080005af   Thumb Code     2  heapauxi.o(.text)
    __rt_heap_expand$2region                 0x080005b1   Thumb Code     2  heapauxi.o(.text)
    __rt_locale                              0x080005b5   Thumb Code     8  rt_locale_intlibspace.o(.text)
    _printf_int_common                       0x080005bd   Thumb Code   184  _printf_intcommon.o(.text)
    _printf_char_common                      0x0800067f   Thumb Code    32  _printf_char_common.o(.text)
    _sputc                                   0x080006a5   Thumb Code    10  _sputc.o(.text)
    __user_libspace                          0x080006b1   Thumb Code     8  libspace.o(.text)
    __user_perproc_libspace                  0x080006b1   Thumb Code     0  libspace.o(.text)
    __user_perthread_libspace                0x080006b1   Thumb Code     0  libspace.o(.text)
    __user_setup_stackheap                   0x080006b9   Thumb Code    74  sys_stackheap_outer.o(.text)
    exit                                     0x08000703   Thumb Code    12  exit.o(.text)
    _sys_exit                                0x08000711   Thumb Code     8  sys_exit.o(.text)
    __I$use$semihosting                      0x0800071d   Thumb Code     0  use_no_semi.o(.text)
    __use_no_semihosting_swi                 0x0800071d   Thumb Code     2  use_no_semi.o(.text)
    ADC_Cmd                                  0x0800071f   Thumb Code    20  stm32f10x_adc.o(i.ADC_Cmd)
    __semihosting_library_function           0x0800071f   Thumb Code     0  indicate_semi.o(.text)
    ADC_Configuration                        0x08000735   Thumb Code    72  stm32f107.o(i.ADC_Configuration)
    ADC_Init                                 0x08000781   Thumb Code    62  stm32f10x_adc.o(i.ADC_Init)
    ADC_RegularChannelConfig                 0x080007c9   Thumb Code   116  stm32f10x_adc.o(i.ADC_RegularChannelConfig)
    ADC_SoftwareStartConvCmd                 0x0800083d   Thumb Code    20  stm32f10x_adc.o(i.ADC_SoftwareStartConvCmd)
    BusFault_Handler                         0x08000851   Thumb Code     2  stm32f10x_it.o(i.BusFault_Handler)
    CAN2_RX0_IRQHandler                      0x08000855   Thumb Code    76  stm32f10x_it.o(i.CAN2_RX0_IRQHandler)
    CAN_Config                               0x080008b1   Thumb Code   216  phil_can.o(i.CAN_Config)
    CAN_DeInit                               0x08000999   Thumb Code    38  stm32f10x_can.o(i.CAN_DeInit)
    CAN_FIFORelease                          0x080009c5   Thumb Code    12  stm32f10x_can.o(i.CAN_FIFORelease)
    CAN_FilterInit                           0x080009d1   Thumb Code   190  stm32f10x_can.o(i.CAN_FilterInit)
    CAN_ITConfig                             0x08000a95   Thumb Code    16  stm32f10x_can.o(i.CAN_ITConfig)
    CAN_Init                                 0x08000aa5   Thumb Code   232  stm32f10x_can.o(i.CAN_Init)
    CAN_NVIC_Config                          0x08000b8d   Thumb Code    40  phil_can.o(i.CAN_NVIC_Config)
    CAN_Receive                              0x08000bb5   Thumb Code   108  stm32f10x_can.o(i.CAN_Receive)
    CAN_StructInit                           0x08000c21   Thumb Code    32  stm32f10x_can.o(i.CAN_StructInit)
    CAN_Transmit                             0x08000c41   Thumb Code   152  stm32f10x_can.o(i.CAN_Transmit)
    DebugMon_Handler                         0x08000cd9   Thumb Code     2  stm32f10x_it.o(i.DebugMon_Handler)
    Delay                                    0x08000cdd   Thumb Code    16  main.o(i.Delay)
    Display_Periodic_Handle                  0x08000cf1   Thumb Code   112  netconf.o(i.Display_Periodic_Handle)
    ETH_DMAClearITPendingBit                 0x08000d99   Thumb Code     6  stm32_eth.o(i.ETH_DMAClearITPendingBit)
    ETH_DMAITConfig                          0x08000da5   Thumb Code    18  stm32_eth.o(i.ETH_DMAITConfig)
    ETH_DMAReceptionCmd                      0x08000dbd   Thumb Code    22  stm32_eth.o(i.ETH_DMAReceptionCmd)
    ETH_DMARxDescChainInit                   0x08000dd9   Thumb Code    68  stm32_eth.o(i.ETH_DMARxDescChainInit)
    ETH_DMARxDescReceiveITConfig             0x08000e25   Thumb Code    18  stm32_eth.o(i.ETH_DMARxDescReceiveITConfig)
    ETH_DMATransmissionCmd                   0x08000e39   Thumb Code    22  stm32_eth.o(i.ETH_DMATransmissionCmd)
    ETH_DMATxDescChainInit                   0x08000e55   Thumb Code    62  stm32_eth.o(i.ETH_DMATxDescChainInit)
    ETH_DMATxDescChecksumInsertionConfig     0x08000e9d   Thumb Code     8  stm32_eth.o(i.ETH_DMATxDescChecksumInsertionConfig)
    ETH_DeInit                               0x08000ea5   Thumb Code    24  stm32_eth.o(i.ETH_DeInit)
    ETH_FlushTransmitFIFO                    0x08000ed1   Thumb Code    12  stm32_eth.o(i.ETH_FlushTransmitFIFO)
    ETH_GetCurrentTxBuffer                   0x08000ee1   Thumb Code     8  ethernetif.o(i.ETH_GetCurrentTxBuffer)
    ETH_GetDMARxDescFrameLength              0x08000eed   Thumb Code     8  stm32_eth.o(i.ETH_GetDMARxDescFrameLength)
    ETH_GetRxPktSize                         0x08000ef5   Thumb Code    30  stm32_eth.o(i.ETH_GetRxPktSize)
    ETH_GetSoftwareResetStatus               0x08000f19   Thumb Code    14  stm32_eth.o(i.ETH_GetSoftwareResetStatus)
    ETH_IRQHandler                           0x08000f2d   Thumb Code    34  stm32f10x_it.o(i.ETH_IRQHandler)
    ETH_Init                                 0x08000f51   Thumb Code   482  stm32_eth.o(i.ETH_Init)
    ETH_MACAddressConfig                     0x0800115d   Thumb Code    22  stm32_eth.o(i.ETH_MACAddressConfig)
    ETH_MACReceptionCmd                      0x08001179   Thumb Code    22  stm32_eth.o(i.ETH_MACReceptionCmd)
    ETH_MACTransmissionCmd                   0x08001195   Thumb Code    22  stm32_eth.o(i.ETH_MACTransmissionCmd)
    ETH_ReadPHYRegister                      0x080011b1   Thumb Code    80  stm32_eth.o(i.ETH_ReadPHYRegister)
    ETH_RxPkt_ChainMode                      0x08001209   Thumb Code    72  ethernetif.o(i.ETH_RxPkt_ChainMode)
    ETH_SoftwareReset                        0x08001259   Thumb Code    12  stm32_eth.o(i.ETH_SoftwareReset)
    ETH_Start                                0x08001269   Thumb Code    34  stm32_eth.o(i.ETH_Start)
    ETH_StructInit                           0x0800128b   Thumb Code   124  stm32_eth.o(i.ETH_StructInit)
    ETH_TxPkt_ChainMode                      0x08001309   Thumb Code    50  ethernetif.o(i.ETH_TxPkt_ChainMode)
    ETH_WritePHYRegister                     0x08001345   Thumb Code    76  stm32_eth.o(i.ETH_WritePHYRegister)
    EXTI15_10_IRQHandler                     0x08001399   Thumb Code   218  stm32f10x_it.o(i.EXTI15_10_IRQHandler)
    EXTI_ClearITPendingBit                   0x080014d9   Thumb Code     6  stm32f10x_exti.o(i.EXTI_ClearITPendingBit)
    EXTI_GetITStatus                         0x080014e5   Thumb Code    28  stm32f10x_exti.o(i.EXTI_GetITStatus)
    Ethernet_Configuration                   0x08001505   Thumb Code    82  stm32f107.o(i.Ethernet_Configuration)
    GPIO_Configuration                       0x0800155d   Thumb Code   114  stm32f107.o(i.GPIO_Configuration)
    GPIO_ETH_MediaInterfaceConfig            0x080015dd   Thumb Code     6  stm32f10x_gpio.o(i.GPIO_ETH_MediaInterfaceConfig)
    GPIO_Init                                0x080015e9   Thumb Code   152  stm32f10x_gpio.o(i.GPIO_Init)
    GPIO_PinRemapConfig                      0x08001681   Thumb Code    66  stm32f10x_gpio.o(i.GPIO_PinRemapConfig)
    GPIO_SetBits                             0x080016c9   Thumb Code     4  stm32f10x_gpio.o(i.GPIO_SetBits)
    GPIO_WriteBit                            0x080016cd   Thumb Code    10  stm32f10x_gpio.o(i.GPIO_WriteBit)
    HardFault_Handler                        0x080016d7   Thumb Code     2  stm32f10x_it.o(i.HardFault_Handler)
    I2C_AcknowledgeConfig                    0x080016d9   Thumb Code    20  stm32f10x_i2c.o(i.I2C_AcknowledgeConfig)
    I2C_CheckEvent                           0x080016ed   Thumb Code    24  stm32f10x_i2c.o(i.I2C_CheckEvent)
    I2C_Cmd                                  0x08001705   Thumb Code    20  stm32f10x_i2c.o(i.I2C_Cmd)
    I2C_GenerateSTART                        0x08001719   Thumb Code    20  stm32f10x_i2c.o(i.I2C_GenerateSTART)
    I2C_GenerateSTOP                         0x0800172d   Thumb Code    20  stm32f10x_i2c.o(i.I2C_GenerateSTOP)
    I2C_Init                                 0x08001741   Thumb Code   176  stm32f10x_i2c.o(i.I2C_Init)
    I2C_ReadDataBuffer                       0x080017f9   Thumb Code   322  stm3210c_eval_ioe.o(i.I2C_ReadDataBuffer)
    I2C_ReadDeviceRegister                   0x0800194d   Thumb Code   290  stm3210c_eval_ioe.o(i.I2C_ReadDeviceRegister)
    I2C_ReceiveData                          0x08001a81   Thumb Code     6  stm32f10x_i2c.o(i.I2C_ReceiveData)
    I2C_Send7bitAddress                      0x08001a87   Thumb Code    16  stm32f10x_i2c.o(i.I2C_Send7bitAddress)
    I2C_SendData                             0x08001a97   Thumb Code     4  stm32f10x_i2c.o(i.I2C_SendData)
    I2C_SoftwareResetCmd                     0x08001a9b   Thumb Code    20  stm32f10x_i2c.o(i.I2C_SoftwareResetCmd)
    I2C_WriteDeviceRegister                  0x08001ab1   Thumb Code   212  stm3210c_eval_ioe.o(i.I2C_WriteDeviceRegister)
    IOE_ClearGITPending                      0x08001b95   Thumb Code    14  stm3210c_eval_ioe.o(i.IOE_ClearGITPending)
    IOE_GetGITStatus                         0x08001ba3   Thumb Code    32  stm3210c_eval_ioe.o(i.IOE_GetGITStatus)
    IOE_TS_GetState                          0x08001bfd   Thumb Code   172  stm3210c_eval_ioe.o(i.IOE_TS_GetState)
    LCD_Clear                                0x08001cad   Thumb Code    50  stm3210c_eval_lcd.o(i.LCD_Clear)
    LCD_CtrlLinesWrite                       0x08001ce5   Thumb Code     4  stm3210c_eval_lcd.o(i.LCD_CtrlLinesWrite)
    LCD_DisplayChar                          0x08001ce9   Thumb Code    18  stm3210c_eval_lcd.o(i.LCD_DisplayChar)
    LCD_DisplayStringLine                    0x08001d01   Thumb Code    46  stm3210c_eval_lcd.o(i.LCD_DisplayStringLine)
    LCD_DrawChar                             0x08001d31   Thumb Code    92  stm3210c_eval_lcd.o(i.LCD_DrawChar)
    LCD_SetBackColor                         0x08001d95   Thumb Code    12  stm3210c_eval_lcd.o(i.LCD_SetBackColor)
    LCD_SetCursor                            0x08001da5   Thumb Code    24  stm3210c_eval_lcd.o(i.LCD_SetCursor)
    LCD_SetTextColor                         0x08001dbd   Thumb Code    12  stm3210c_eval_lcd.o(i.LCD_SetTextColor)
    LCD_WriteRAM                             0x08001dcd   Thumb Code    48  stm3210c_eval_lcd.o(i.LCD_WriteRAM)
    LCD_WriteRAM_Prepare                     0x08001e01   Thumb Code    18  stm3210c_eval_lcd.o(i.LCD_WriteRAM_Prepare)
    LCD_WriteReg                             0x08001e15   Thumb Code    70  stm3210c_eval_lcd.o(i.LCD_WriteReg)
    LCD_WriteRegIndex                        0x08001e65   Thumb Code    66  stm3210c_eval_lcd.o(i.LCD_WriteRegIndex)
    LCD_nCS_StartByte                        0x08001eb1   Thumb Code    38  stm3210c_eval_lcd.o(i.LCD_nCS_StartByte)
    LwIP_Init                                0x08001ee1   Thumb Code    94  netconf.o(i.LwIP_Init)
    LwIP_Periodic_Handle                     0x08001f59   Thumb Code    48  netconf.o(i.LwIP_Periodic_Handle)
    LwIP_Pkt_Handle                          0x08001f8d   Thumb Code     6  netconf.o(i.LwIP_Pkt_Handle)
    MemManage_Handler                        0x08001f99   Thumb Code     2  stm32f10x_it.o(i.MemManage_Handler)
    NMI_Handler                              0x08001f9b   Thumb Code     2  stm32f10x_it.o(i.NMI_Handler)
    NVIC_Configuration                       0x08001f9d   Thumb Code    52  stm32f107.o(i.NVIC_Configuration)
    NVIC_Init                                0x08001fd1   Thumb Code    90  misc.o(i.NVIC_Init)
    NVIC_PriorityGroupConfig                 0x08002035   Thumb Code    10  misc.o(i.NVIC_PriorityGroupConfig)
    NVIC_SetVectorTable                      0x08002069   Thumb Code    12  misc.o(i.NVIC_SetVectorTable)
    PendSV_Handler                           0x0800207d   Thumb Code     2  stm32f10x_it.o(i.PendSV_Handler)
    PhilCANSend                              0x08002081   Thumb Code    38  phil_can.o(i.PhilCANSend)
    RCC_AHBPeriphClockCmd                    0x080020b1   Thumb Code    18  stm32f10x_rcc.o(i.RCC_AHBPeriphClockCmd)
    RCC_AHBPeriphResetCmd                    0x080020c9   Thumb Code    18  stm32f10x_rcc.o(i.RCC_AHBPeriphResetCmd)
    RCC_APB1PeriphClockCmd                   0x080020e1   Thumb Code    18  stm32f10x_rcc.o(i.RCC_APB1PeriphClockCmd)
    RCC_APB1PeriphResetCmd                   0x080020f9   Thumb Code    18  stm32f10x_rcc.o(i.RCC_APB1PeriphResetCmd)
    RCC_APB2PeriphClockCmd                   0x08002111   Thumb Code    18  stm32f10x_rcc.o(i.RCC_APB2PeriphClockCmd)
    RCC_GetClocksFreq                        0x08002129   Thumb Code   180  stm32f10x_rcc.o(i.RCC_GetClocksFreq)
    RS_Init                                  0x080021f1   Thumb Code   136  main.o(i.RS_Init)
    SPI_I2S_GetFlagStatus                    0x08002281   Thumb Code    14  stm32f10x_spi.o(i.SPI_I2S_GetFlagStatus)
    SPI_I2S_SendData                         0x0800228f   Thumb Code     4  stm32f10x_spi.o(i.SPI_I2S_SendData)
    STM_EVAL_LEDOff                          0x08002295   Thumb Code    16  stm32_eval.o(i.STM_EVAL_LEDOff)
    STM_EVAL_LEDOn                           0x080022ad   Thumb Code    16  stm32_eval.o(i.STM_EVAL_LEDOn)
    STM_EVAL_LEDToggle                       0x080022c5   Thumb Code    20  stm32_eval.o(i.STM_EVAL_LEDToggle)
    SVC_Handler                              0x080022e1   Thumb Code     2  stm32f10x_it.o(i.SVC_Handler)
    SendCoordinateCommandReceived            0x080022e5   Thumb Code    20  phil_aux.o(i.SendCoordinateCommandReceived)
    SerialPutChar                            0x08002309   Thumb Code    24  main.o(i.SerialPutChar)
    SerialPutString                          0x08002325   Thumb Code    42  main.o(i.SerialPutString)
    Set_MAC_Address                          0x08002421   Thumb Code    34  ethernetif.o(i.Set_MAC_Address)
    SysTick_Handler                          0x08002449   Thumb Code     4  stm32f10x_it.o(i.SysTick_Handler)
    SystemInit                               0x0800244d   Thumb Code    64  system_stm32f10x.o(i.SystemInit)
    System_Periodic_Handle                   0x08002499   Thumb Code    20  main.o(i.System_Periodic_Handle)
    System_Setup                             0x080024b1   Thumb Code   176  stm32f107.o(i.System_Setup)
    Time_Update                              0x080025c1   Thumb Code    10  main.o(i.Time_Update)
    USART_Cmd                                0x080025d1   Thumb Code    20  stm32f10x_usart.o(i.USART_Cmd)
    USART_GetFlagStatus                      0x080025e5   Thumb Code    14  stm32f10x_usart.o(i.USART_GetFlagStatus)
    USART_Init                               0x080025f5   Thumb Code   134  stm32f10x_usart.o(i.USART_Init)
    USART_SendData                           0x08002681   Thumb Code     8  stm32f10x_usart.o(i.USART_SendData)
    UsageFault_Handler                       0x08002689   Thumb Code     2  stm32f10x_it.o(i.UsageFault_Handler)
    WhatToDo                                 0x0800268d   Thumb Code   362  phil_aux.o(i.WhatToDo)
    etharp_arp_input                         0x08002851   Thumb Code   202  etharp.o(i.etharp_arp_input)
    etharp_ip_input                          0x0800291b   Thumb Code    40  etharp.o(i.etharp_ip_input)
    etharp_output                            0x08002945   Thumb Code   178  etharp.o(i.etharp_output)
    etharp_query                             0x080029fd   Thumb Code   256  etharp.o(i.etharp_query)
    etharp_request                           0x08002ba1   Thumb Code    32  etharp.o(i.etharp_request)
    etharp_tmr                               0x08002bfd   Thumb Code    78  etharp.o(i.etharp_tmr)
    ethernet_input                           0x08002c51   Thumb Code    84  etharp.o(i.ethernet_input)
    ethernetif_init                          0x08002ca5   Thumb Code    56  ethernetif.o(i.ethernetif_init)
    ethernetif_input                         0x08002ce5   Thumb Code   116  ethernetif.o(i.ethernetif_input)
    htonl                                    0x08002eb7   Thumb Code     4  inet.o(i.htonl)
    htons                                    0x08002ebb   Thumb Code     4  inet.o(i.htons)
    httpd_init                               0x08002fad   Thumb Code    34  httpd.o(i.httpd_init)
    icmp_dest_unreach                        0x08002fd9   Thumb Code     8  icmp.o(i.icmp_dest_unreach)
    icmp_input                               0x08002fe1   Thumb Code   276  icmp.o(i.icmp_input)
    icmp_time_exceeded                       0x0800315b   Thumb Code     8  icmp.o(i.icmp_time_exceeded)
    inet_chksum                              0x08003163   Thumb Code    12  inet_chksum.o(i.inet_chksum)
    inet_chksum_pbuf                         0x0800316f   Thumb Code    72  inet_chksum.o(i.inet_chksum_pbuf)
    ip_addr_isbroadcast                      0x080031b7   Thumb Code    48  ip_addr.o(i.ip_addr_isbroadcast)
    ip_frag                                  0x080031e9   Thumb Code   298  ip_frag.o(i.ip_frag)
    ip_input                                 0x08003319   Thumb Code   348  ip.o(i.ip_input)
    ip_output                                0x0800347d   Thumb Code    52  ip.o(i.ip_output)
    ip_output_if                             0x080034b1   Thumb Code   200  ip.o(i.ip_output_if)
    ip_reass                                 0x0800357d   Thumb Code   428  ip_frag.o(i.ip_reass)
    ip_route                                 0x08003925   Thumb Code    62  ip.o(i.ip_route)
    main                                     0x08003a5d   Thumb Code    84  main.o(i.main)
    mem_free                                 0x08003ad1   Thumb Code    38  mem.o(i.mem_free)
    mem_init                                 0x08003afd   Thumb Code    44  mem.o(i.mem_init)
    mem_malloc                               0x08003b31   Thumb Code   162  mem.o(i.mem_malloc)
    mem_realloc                              0x08003bd9   Thumb Code   190  mem.o(i.mem_realloc)
    memp_free                                0x08003c9d   Thumb Code    18  memp.o(i.memp_free)
    memp_init                                0x08003cb5   Thumb Code    78  memp.o(i.memp_init)
    memp_malloc                              0x08003d0d   Thumb Code    28  memp.o(i.memp_malloc)
    netif_add                                0x08003d2d   Thumb Code    66  netif.o(i.netif_add)
    netif_is_up                              0x08003d75   Thumb Code    10  netif.o(i.netif_is_up)
    netif_set_addr                           0x08003d7f   Thumb Code    32  netif.o(i.netif_set_addr)
    netif_set_default                        0x08003da1   Thumb Code     6  netif.o(i.netif_set_default)
    netif_set_gw                             0x08003dad   Thumb Code     8  netif.o(i.netif_set_gw)
    netif_set_ipaddr                         0x08003db5   Thumb Code    96  netif.o(i.netif_set_ipaddr)
    netif_set_netmask                        0x08003e1d   Thumb Code     8  netif.o(i.netif_set_netmask)
    netif_set_up                             0x08003e25   Thumb Code    28  netif.o(i.netif_set_up)
    ntohl                                    0x08003e41   Thumb Code     4  inet.o(i.ntohl)
    ntohs                                    0x08003e45   Thumb Code     4  inet.o(i.ntohs)
    pbuf_alloc                               0x08003e49   Thumb Code   268  pbuf.o(i.pbuf_alloc)
    pbuf_cat                                 0x08003f55   Thumb Code    40  pbuf.o(i.pbuf_cat)
    pbuf_chain                               0x08003f7d   Thumb Code    18  pbuf.o(i.pbuf_chain)
    pbuf_clen                                0x08003f8f   Thumb Code    18  pbuf.o(i.pbuf_clen)
    pbuf_copy                                0x08003fa1   Thumb Code   144  pbuf.o(i.pbuf_copy)
    pbuf_copy_partial                        0x08004031   Thumb Code   104  pbuf.o(i.pbuf_copy_partial)
    pbuf_free                                0x08004099   Thumb Code    68  pbuf.o(i.pbuf_free)
    pbuf_header                              0x080040dd   Thumb Code    96  pbuf.o(i.pbuf_header)
    pbuf_realloc                             0x0800413d   Thumb Code    78  pbuf.o(i.pbuf_realloc)
    pbuf_ref                                 0x0800418b   Thumb Code    12  pbuf.o(i.pbuf_ref)
    raw_input                                0x080041ed   Thumb Code   100  raw.o(i.raw_input)
    tcp_abandon                              0x08004281   Thumb Code   142  tcp.o(i.tcp_abandon)
    tcp_accept                               0x08004315   Thumb Code     4  tcp.o(i.tcp_accept)
    tcp_alloc                                0x08004321   Thumb Code   230  tcp.o(i.tcp_alloc)
    tcp_arg                                  0x08004415   Thumb Code     4  tcp.o(i.tcp_arg)
    tcp_bind                                 0x08004419   Thumb Code   182  tcp.o(i.tcp_bind)
    tcp_close                                0x080044d5   Thumb Code   156  tcp.o(i.tcp_close)
    tcp_eff_send_mss                         0x08004575   Thumb Code    32  tcp.o(i.tcp_eff_send_mss)
    tcp_enqueue                              0x08004595   Thumb Code   752  tcp_out.o(i.tcp_enqueue)
    tcp_err                                  0x08004885   Thumb Code     6  tcp.o(i.tcp_err)
    tcp_fasttmr                              0x0800488d   Thumb Code    84  tcp.o(i.tcp_fasttmr)
    tcp_input                                0x080048e5   Thumb Code   776  tcp_in.o(i.tcp_input)
    tcp_keepalive                            0x08004c01   Thumb Code    70  tcp_out.o(i.tcp_keepalive)
    tcp_led_control                          0x08004c49   Thumb Code    28  client.o(i.tcp_led_control)
    tcp_listen_with_backlog                  0x08004d51   Thumb Code   122  tcp.o(i.tcp_listen_with_backlog)
    tcp_new                                  0x08004dd5   Thumb Code     6  tcp.o(i.tcp_new)
    tcp_next_iss                             0x08004e3d   Thumb Code    12  tcp.o(i.tcp_next_iss)
    tcp_output                               0x08004e4d   Thumb Code   532  tcp_out.o(i.tcp_output)
    tcp_pcb_purge                            0x08005211   Thumb Code    48  tcp.o(i.tcp_pcb_purge)
    tcp_pcb_remove                           0x08005241   Thumb Code    90  tcp.o(i.tcp_pcb_remove)
    tcp_poll                                 0x080052a1   Thumb Code    10  tcp.o(i.tcp_poll)
    tcp_recv                                 0x08005a65   Thumb Code     6  tcp.o(i.tcp_recv)
    tcp_recved                               0x08005a87   Thumb Code    60  tcp.o(i.tcp_recved)
    tcp_rexmit                               0x08005ac3   Thumb Code    84  tcp_out.o(i.tcp_rexmit)
    tcp_rexmit_rto                           0x08005b17   Thumb Code    46  tcp_out.o(i.tcp_rexmit_rto)
    tcp_rst                                  0x08005b45   Thumb Code   152  tcp_out.o(i.tcp_rst)
    tcp_seg_free                             0x08005bdd   Thumb Code    32  tcp.o(i.tcp_seg_free)
    tcp_segs_free                            0x08005bfd   Thumb Code    26  tcp.o(i.tcp_segs_free)
    tcp_send_ctrl                            0x08005c17   Thumb Code    22  tcp_out.o(i.tcp_send_ctrl)
    tcp_slowtmr                              0x08005c2d   Thumb Code   512  tcp.o(i.tcp_slowtmr)
    tcp_tmr                                  0x08005e3d   Thumb Code    28  tcp.o(i.tcp_tmr)
    tcp_update_rcv_ann_wnd                   0x08005e5d   Thumb Code    44  tcp.o(i.tcp_update_rcv_ann_wnd)
    tcp_write                                0x08005e89   Thumb Code    46  tcp_out.o(i.tcp_write)
    tcp_zero_window_probe                    0x08005eb7   Thumb Code    82  tcp_out.o(i.tcp_zero_window_probe)
    udp_input                                0x08005f09   Thumb Code   312  udp.o(i.udp_input)
    _get_lc_ctype                            0x080060ed   Thumb Code    44  lc_ctype_c.o(locale$$code)
    COM_TX_PIN                               0x08006118   Data           2  stm32_eval.o(.constdata)
    COM_RX_PIN                               0x0800611a   Data           2  stm32_eval.o(.constdata)
    COM_USART_CLK                            0x0800611c   Data           4  stm32_eval.o(.constdata)
    COM_POR_CLK                              0x08006120   Data           4  stm32_eval.o(.constdata)
    BUTTON_PIN                               0x08006124   Data           6  stm32_eval.o(.constdata)
    BUTTON_EXTI_LINE                         0x0800612a   Data           6  stm32_eval.o(.constdata)
    BUTTON_PORT_SOURCE                       0x08006130   Data           6  stm32_eval.o(.constdata)
    BUTTON_PIN_SOURCE                        0x08006136   Data           6  stm32_eval.o(.constdata)
    BUTTON_IRQn                              0x0800613c   Data           6  stm32_eval.o(.constdata)
    GPIO_PIN                                 0x08006142   Data           8  stm32_eval.o(.constdata)
    GPIO_CLK                                 0x0800614c   Data          16  stm32_eval.o(.constdata)
    BUTTON_CLK                               0x0800615c   Data          12  stm32_eval.o(.constdata)
    ASCII_Table                              0x08006168   Data        4560  stm3210c_eval_lcd.o(.constdata)
    tcp_persist_backoff                      0x08007338   Data           7  tcp.o(.constdata)
    tcp_backoff                              0x0800733f   Data          13  tcp.o(.constdata)
    ip_addr_any                              0x08007370   Data           4  ip_addr.o(.constdata)
    ethbroadcast                             0x08007374   Data           6  etharp.o(.constdata)
    ethzero                                  0x0800737a   Data           6  etharp.o(.constdata)
    Region$$Table$$Base                      0x08007380   Number         0  anon$$obj.o(Region$$Table)
    Region$$Table$$Limit                     0x080073a0   Number         0  anon$$obj.o(Region$$Table)
    __ctype                                  0x080073ad   Data           0  lc_ctype_c.o(locale$$data)
    LocalTime                                0x20000000   Data           4  main.o(.data)
    timingdelay                              0x20000004   Data           4  main.o(.data)
    TCPTimer                                 0x20000008   Data           4  netconf.o(.data)
    ARPTimer                                 0x2000000c   Data           4  netconf.o(.data)
    DisplayTimer                             0x20000014   Data           4  netconf.o(.data)
    dataFromSlaveBoardReceived               0x20000018   Data           1  httpd.o(.data)
    dataFromSlaveBoard                       0x20000019   Data          18  httpd.o(.data)
    DMATxDescToSet                           0x20000048   Data           4  stm32_eth.o(.data)
    DMARxDescToGet                           0x2000004c   Data           4  stm32_eth.o(.data)
    DMAPTPTxDescToSet                        0x20000050   Data           4  stm32_eth.o(.data)
    DMAPTPRxDescToGet                        0x20000054   Data           4  stm32_eth.o(.data)
    TimeOut                                  0x20000058   Data           4  stm3210c_eval_ioe.o(.data)
    TS_State                                 0x20000068   Data           8  stm3210c_eval_ioe.o(.data)
    COM_USART                                0x20000070   Data           4  stm32_eval.o(.data)
    COM_PORT                                 0x20000074   Data           4  stm32_eval.o(.data)
    GPIO_PORT                                0x20000078   Data          16  stm32_eval.o(.data)
    BUTTON_PORT                              0x20000088   Data          12  stm32_eval.o(.data)
    MACaddr                                  0x20000098   Data           6  ethernetif.o(.data)
    tcp_ticks                                0x200000a8   Data           4  tcp.o(.data)
    tcp_bound_pcbs                           0x200000ac   Data           4  tcp.o(.data)
    tcp_listen_pcbs                          0x200000b0   Data           4  tcp.o(.data)
    tcp_active_pcbs                          0x200000b4   Data           4  tcp.o(.data)
    tcp_tw_pcbs                              0x200000b8   Data           4  tcp.o(.data)
    tcp_tmp_pcb                              0x200000bc   Data           4  tcp.o(.data)
    tcp_input_pcb                            0x200000d8   Data           4  tcp_in.o(.data)
    udp_pcbs                                 0x200000dc   Data           4  udp.o(.data)
    netif_list                               0x200000f4   Data           4  netif.o(.data)
    netif_default                            0x200000f8   Data           4  netif.o(.data)
    netif                                    0x20000118   Data          48  netconf.o(.bss)
    Phil_CAN_InitStructure                   0x20000148   Data          12  phil_can.o(.bss)
    Phil_CAN_FilterInitStructure             0x20000154   Data          14  phil_can.o(.bss)
    Phil_TxMessage                           0x20000164   Data          20  phil_can.o(.bss)
    RxMessage                                0x20000178   Data          20  stm32f10x_it.o(.bss)
    DMARxDscrTab                             0x2000018c   Data          64  ethernetif.o(.bss)
    DMATxDscrTab                             0x200001cc   Data          32  ethernetif.o(.bss)
    Rx_Buff                                  0x200001ec   Data        6080  ethernetif.o(.bss)
    Tx_Buff                                  0x200019ac   Data        3040  ethernetif.o(.bss)
    __libspace_start                         0x2000c30c   Data          96  libspace.o(.bss)
    __temporary_stack_top$libspace           0x2000c36c   Data           0  libspace.o(.bss)



==============================================================================

Memory Map of the image

  Image Entry point : 0x08000151

  Load Region LR_IROM1 (Base: 0x08000000, Size: 0x000075c8, Max: 0x00040000, ABSOLUTE)

    Execution Region ER_IROM1 (Base: 0x08000000, Size: 0x000074b0, Max: 0x00040000, ABSOLUTE)

    Base Addr    Size         Type   Attr      Idx    E Section Name        Object

    0x08000000   0x00000150   Data   RO         5893    RESET               startup_stm32f10x_cl.o
    0x08000150   0x00000008   Code   RO         5944  * !!!main             c_w.l(__main.o)
    0x08000158   0x00000034   Code   RO         6115    !!!scatter          c_w.l(__scatter.o)
    0x0800018c   0x0000001a   Code   RO         6117    !!handler_copy      c_w.l(__scatter_copy.o)
    0x080001a6   0x00000002   PAD
    0x080001a8   0x0000001c   Code   RO         6119    !!handler_zi        c_w.l(__scatter_zi.o)
    0x080001c4   0x00000000   Code   RO         5929    .ARM.Collect$$_printf_percent$$00000000  c_w.l(_printf_percent.o)
    0x080001c4   0x00000006   Code   RO         5928    .ARM.Collect$$_printf_percent$$00000009  c_w.l(_printf_d.o)
    0x080001ca   0x00000004   Code   RO         5958    .ARM.Collect$$_printf_percent$$00000017  c_w.l(_printf_percent_end.o)
    0x080001ce   0x00000002   Code   RO         6036    .ARM.Collect$$libinit$$00000000  c_w.l(libinit.o)
    0x080001d0   0x00000000   Code   RO         5983    .ARM.Collect$$libinit$$00000002  c_w.l(libinit2.o)
    0x080001d0   0x00000000   Code   RO         5986    .ARM.Collect$$libinit$$00000008  c_w.l(libinit2.o)
    0x080001d0   0x00000000   Code   RO         5988    .ARM.Collect$$libinit$$0000000A  c_w.l(libinit2.o)
    0x080001d0   0x00000000   Code   RO         5990    .ARM.Collect$$libinit$$0000000C  c_w.l(libinit2.o)
    0x080001d0   0x00000006   Code   RO         5991    .ARM.Collect$$libinit$$0000000D  c_w.l(libinit2.o)
    0x080001d6   0x00000000   Code   RO         5993    .ARM.Collect$$libinit$$0000000F  c_w.l(libinit2.o)
    0x080001d6   0x0000000c   Code   RO         5994    .ARM.Collect$$libinit$$00000010  c_w.l(libinit2.o)
    0x080001e2   0x00000000   Code   RO         5995    .ARM.Collect$$libinit$$00000011  c_w.l(libinit2.o)
    0x080001e2   0x00000000   Code   RO         5997    .ARM.Collect$$libinit$$00000013  c_w.l(libinit2.o)
    0x080001e2   0x00000000   Code   RO         5999    .ARM.Collect$$libinit$$00000015  c_w.l(libinit2.o)
    0x080001e2   0x00000000   Code   RO         6001    .ARM.Collect$$libinit$$00000017  c_w.l(libinit2.o)
    0x080001e2   0x00000000   Code   RO         6003    .ARM.Collect$$libinit$$00000019  c_w.l(libinit2.o)
    0x080001e2   0x00000000   Code   RO         6005    .ARM.Collect$$libinit$$0000001B  c_w.l(libinit2.o)
    0x080001e2   0x00000000   Code   RO         6007    .ARM.Collect$$libinit$$0000001D  c_w.l(libinit2.o)
    0x080001e2   0x00000000   Code   RO         6009    .ARM.Collect$$libinit$$0000001F  c_w.l(libinit2.o)
    0x080001e2   0x00000000   Code   RO         6011    .ARM.Collect$$libinit$$00000021  c_w.l(libinit2.o)
    0x080001e2   0x00000000   Code   RO         6013    .ARM.Collect$$libinit$$00000023  c_w.l(libinit2.o)
    0x080001e2   0x00000000   Code   RO         6017    .ARM.Collect$$libinit$$0000002A  c_w.l(libinit2.o)
    0x080001e2   0x00000000   Code   RO         6019    .ARM.Collect$$libinit$$0000002C  c_w.l(libinit2.o)
    0x080001e2   0x00000000   Code   RO         6021    .ARM.Collect$$libinit$$0000002E  c_w.l(libinit2.o)
    0x080001e2   0x00000000   Code   RO         6023    .ARM.Collect$$libinit$$00000030  c_w.l(libinit2.o)
    0x080001e2   0x00000002   Code   RO         6024    .ARM.Collect$$libinit$$00000031  c_w.l(libinit2.o)
    0x080001e4   0x00000002   Code   RO         6073    .ARM.Collect$$libshutdown$$00000000  c_w.l(libshutdown.o)
    0x080001e6   0x00000000   Code   RO         6080    .ARM.Collect$$libshutdown$$00000003  c_w.l(libshutdown2.o)
    0x080001e6   0x00000000   Code   RO         6083    .ARM.Collect$$libshutdown$$00000006  c_w.l(libshutdown2.o)
    0x080001e6   0x00000000   Code   RO         6086    .ARM.Collect$$libshutdown$$00000009  c_w.l(libshutdown2.o)
    0x080001e6   0x00000000   Code   RO         6088    .ARM.Collect$$libshutdown$$0000000B  c_w.l(libshutdown2.o)
    0x080001e6   0x00000000   Code   RO         6091    .ARM.Collect$$libshutdown$$0000000E  c_w.l(libshutdown2.o)
    0x080001e6   0x00000002   Code   RO         6092    .ARM.Collect$$libshutdown$$0000000F  c_w.l(libshutdown2.o)
    0x080001e8   0x00000000   Code   RO         5946    .ARM.Collect$$rtentry$$00000000  c_w.l(rtentry.o)
    0x080001e8   0x00000000   Code   RO         5966    .ARM.Collect$$rtentry$$00000002  c_w.l(rtentry2.o)
    0x080001e8   0x00000006   Code   RO         5978    .ARM.Collect$$rtentry$$00000004  c_w.l(rtentry4.o)
    0x080001ee   0x00000000   Code   RO         5968    .ARM.Collect$$rtentry$$00000009  c_w.l(rtentry2.o)
    0x080001ee   0x00000004   Code   RO         5969    .ARM.Collect$$rtentry$$0000000A  c_w.l(rtentry2.o)
    0x080001f2   0x00000000   Code   RO         5971    .ARM.Collect$$rtentry$$0000000C  c_w.l(rtentry2.o)
    0x080001f2   0x00000008   Code   RO         5972    .ARM.Collect$$rtentry$$0000000D  c_w.l(rtentry2.o)
    0x080001fa   0x00000002   Code   RO         6039    .ARM.Collect$$rtexit$$00000000  c_w.l(rtexit.o)
    0x080001fc   0x00000000   Code   RO         6048    .ARM.Collect$$rtexit$$00000002  c_w.l(rtexit2.o)
    0x080001fc   0x00000004   Code   RO         6049    .ARM.Collect$$rtexit$$00000003  c_w.l(rtexit2.o)
    0x08000200   0x00000006   Code   RO         6050    .ARM.Collect$$rtexit$$00000004  c_w.l(rtexit2.o)
    0x08000206   0x00000002   PAD
    0x08000208   0x00000038   Code   RO         5894    .text               startup_stm32f10x_cl.o
    0x08000240   0x00000010   Code   RO         5898    .text               c_w.l(rt_ctype_table.o)
    0x08000250   0x00000028   Code   RO         5902    .text               c_w.l(noretval__2sprintf.o)
    0x08000278   0x00000068   Code   RO         5904    .text               c_w.l(__printf.o)
    0x080002e0   0x00000078   Code   RO         5906    .text               c_w.l(_printf_dec.o)
    0x08000358   0x00000096   Code   RO         5930    .text               c_w.l(strncmp.o)
    0x080003ee   0x0000008a   Code   RO         5932    .text               c_w.l(rt_memcpy_v6.o)
    0x08000478   0x00000064   Code   RO         5934    .text               c_w.l(rt_memcpy_w.o)
    0x080004dc   0x0000004e   Code   RO         5938    .text               c_w.l(rt_memclr_w.o)
    0x0800052a   0x00000002   PAD
    0x0800052c   0x00000080   Code   RO         5940    .text               c_w.l(strcmpv7m.o)
    0x080005ac   0x00000006   Code   RO         5942    .text               c_w.l(heapauxi.o)
    0x080005b2   0x00000002   PAD
    0x080005b4   0x00000008   Code   RO         5950    .text               c_w.l(rt_locale_intlibspace.o)
    0x080005bc   0x000000b8   Code   RO         5952    .text               c_w.l(_printf_intcommon.o)
    0x08000674   0x00000030   Code   RO         5954    .text               c_w.l(_printf_char_common.o)
    0x080006a4   0x0000000a   Code   RO         5956    .text               c_w.l(_sputc.o)
    0x080006ae   0x00000002   PAD
    0x080006b0   0x00000008   Code   RO         5962    .text               c_w.l(libspace.o)
    0x080006b8   0x0000004a   Code   RO         6025    .text               c_w.l(sys_stackheap_outer.o)
    0x08000702   0x0000000c   Code   RO         6027    .text               c_w.l(exit.o)
    0x0800070e   0x00000002   PAD
    0x08000710   0x0000000c   Code   RO         6060    .text               c_w.l(sys_exit.o)
    0x0800071c   0x00000002   Code   RO         6062    .text               c_w.l(use_no_semi.o)
    0x0800071e   0x00000000   Code   RO         6064    .text               c_w.l(indicate_semi.o)
    0x0800071e   0x00000014   Code   RO         1533    i.ADC_Cmd           stm32f10x_adc.o
    0x08000732   0x00000002   PAD
    0x08000734   0x0000004c   Code   RO          189    i.ADC_Configuration  stm32f107.o
    0x08000780   0x00000048   Code   RO         1551    i.ADC_Init          stm32f10x_adc.o
    0x080007c8   0x00000074   Code   RO         1555    i.ADC_RegularChannelConfig  stm32f10x_adc.o
    0x0800083c   0x00000014   Code   RO         1558    i.ADC_SoftwareStartConvCmd  stm32f10x_adc.o
    0x08000850   0x00000002   Code   RO          506    i.BusFault_Handler  stm32f10x_it.o
    0x08000852   0x00000002   PAD
    0x08000854   0x0000005c   Code   RO          507    i.CAN2_RX0_IRQHandler  stm32f10x_it.o
    0x080008b0   0x000000e8   Code   RO          470    i.CAN_Config        phil_can.o
    0x08000998   0x0000002c   Code   RO         2484    i.CAN_DeInit        stm32f10x_can.o
    0x080009c4   0x0000000c   Code   RO         2485    i.CAN_FIFORelease   stm32f10x_can.o
    0x080009d0   0x000000c4   Code   RO         2486    i.CAN_FilterInit    stm32f10x_can.o
    0x08000a94   0x00000010   Code   RO         2489    i.CAN_ITConfig      stm32f10x_can.o
    0x08000aa4   0x000000e8   Code   RO         2490    i.CAN_Init          stm32f10x_can.o
    0x08000b8c   0x00000028   Code   RO          471    i.CAN_NVIC_Config   phil_can.o
    0x08000bb4   0x0000006c   Code   RO         2492    i.CAN_Receive       stm32f10x_can.o
    0x08000c20   0x00000020   Code   RO         2495    i.CAN_StructInit    stm32f10x_can.o
    0x08000c40   0x00000098   Code   RO         2496    i.CAN_Transmit      stm32f10x_can.o
    0x08000cd8   0x00000002   Code   RO          508    i.DebugMon_Handler  stm32f10x_it.o
    0x08000cda   0x00000002   PAD
    0x08000cdc   0x00000014   Code   RO            1    i.Delay             main.o
    0x08000cf0   0x000000a8   Code   RO          236    i.Display_Periodic_Handle  netconf.o
    0x08000d98   0x0000000c   Code   RO         2607    i.ETH_DMAClearITPendingBit  stm32_eth.o
    0x08000da4   0x00000018   Code   RO         2608    i.ETH_DMAITConfig   stm32_eth.o
    0x08000dbc   0x0000001c   Code   RO         2611    i.ETH_DMAReceptionCmd  stm32_eth.o
    0x08000dd8   0x0000004c   Code   RO         2612    i.ETH_DMARxDescChainInit  stm32_eth.o
    0x08000e24   0x00000012   Code   RO         2614    i.ETH_DMARxDescReceiveITConfig  stm32_eth.o
    0x08000e36   0x00000002   PAD
    0x08000e38   0x0000001c   Code   RO         2617    i.ETH_DMATransmissionCmd  stm32_eth.o
    0x08000e54   0x00000048   Code   RO         2620    i.ETH_DMATxDescChainInit  stm32_eth.o
    0x08000e9c   0x00000008   Code   RO         2621    i.ETH_DMATxDescChecksumInsertionConfig  stm32_eth.o
    0x08000ea4   0x00000018   Code   RO         2629    i.ETH_DeInit        stm32_eth.o
    0x08000ebc   0x00000012   Code   RO         2630    i.ETH_Delay         stm32_eth.o
    0x08000ece   0x00000002   PAD
    0x08000ed0   0x00000010   Code   RO         2635    i.ETH_FlushTransmitFIFO  stm32_eth.o
    0x08000ee0   0x0000000c   Code   RO         3621    i.ETH_GetCurrentTxBuffer  ethernetif.o
    0x08000eec   0x00000008   Code   RO         2646    i.ETH_GetDMARxDescFrameLength  stm32_eth.o
    0x08000ef4   0x00000024   Code   RO         2661    i.ETH_GetRxPktSize  stm32_eth.o
    0x08000f18   0x00000014   Code   RO         2662    i.ETH_GetSoftwareResetStatus  stm32_eth.o
    0x08000f2c   0x00000022   Code   RO          509    i.ETH_IRQHandler    stm32f10x_it.o
    0x08000f4e   0x00000002   PAD
    0x08000f50   0x0000020c   Code   RO         2669    i.ETH_Init          stm32_eth.o
    0x0800115c   0x0000001c   Code   RO         2672    i.ETH_MACAddressConfig  stm32_eth.o
    0x08001178   0x0000001c   Code   RO         2677    i.ETH_MACReceptionCmd  stm32_eth.o
    0x08001194   0x0000001c   Code   RO         2678    i.ETH_MACTransmissionCmd  stm32_eth.o
    0x080011b0   0x00000058   Code   RO         2689    i.ETH_ReadPHYRegister  stm32_eth.o
    0x08001208   0x00000050   Code   RO         3622    i.ETH_RxPkt_ChainMode  ethernetif.o
    0x08001258   0x00000010   Code   RO         2700    i.ETH_SoftwareReset  stm32_eth.o
    0x08001268   0x00000022   Code   RO         2701    i.ETH_Start         stm32_eth.o
    0x0800128a   0x0000007c   Code   RO         2702    i.ETH_StructInit    stm32_eth.o
    0x08001306   0x00000002   PAD
    0x08001308   0x0000003c   Code   RO         3623    i.ETH_TxPkt_ChainMode  ethernetif.o
    0x08001344   0x00000054   Code   RO         2704    i.ETH_WritePHYRegister  stm32_eth.o
    0x08001398   0x00000140   Code   RO          510    i.EXTI15_10_IRQHandler  stm32f10x_it.o
    0x080014d8   0x0000000c   Code   RO         1294    i.EXTI_ClearITPendingBit  stm32f10x_exti.o
    0x080014e4   0x00000020   Code   RO         1298    i.EXTI_GetITStatus  stm32f10x_exti.o
    0x08001504   0x00000058   Code   RO          190    i.Ethernet_Configuration  stm32f107.o
    0x0800155c   0x00000080   Code   RO          191    i.GPIO_Configuration  stm32f107.o
    0x080015dc   0x0000000c   Code   RO          783    i.GPIO_ETH_MediaInterfaceConfig  stm32f10x_gpio.o
    0x080015e8   0x00000098   Code   RO          787    i.GPIO_Init         stm32f10x_gpio.o
    0x08001680   0x00000048   Code   RO          789    i.GPIO_PinRemapConfig  stm32f10x_gpio.o
    0x080016c8   0x00000004   Code   RO          795    i.GPIO_SetBits      stm32f10x_gpio.o
    0x080016cc   0x0000000a   Code   RO          798    i.GPIO_WriteBit     stm32f10x_gpio.o
    0x080016d6   0x00000002   Code   RO          511    i.HardFault_Handler  stm32f10x_it.o
    0x080016d8   0x00000014   Code   RO         2283    i.I2C_AcknowledgeConfig  stm32f10x_i2c.o
    0x080016ec   0x00000018   Code   RO         2285    i.I2C_CheckEvent    stm32f10x_i2c.o
    0x08001704   0x00000014   Code   RO         2288    i.I2C_Cmd           stm32f10x_i2c.o
    0x08001718   0x00000014   Code   RO         2295    i.I2C_GenerateSTART  stm32f10x_i2c.o
    0x0800172c   0x00000014   Code   RO         2296    i.I2C_GenerateSTOP  stm32f10x_i2c.o
    0x08001740   0x000000b8   Code   RO         2302    i.I2C_Init          stm32f10x_i2c.o
    0x080017f8   0x00000154   Code   RO         3208    i.I2C_ReadDataBuffer  stm3210c_eval_ioe.o
    0x0800194c   0x00000134   Code   RO         3209    i.I2C_ReadDeviceRegister  stm3210c_eval_ioe.o
    0x08001a80   0x00000006   Code   RO         2306    i.I2C_ReceiveData   stm32f10x_i2c.o
    0x08001a86   0x00000010   Code   RO         2308    i.I2C_Send7bitAddress  stm32f10x_i2c.o
    0x08001a96   0x00000004   Code   RO         2309    i.I2C_SendData      stm32f10x_i2c.o
    0x08001a9a   0x00000014   Code   RO         2310    i.I2C_SoftwareResetCmd  stm32f10x_i2c.o
    0x08001aae   0x00000002   PAD
    0x08001ab0   0x000000e4   Code   RO         3210    i.I2C_WriteDeviceRegister  stm3210c_eval_ioe.o
    0x08001b94   0x0000000e   Code   RO         3211    i.IOE_ClearGITPending  stm3210c_eval_ioe.o
    0x08001ba2   0x00000020   Code   RO         3217    i.IOE_GetGITStatus  stm3210c_eval_ioe.o
    0x08001bc2   0x00000002   PAD
    0x08001bc4   0x00000038   Code   RO         3219    i.IOE_I2C_Config    stm3210c_eval_ioe.o
    0x08001bfc   0x000000b0   Code   RO         3232    i.IOE_TS_GetState   stm3210c_eval_ioe.o
    0x08001cac   0x00000038   Code   RO         3436    i.LCD_Clear         stm3210c_eval_lcd.o
    0x08001ce4   0x00000004   Code   RO         3439    i.LCD_CtrlLinesWrite  stm3210c_eval_lcd.o
    0x08001ce8   0x00000018   Code   RO         3440    i.LCD_DisplayChar   stm3210c_eval_lcd.o
    0x08001d00   0x0000002e   Code   RO         3443    i.LCD_DisplayStringLine  stm3210c_eval_lcd.o
    0x08001d2e   0x00000002   PAD
    0x08001d30   0x00000064   Code   RO         3444    i.LCD_DrawChar      stm3210c_eval_lcd.o
    0x08001d94   0x00000010   Code   RO         3452    i.LCD_SetBackColor  stm3210c_eval_lcd.o
    0x08001da4   0x00000018   Code   RO         3453    i.LCD_SetCursor     stm3210c_eval_lcd.o
    0x08001dbc   0x00000010   Code   RO         3455    i.LCD_SetTextColor  stm3210c_eval_lcd.o
    0x08001dcc   0x00000034   Code   RO         3458    i.LCD_WriteRAM      stm3210c_eval_lcd.o
    0x08001e00   0x00000012   Code   RO         3460    i.LCD_WriteRAM_Prepare  stm3210c_eval_lcd.o
    0x08001e12   0x00000002   PAD
    0x08001e14   0x00000050   Code   RO         3461    i.LCD_WriteReg      stm3210c_eval_lcd.o
    0x08001e64   0x0000004c   Code   RO         3462    i.LCD_WriteRegIndex  stm3210c_eval_lcd.o
    0x08001eb0   0x00000030   Code   RO         3463    i.LCD_nCS_StartByte  stm3210c_eval_lcd.o
    0x08001ee0   0x00000078   Code   RO          237    i.LwIP_Init         netconf.o
    0x08001f58   0x00000034   Code   RO          238    i.LwIP_Periodic_Handle  netconf.o
    0x08001f8c   0x0000000c   Code   RO          239    i.LwIP_Pkt_Handle   netconf.o
    0x08001f98   0x00000002   Code   RO          512    i.MemManage_Handler  stm32f10x_it.o
    0x08001f9a   0x00000002   Code   RO          513    i.NMI_Handler       stm32f10x_it.o
    0x08001f9c   0x00000034   Code   RO          192    i.NVIC_Configuration  stm32f107.o
    0x08001fd0   0x00000064   Code   RO         1491    i.NVIC_Init         misc.o
    0x08002034   0x00000014   Code   RO         1492    i.NVIC_PriorityGroupConfig  misc.o
    0x08002048   0x00000020   Code   RO          193    i.NVIC_SetPriority  stm32f107.o
    0x08002068   0x00000014   Code   RO         1493    i.NVIC_SetVectorTable  misc.o
    0x0800207c   0x00000002   Code   RO          514    i.PendSV_Handler    stm32f10x_it.o
    0x0800207e   0x00000002   PAD
    0x08002080   0x00000030   Code   RO          473    i.PhilCANSend       phil_can.o
    0x080020b0   0x00000018   Code   RO          896    i.RCC_AHBPeriphClockCmd  stm32f10x_rcc.o
    0x080020c8   0x00000018   Code   RO          897    i.RCC_AHBPeriphResetCmd  stm32f10x_rcc.o
    0x080020e0   0x00000018   Code   RO          898    i.RCC_APB1PeriphClockCmd  stm32f10x_rcc.o
    0x080020f8   0x00000018   Code   RO          899    i.RCC_APB1PeriphResetCmd  stm32f10x_rcc.o
    0x08002110   0x00000018   Code   RO          900    i.RCC_APB2PeriphClockCmd  stm32f10x_rcc.o
    0x08002128   0x000000c8   Code   RO          908    i.RCC_GetClocksFreq  stm32f10x_rcc.o
    0x080021f0   0x00000090   Code   RO            2    i.RS_Init           main.o
    0x08002280   0x0000000e   Code   RO         1162    i.SPI_I2S_GetFlagStatus  stm32f10x_spi.o
    0x0800228e   0x00000004   Code   RO         1166    i.SPI_I2S_SendData  stm32f10x_spi.o
    0x08002292   0x00000002   PAD
    0x08002294   0x00000018   Code   RO         3386    i.STM_EVAL_LEDOff   stm32_eval.o
    0x080022ac   0x00000018   Code   RO         3387    i.STM_EVAL_LEDOn    stm32_eval.o
    0x080022c4   0x0000001c   Code   RO         3388    i.STM_EVAL_LEDToggle  stm32_eval.o
    0x080022e0   0x00000002   Code   RO          515    i.SVC_Handler       stm32f10x_it.o
    0x080022e2   0x00000002   PAD
    0x080022e4   0x00000024   Code   RO          591    i.SendCoordinateCommandReceived  phil_aux.o
    0x08002308   0x0000001c   Code   RO            3    i.SerialPutChar     main.o
    0x08002324   0x0000002a   Code   RO            4    i.SerialPutString   main.o
    0x0800234e   0x00000002   PAD
    0x08002350   0x000000d0   Code   RO         5853    i.SetSysClockTo72   system_stm32f10x.o
    0x08002420   0x00000028   Code   RO         3624    i.Set_MAC_Address   ethernetif.o
    0x08002448   0x00000004   Code   RO          516    i.SysTick_Handler   stm32f10x_it.o
    0x0800244c   0x0000004c   Code   RO         5854    i.SystemInit        system_stm32f10x.o
    0x08002498   0x00000018   Code   RO            5    i.System_Periodic_Handle  main.o
    0x080024b0   0x00000110   Code   RO          194    i.System_Setup      stm32f107.o
    0x080025c0   0x00000010   Code   RO            6    i.Time_Update       main.o
    0x080025d0   0x00000014   Code   RO          617    i.USART_Cmd         stm32f10x_usart.o
    0x080025e4   0x0000000e   Code   RO          620    i.USART_GetFlagStatus  stm32f10x_usart.o
    0x080025f2   0x00000002   PAD
    0x080025f4   0x0000008c   Code   RO          624    i.USART_Init        stm32f10x_usart.o
    0x08002680   0x00000008   Code   RO          632    i.USART_SendData    stm32f10x_usart.o
    0x08002688   0x00000002   Code   RO          517    i.UsageFault_Handler  stm32f10x_it.o
    0x0800268a   0x00000002   PAD
    0x0800268c   0x000001c0   Code   RO          592    i.WhatToDo          phil_aux.o
    0x0800284c   0x00000004   Code   RO          338    i.conn_err          httpd.o
    0x08002850   0x000000ca   Code   RO         4692    i.etharp_arp_input  etharp.o
    0x0800291a   0x00000028   Code   RO         4694    i.etharp_ip_input   etharp.o
    0x08002942   0x00000002   PAD
    0x08002944   0x000000b8   Code   RO         4695    i.etharp_output     etharp.o
    0x080029fc   0x00000104   Code   RO         4696    i.etharp_query      etharp.o
    0x08002b00   0x0000009e   Code   RO         4697    i.etharp_raw        etharp.o
    0x08002b9e   0x00000002   PAD
    0x08002ba0   0x00000024   Code   RO         4698    i.etharp_request    etharp.o
    0x08002bc4   0x00000036   Code   RO         4699    i.etharp_send_ip    etharp.o
    0x08002bfa   0x00000002   PAD
    0x08002bfc   0x00000054   Code   RO         4700    i.etharp_tmr        etharp.o
    0x08002c50   0x00000054   Code   RO         4701    i.ethernet_input    etharp.o
    0x08002ca4   0x00000040   Code   RO         3625    i.ethernetif_init   ethernetif.o
    0x08002ce4   0x00000078   Code   RO         3626    i.ethernetif_input  ethernetif.o
    0x08002d5c   0x0000013c   Code   RO         4702    i.find_entry        etharp.o
    0x08002e98   0x0000001e   Code   RO         4703    i.free_etharp_q     etharp.o
    0x08002eb6   0x00000004   Code   RO         4494    i.htonl             inet.o
    0x08002eba   0x00000004   Code   RO         4495    i.htons             inet.o
    0x08002ebe   0x00000002   PAD
    0x08002ec0   0x0000004c   Code   RO          340    i.http_accept       httpd.o
    0x08002f0c   0x0000001a   Code   RO          341    i.http_poll         httpd.o
    0x08002f26   0x00000002   PAD
    0x08002f28   0x00000084   Code   RO          342    i.http_recv         httpd.o
    0x08002fac   0x0000002c   Code   RO          343    i.httpd_init        httpd.o
    0x08002fd8   0x00000008   Code   RO         4459    i.icmp_dest_unreach  icmp.o
    0x08002fe0   0x00000114   Code   RO         4460    i.icmp_input        icmp.o
    0x080030f4   0x00000066   Code   RO         4461    i.icmp_send_response  icmp.o
    0x0800315a   0x00000008   Code   RO         4462    i.icmp_time_exceeded  icmp.o
    0x08003162   0x0000000c   Code   RO         4542    i.inet_chksum       inet_chksum.o
    0x0800316e   0x00000048   Code   RO         4543    i.inet_chksum_pbuf  inet_chksum.o
    0x080031b6   0x00000030   Code   RO         4622    i.ip_addr_isbroadcast  ip_addr.o
    0x080031e6   0x00000002   PAD
    0x080031e8   0x00000130   Code   RO         4645    i.ip_frag           ip_frag.o
    0x08003318   0x00000164   Code   RO         4580    i.ip_input          ip.o
    0x0800347c   0x00000034   Code   RO         4581    i.ip_output         ip.o
    0x080034b0   0x000000cc   Code   RO         4582    i.ip_output_if      ip.o
    0x0800357c   0x000001b0   Code   RO         4646    i.ip_reass          ip_frag.o
    0x0800372c   0x000000f0   Code   RO         4647    i.ip_reass_chain_frag_into_datagram_and_validate  ip_frag.o
    0x0800381c   0x00000024   Code   RO         4648    i.ip_reass_dequeue_datagram  ip_frag.o
    0x08003840   0x00000070   Code   RO         4649    i.ip_reass_free_complete_datagram  ip_frag.o
    0x080038b0   0x00000074   Code   RO         4650    i.ip_reass_remove_oldest_datagram  ip_frag.o
    0x08003924   0x00000048   Code   RO         4583    i.ip_route          ip.o
    0x0800396c   0x00000088   Code   RO         3627    i.low_level_init    ethernetif.o
    0x080039f4   0x0000002c   Code   RO         3628    i.low_level_output  ethernetif.o
    0x08003a20   0x0000003a   Code   RO         4545    i.lwip_standard_chksum  inet_chksum.o
    0x08003a5a   0x00000002   PAD
    0x08003a5c   0x00000074   Code   RO            7    i.main              main.o
    0x08003ad0   0x0000002c   Code   RO         4153    i.mem_free          mem.o
    0x08003afc   0x00000034   Code   RO         4154    i.mem_init          mem.o
    0x08003b30   0x000000a8   Code   RO         4155    i.mem_malloc        mem.o
    0x08003bd8   0x000000c4   Code   RO         4156    i.mem_realloc       mem.o
    0x08003c9c   0x00000018   Code   RO         4196    i.memp_free         memp.o
    0x08003cb4   0x00000058   Code   RO         4197    i.memp_init         memp.o
    0x08003d0c   0x00000020   Code   RO         4198    i.memp_malloc       memp.o
    0x08003d2c   0x00000048   Code   RO         4238    i.netif_add         netif.o
    0x08003d74   0x0000000a   Code   RO         4240    i.netif_is_up       netif.o
    0x08003d7e   0x00000020   Code   RO         4242    i.netif_set_addr    netif.o
    0x08003d9e   0x00000002   PAD
    0x08003da0   0x0000000c   Code   RO         4243    i.netif_set_default  netif.o
    0x08003dac   0x00000008   Code   RO         4245    i.netif_set_gw      netif.o
    0x08003db4   0x00000068   Code   RO         4246    i.netif_set_ipaddr  netif.o
    0x08003e1c   0x00000008   Code   RO         4247    i.netif_set_netmask  netif.o
    0x08003e24   0x0000001c   Code   RO         4248    i.netif_set_up      netif.o
    0x08003e40   0x00000004   Code   RO         4499    i.ntohl             inet.o
    0x08003e44   0x00000004   Code   RO         4500    i.ntohs             inet.o
    0x08003e48   0x0000010c   Code   RO         4313    i.pbuf_alloc        pbuf.o
    0x08003f54   0x00000028   Code   RO         4314    i.pbuf_cat          pbuf.o
    0x08003f7c   0x00000012   Code   RO         4315    i.pbuf_chain        pbuf.o
    0x08003f8e   0x00000012   Code   RO         4316    i.pbuf_clen         pbuf.o
    0x08003fa0   0x00000090   Code   RO         4318    i.pbuf_copy         pbuf.o
    0x08004030   0x00000068   Code   RO         4319    i.pbuf_copy_partial  pbuf.o
    0x08004098   0x00000044   Code   RO         4321    i.pbuf_free         pbuf.o
    0x080040dc   0x00000060   Code   RO         4322    i.pbuf_header       pbuf.o
    0x0800413c   0x0000004e   Code   RO         4323    i.pbuf_realloc      pbuf.o
    0x0800418a   0x0000000c   Code   RO         4324    i.pbuf_ref          pbuf.o
    0x08004196   0x00000002   PAD
    0x08004198   0x00000054   Code   RO         4157    i.plug_holes        mem.o
    0x080041ec   0x00000068   Code   RO         4399    i.raw_input         raw.o
    0x08004254   0x0000002c   Code   RO          344    i.send_data         httpd.o
    0x08004280   0x00000094   Code   RO         3746    i.tcp_abandon       tcp.o
    0x08004314   0x00000004   Code   RO         3747    i.tcp_accept        tcp.o
    0x08004318   0x00000006   Code   RO         3748    i.tcp_accept_null   tcp.o
    0x0800431e   0x00000002   PAD
    0x08004320   0x000000f4   Code   RO         3749    i.tcp_alloc         tcp.o
    0x08004414   0x00000004   Code   RO         3750    i.tcp_arg           tcp.o
    0x08004418   0x000000bc   Code   RO         3751    i.tcp_bind          tcp.o
    0x080044d4   0x000000a0   Code   RO         3752    i.tcp_close         tcp.o
    0x08004574   0x00000020   Code   RO         3754    i.tcp_eff_send_mss  tcp.o
    0x08004594   0x000002f0   Code   RO         3968    i.tcp_enqueue       tcp_out.o
    0x08004884   0x00000006   Code   RO         3755    i.tcp_err           tcp.o
    0x0800488a   0x00000002   PAD
    0x0800488c   0x00000058   Code   RO         3756    i.tcp_fasttmr       tcp.o
    0x080048e4   0x0000031c   Code   RO         3922    i.tcp_input         tcp_in.o
    0x08004c00   0x00000046   Code   RO         3969    i.tcp_keepalive     tcp_out.o
    0x08004c46   0x00000002   PAD
    0x08004c48   0x00000020   Code   RO          407    i.tcp_led_control   client.o
    0x08004c68   0x000000e8   Code   RO         3923    i.tcp_listen_input  tcp_in.o
    0x08004d50   0x00000084   Code   RO         3757    i.tcp_listen_with_backlog  tcp.o
    0x08004dd4   0x00000006   Code   RO         3758    i.tcp_new           tcp.o
    0x08004dda   0x00000002   PAD
    0x08004ddc   0x00000060   Code   RO         3759    i.tcp_new_port      tcp.o
    0x08004e3c   0x00000010   Code   RO         3760    i.tcp_next_iss      tcp.o
    0x08004e4c   0x00000218   Code   RO         3970    i.tcp_output        tcp_out.o
    0x08005064   0x000000b4   Code   RO         3971    i.tcp_output_segment  tcp_out.o
    0x08005118   0x00000078   Code   RO         3972    i.tcp_output_set_header  tcp_out.o
    0x08005190   0x00000080   Code   RO         3924    i.tcp_parseopt      tcp_in.o
    0x08005210   0x00000030   Code   RO         3761    i.tcp_pcb_purge     tcp.o
    0x08005240   0x00000060   Code   RO         3762    i.tcp_pcb_remove    tcp.o
    0x080052a0   0x0000000a   Code   RO         3763    i.tcp_poll          tcp.o
    0x080052aa   0x00000002   PAD
    0x080052ac   0x00000350   Code   RO         3925    i.tcp_process       tcp_in.o
    0x080055fc   0x00000468   Code   RO         3926    i.tcp_receive       tcp_in.o
    0x08005a64   0x00000006   Code   RO         3764    i.tcp_recv          tcp.o
    0x08005a6a   0x0000001c   Code   RO         3765    i.tcp_recv_null     tcp.o
    0x08005a86   0x0000003c   Code   RO         3766    i.tcp_recved        tcp.o
    0x08005ac2   0x00000054   Code   RO         3973    i.tcp_rexmit        tcp_out.o
    0x08005b16   0x0000002e   Code   RO         3974    i.tcp_rexmit_rto    tcp_out.o
    0x08005b44   0x00000098   Code   RO         3975    i.tcp_rst           tcp_out.o
    0x08005bdc   0x00000020   Code   RO         3767    i.tcp_seg_free      tcp.o
    0x08005bfc   0x0000001a   Code   RO         3768    i.tcp_segs_free     tcp.o
    0x08005c16   0x00000016   Code   RO         3976    i.tcp_send_ctrl     tcp_out.o
    0x08005c2c   0x00000210   Code   RO         3771    i.tcp_slowtmr       tcp.o
    0x08005e3c   0x00000020   Code   RO         3772    i.tcp_tmr           tcp.o
    0x08005e5c   0x0000002c   Code   RO         3773    i.tcp_update_rcv_ann_wnd  tcp.o
    0x08005e88   0x0000002e   Code   RO         3977    i.tcp_write         tcp_out.o
    0x08005eb6   0x00000052   Code   RO         3978    i.tcp_zero_window_probe  tcp_out.o
    0x08005f08   0x0000013c   Code   RO         4041    i.udp_input         udp.o
    0x08006044   0x000000a8   Code   RO         4704    i.update_arp_entry  etharp.o
    0x080060ec   0x0000002c   Code   RO         5960    locale$$code        c_w.l(lc_ctype_c.o)
    0x08006118   0x00000050   Data   RO         3391    .constdata          stm32_eval.o
    0x08006168   0x000011d0   Data   RO         3466    .constdata          stm3210c_eval_lcd.o
    0x08007338   0x00000014   Data   RO         3774    .constdata          tcp.o
    0x0800734c   0x00000024   Data   RO         4200    .constdata          memp.o
    0x08007370   0x00000004   Data   RO         4623    .constdata          ip_addr.o
    0x08007374   0x0000000c   Data   RO         4706    .constdata          etharp.o
    0x08007380   0x00000020   Data   RO         6113    Region$$Table       anon$$obj.o
    0x080073a0   0x00000110   Data   RO         5959    locale$$data        c_w.l(lc_ctype_c.o)


    Execution Region RW_IRAM1 (Base: 0x20000000, Size: 0x0000c970, Max: 0x00010000, ABSOLUTE)

    Base Addr    Size         Type   Attr      Idx    E Section Name        Object

    0x20000000   0x00000008   Data   RW            8    .data               main.o
    0x20000008   0x00000010   Data   RW          241    .data               netconf.o
    0x20000018   0x00000013   Data   RW          360    .data               httpd.o
    0x2000002b   0x00000001   PAD
    0x2000002c   0x00000004   Data   RW          409    .data               client.o
    0x20000030   0x00000004   Data   RW          519    .data               stm32f10x_it.o
    0x20000034   0x00000014   Data   RW          936    .data               stm32f10x_rcc.o
    0x20000048   0x00000010   Data   RW         2705    .data               stm32_eth.o
    0x20000058   0x00000018   Data   RW         3237    .data               stm3210c_eval_ioe.o
    0x20000070   0x00000024   Data   RW         3392    .data               stm32_eval.o
    0x20000094   0x00000004   Data   RW         3467    .data               stm3210c_eval_lcd.o
    0x20000098   0x00000006   Data   RW         3633    .data               ethernetif.o
    0x2000009e   0x00000002   PAD
    0x200000a0   0x00000020   Data   RW         3775    .data               tcp.o
    0x200000c0   0x0000001c   Data   RW         3928    .data               tcp_in.o
    0x200000dc   0x00000004   Data   RW         4048    .data               udp.o
    0x200000e0   0x00000010   Data   RW         4159    .data               mem.o
    0x200000f0   0x0000000c   Data   RW         4249    .data               netif.o
    0x200000fc   0x00000004   Data   RW         4405    .data               raw.o
    0x20000100   0x0000000c   Data   RW         4584    .data               ip.o
    0x2000010c   0x00000008   Data   RW         4653    .data               ip_frag.o
    0x20000114   0x00000001   Data   RW         4707    .data               etharp.o
    0x20000115   0x00000003   PAD
    0x20000118   0x00000030   Zero   RW          240    .bss                netconf.o
    0x20000148   0x00000030   Zero   RW          474    .bss                phil_can.o
    0x20000178   0x00000014   Zero   RW          518    .bss                stm32f10x_it.o
    0x2000018c   0x00002400   Zero   RW         3629    .bss                ethernetif.o
    0x2000258c   0x00000014   Zero   RW         3927    .bss                tcp_in.o
    0x200025a0   0x00005014   Zero   RW         4158    .bss                mem.o
    0x200075b4   0x000046af   Zero   RW         4199    .bss                memp.o
    0x2000bc63   0x000005e0   Zero   RW         4652    .bss                ip_frag.o
    0x2000c243   0x00000001   PAD
    0x2000c244   0x000000c8   Zero   RW         4705    .bss                etharp.o
    0x2000c30c   0x00000060   Zero   RW         5963    .bss                c_w.l(libspace.o)
    0x2000c36c   0x00000004   PAD
    0x2000c370   0x00000200   Zero   RW         5892    HEAP                startup_stm32f10x_cl.o
    0x2000c570   0x00000400   Zero   RW         5891    STACK               startup_stm32f10x_cl.o


==============================================================================

Image component sizes


      Code (inc. data)   RO Data    RW Data    ZI Data      Debug   Object Name

        32          4          0          4          0        718   client.o
      1616         34         12          1        200      11168   etharp.o
       556         52          0          6       9216       6770   ethernetif.o
       326         34          0         19          0       5251   httpd.o
       394          0          0          0          0       3078   icmp.o
        16          0          0          0          0       2750   inet.o
       142          0          0          0          0       5281   inet_chksum.o
         0          0          0          0          0        664   init.o
       684         22          0         12          0       4077   ip.o
        48          0          4          0          0       5297   ip_addr.o
      1240         34          0          8       1504       6205   ip_frag.o
       390         58          0          8          0     332173   main.o
       544         32          0         16      20500       4441   mem.o
       144         20         36          0      18095       3602   memp.o
       140         28          0          0          0       2057   misc.o
       352         92          0         16         48      14694   netconf.o
       274         20          0         12          0       6389   netif.o
       846          0          0          0          0       7137   pbuf.o
       484        102          0          0          0       1443   phil_aux.o
       320         26          0          0         48       2298   phil_can.o
       104          4          0          4          0       1520   raw.o
        56         22        336          0       1536        228   startup_stm32f10x_cl.o
      1154         64          0         24          0      12121   stm3210c_eval_ioe.o
       560         62       4560          4          0       8834   stm3210c_eval_lcd.o
      1342        138          0         16          0      14416   stm32_eth.o
        76         24         80         36          0       2721   stm32_eval.o
       648        130          0          0          0       8506   stm32f107.o
       228         10          0          0          0       4527   stm32f10x_adc.o
       792         12          0          0          0       7048   stm32f10x_can.o
        44         10          0          0          0       1136   stm32f10x_exti.o
       250         12          0          0          0       4181   stm32f10x_gpio.o
       334          8          0          0          0       7403   stm32f10x_i2c.o
       466        118          0          4         20       5896   stm32f10x_it.o
       320         50          0         20          0       7011   stm32f10x_rcc.o
        18          0          0          0          0       2175   stm32f10x_spi.o
       182          6          0          0          0       3788   stm32f10x_usart.o
       284         30          0          0          0       1581   system_stm32f10x.o
      2040         86         20         32          0      23235   tcp.o
      3132         74          0         28         20      13416   tcp_in.o
      2090         14          0          0          0       8503   tcp_out.o
       316          4          0          4          0       3024   udp.o

    ----------------------------------------------------------------------
     23046       1436       5080        280      51188     566763   Object Totals
         0          0         32          0          0          0   (incl. Generated)
        62          0          0          6          1          0   (incl. Padding)

    ----------------------------------------------------------------------

      Code (inc. data)   RO Data    RW Data    ZI Data      Debug   Library Member Name

         8          0          0          0          0         68   __main.o
       104          0          0          0          0         84   __printf.o
        52          8          0          0          0          0   __scatter.o
        26          0          0          0          0          0   __scatter_copy.o
        28          0          0          0          0          0   __scatter_zi.o
        48          6          0          0          0         96   _printf_char_common.o
         6          0          0          0          0          0   _printf_d.o
       120         18          0          0          0         92   _printf_dec.o
       184          0          0          0          0         88   _printf_intcommon.o
         0          0          0          0          0          0   _printf_percent.o
         4          0          0          0          0          0   _printf_percent_end.o
        10          0          0          0          0         68   _sputc.o
        12          0          0          0          0         72   exit.o
         6          0          0          0          0        152   heapauxi.o
         0          0          0          0          0          0   indicate_semi.o
        44         10        272          0          0         76   lc_ctype_c.o
         2          0          0          0          0          0   libinit.o
        20          0          0          0          0          0   libinit2.o
         2          0          0          0          0          0   libshutdown.o
         2          0          0          0          0          0   libshutdown2.o
         8          4          0          0         96         68   libspace.o
        40          6          0          0          0         84   noretval__2sprintf.o
        16          4          0          0          0         76   rt_ctype_table.o
         8          4          0          0          0         68   rt_locale_intlibspace.o
        78          0          0          0          0         80   rt_memclr_w.o
       138          0          0          0          0         68   rt_memcpy_v6.o
       100          0          0          0          0         80   rt_memcpy_w.o
         0          0          0          0          0          0   rtentry.o
        12          0          0          0          0          0   rtentry2.o
         6          0          0          0          0          0   rtentry4.o
         2          0          0          0          0          0   rtexit.o
        10          0          0          0          0          0   rtexit2.o
       128          0          0          0          0         68   strcmpv7m.o
       150          0          0          0          0         80   strncmp.o
        12          4          0          0          0         68   sys_exit.o
        74          0          0          0          0         80   sys_stackheap_outer.o
         2          0          0          0          0         68   use_no_semi.o

    ----------------------------------------------------------------------
      1474         64        272          0        100       1684   Library Totals
        12          0          0          0          4          0   (incl. Padding)

    ----------------------------------------------------------------------

      Code (inc. data)   RO Data    RW Data    ZI Data      Debug   Library Name

      1462         64        272          0         96       1684   c_w.l

    ----------------------------------------------------------------------
      1474         64        272          0        100       1684   Library Totals

    ----------------------------------------------------------------------

==============================================================================


      Code (inc. data)   RO Data    RW Data    ZI Data      Debug   

     24520       1500       5352        280      51288     555031   Grand Totals
     24520       1500       5352        280      51288     555031   ELF Image Totals
     24520       1500       5352        280          0          0   ROM Totals

==============================================================================

    Total RO  Size (Code + RO Data)                29872 (  29.17kB)
    Total RW  Size (RW Data + ZI Data)             51568 (  50.36kB)
    Total ROM Size (Code + RO Data + RW Data)      30152 (  29.45kB)

==============================================================================

