ARM Linker, 5.03 [Build 76] [MDK-ARM Professional]

==============================================================================

Section Cross References

    main.o(i.Delay) refers to main.o(.data) for .data
    main.o(i.RS_Init) refers to stm32f10x_rcc.o(i.RCC_APB2PeriphClockCmd) for RCC_APB2PeriphClockCmd
    main.o(i.RS_Init) refers to stm32f10x_rcc.o(i.RCC_APB1PeriphClockCmd) for RCC_APB1PeriphClockCmd
    main.o(i.RS_Init) refers to stm32f10x_gpio.o(i.GPIO_PinRemapConfig) for GPIO_PinRemapConfig
    main.o(i.RS_Init) refers to stm32f10x_gpio.o(i.GPIO_Init) for GPIO_Init
    main.o(i.RS_Init) refers to stm32f10x_usart.o(i.USART_Init) for USART_Init
    main.o(i.RS_Init) refers to stm32f10x_usart.o(i.USART_Cmd) for USART_Cmd
    main.o(i.SerialPutChar) refers to stm32f10x_usart.o(i.USART_SendData) for USART_SendData
    main.o(i.SerialPutChar) refers to stm32f10x_usart.o(i.USART_GetFlagStatus) for USART_GetFlagStatus
    main.o(i.SerialPutString) refers to main.o(i.SerialPutChar) for SerialPutChar
    main.o(i.System_Periodic_Handle) refers to netconf.o(i.LwIP_Periodic_Handle) for LwIP_Periodic_Handle
    main.o(i.System_Periodic_Handle) refers to main.o(.data) for .data
    main.o(i.Time_Update) refers to main.o(.data) for .data
    main.o(i.main) refers to stm32f107.o(i.System_Setup) for System_Setup
    main.o(i.main) refers to stm32f10x_rcc.o(i.RCC_APB2PeriphClockCmd) for RCC_APB2PeriphClockCmd
    main.o(i.main) refers to stm32f10x_gpio.o(i.GPIO_Init) for GPIO_Init
    main.o(i.main) refers to stm32f10x_gpio.o(i.GPIO_SetBits) for GPIO_SetBits
    main.o(i.main) refers to main.o(i.RS_Init) for RS_Init
    main.o(i.main) refers to netconf.o(i.LwIP_Init) for LwIP_Init
    main.o(i.main) refers to httpd.o(i.httpd_init) for httpd_init
    main.o(i.main) refers to phil_aux.o(i.InitResponce) for InitResponce
    main.o(i.main) refers to main.o(i.SerialPutString) for SerialPutString
    main.o(i.main) refers to main.o(i.System_Periodic_Handle) for System_Periodic_Handle
    stm32f107.o(i.ADC_Configuration) refers to stm32f10x_adc.o(i.ADC_Init) for ADC_Init
    stm32f107.o(i.ADC_Configuration) refers to stm32f10x_adc.o(i.ADC_RegularChannelConfig) for ADC_RegularChannelConfig
    stm32f107.o(i.ADC_Configuration) refers to stm32f10x_adc.o(i.ADC_Cmd) for ADC_Cmd
    stm32f107.o(i.ADC_Configuration) refers to stm32f10x_adc.o(i.ADC_SoftwareStartConvCmd) for ADC_SoftwareStartConvCmd
    stm32f107.o(i.Ethernet_Configuration) refers to stm32f10x_gpio.o(i.GPIO_ETH_MediaInterfaceConfig) for GPIO_ETH_MediaInterfaceConfig
    stm32f107.o(i.Ethernet_Configuration) refers to stm32_eth.o(i.ETH_DeInit) for ETH_DeInit
    stm32f107.o(i.Ethernet_Configuration) refers to stm32_eth.o(i.ETH_SoftwareReset) for ETH_SoftwareReset
    stm32f107.o(i.Ethernet_Configuration) refers to stm32_eth.o(i.ETH_GetSoftwareResetStatus) for ETH_GetSoftwareResetStatus
    stm32f107.o(i.Ethernet_Configuration) refers to stm32_eth.o(i.ETH_StructInit) for ETH_StructInit
    stm32f107.o(i.Ethernet_Configuration) refers to stm32_eth.o(i.ETH_Init) for ETH_Init
    stm32f107.o(i.Ethernet_Configuration) refers to stm32_eth.o(i.ETH_DMAITConfig) for ETH_DMAITConfig
    stm32f107.o(i.GPIO_Configuration) refers to stm32f10x_gpio.o(i.GPIO_Init) for GPIO_Init
    stm32f107.o(i.NVIC_Configuration) refers to misc.o(i.NVIC_SetVectorTable) for NVIC_SetVectorTable
    stm32f107.o(i.NVIC_Configuration) refers to misc.o(i.NVIC_PriorityGroupConfig) for NVIC_PriorityGroupConfig
    stm32f107.o(i.NVIC_Configuration) refers to misc.o(i.NVIC_Init) for NVIC_Init
    stm32f107.o(i.System_Setup) refers to system_stm32f10x.o(i.SystemInit) for SystemInit
    stm32f107.o(i.System_Setup) refers to stm32f10x_rcc.o(i.RCC_APB1PeriphClockCmd) for RCC_APB1PeriphClockCmd
    stm32f107.o(i.System_Setup) refers to stm32f10x_rcc.o(i.RCC_AHBPeriphClockCmd) for RCC_AHBPeriphClockCmd
    stm32f107.o(i.System_Setup) refers to stm32f10x_rcc.o(i.RCC_APB2PeriphClockCmd) for RCC_APB2PeriphClockCmd
    stm32f107.o(i.System_Setup) refers to stm32f107.o(i.NVIC_Configuration) for NVIC_Configuration
    stm32f107.o(i.System_Setup) refers to stm32f107.o(i.ADC_Configuration) for ADC_Configuration
    stm32f107.o(i.System_Setup) refers to stm32f107.o(i.GPIO_Configuration) for GPIO_Configuration
    stm32f107.o(i.System_Setup) refers to phil_can.o(i.CAN_NVIC_Config) for CAN_NVIC_Config
    stm32f107.o(i.System_Setup) refers to phil_can.o(i.CAN_Config) for CAN_Config
    stm32f107.o(i.System_Setup) refers to stm3210c_eval_lcd.o(i.LCD_Clear) for LCD_Clear
    stm32f107.o(i.System_Setup) refers to stm3210c_eval_lcd.o(i.LCD_SetBackColor) for LCD_SetBackColor
    stm32f107.o(i.System_Setup) refers to stm3210c_eval_lcd.o(i.LCD_SetTextColor) for LCD_SetTextColor
    stm32f107.o(i.System_Setup) refers to stm3210c_eval_lcd.o(i.LCD_DisplayStringLine) for LCD_DisplayStringLine
    stm32f107.o(i.System_Setup) refers to stm32f107.o(i.Ethernet_Configuration) for Ethernet_Configuration
[...]
    i.pbuf_alloc                             0x08003560   Section        0  pbuf.o(i.pbuf_alloc)
    i.pbuf_cat                               0x0800366c   Section        0  pbuf.o(i.pbuf_cat)
    i.pbuf_chain                             0x08003694   Section        0  pbuf.o(i.pbuf_chain)
    i.pbuf_clen                              0x080036a6   Section        0  pbuf.o(i.pbuf_clen)
    i.pbuf_copy                              0x080036b8   Section        0  pbuf.o(i.pbuf_copy)
    i.pbuf_copy_partial                      0x08003748   Section        0  pbuf.o(i.pbuf_copy_partial)
    i.pbuf_free                              0x080037b0   Section        0  pbuf.o(i.pbuf_free)
    i.pbuf_header                            0x080037f4   Section        0  pbuf.o(i.pbuf_header)
    i.pbuf_realloc                           0x08003854   Section        0  pbuf.o(i.pbuf_realloc)
    i.pbuf_ref                               0x080038a2   Section        0  pbuf.o(i.pbuf_ref)
    i.plug_holes                             0x080038b0   Section        0  mem.o(i.plug_holes)
    plug_holes                               0x080038b1   Thumb Code    78  mem.o(i.plug_holes)
    i.raw_input                              0x08003904   Section        0  raw.o(i.raw_input)
    i.tcp_abandon                            0x0800396c   Section        0  tcp.o(i.tcp_abandon)
    i.tcp_accept                             0x08003a00   Section        0  tcp.o(i.tcp_accept)
    i.tcp_accept_null                        0x08003a04   Section        0  tcp.o(i.tcp_accept_null)
    tcp_accept_null                          0x08003a05   Thumb Code     6  tcp.o(i.tcp_accept_null)
    i.tcp_alloc                              0x08003a0c   Section        0  tcp.o(i.tcp_alloc)
    i.tcp_arg                                0x08003b00   Section        0  tcp.o(i.tcp_arg)
    i.tcp_bind                               0x08003b04   Section        0  tcp.o(i.tcp_bind)
    i.tcp_close                              0x08003bc0   Section        0  tcp.o(i.tcp_close)
    i.tcp_eff_send_mss                       0x08003c60   Section        0  tcp.o(i.tcp_eff_send_mss)
    i.tcp_enqueue                            0x08003c80   Section        0  tcp_out.o(i.tcp_enqueue)
    i.tcp_err                                0x08003f70   Section        0  tcp.o(i.tcp_err)
    i.tcp_fasttmr                            0x08003f78   Section        0  tcp.o(i.tcp_fasttmr)
    i.tcp_input                              0x08003fd0   Section        0  tcp_in.o(i.tcp_input)
    i.tcp_keepalive                          0x080042ec   Section        0  tcp_out.o(i.tcp_keepalive)
    i.tcp_listen_input                       0x08004334   Section        0  tcp_in.o(i.tcp_listen_input)
    tcp_listen_input                         0x08004335   Thumb Code   222  tcp_in.o(i.tcp_listen_input)
    i.tcp_listen_with_backlog                0x0800441c   Section        0  tcp.o(i.tcp_listen_with_backlog)
    i.tcp_new                                0x080044a0   Section        0  tcp.o(i.tcp_new)
    i.tcp_new_port                           0x080044a8   Section        0  tcp.o(i.tcp_new_port)
    tcp_new_port                             0x080044a9   Thumb Code    92  tcp.o(i.tcp_new_port)
    i.tcp_next_iss                           0x08004508   Section        0  tcp.o(i.tcp_next_iss)
    i.tcp_output                             0x08004518   Section        0  tcp_out.o(i.tcp_output)
    i.tcp_output_segment                     0x08004730   Section        0  tcp_out.o(i.tcp_output_segment)
    tcp_output_segment                       0x08004731   Thumb Code   170  tcp_out.o(i.tcp_output_segment)
    i.tcp_output_set_header                  0x080047e4   Section        0  tcp_out.o(i.tcp_output_set_header)
    tcp_output_set_header                    0x080047e5   Thumb Code   120  tcp_out.o(i.tcp_output_set_header)
    i.tcp_parseopt                           0x0800485c   Section        0  tcp_in.o(i.tcp_parseopt)
    tcp_parseopt                             0x0800485d   Thumb Code   124  tcp_in.o(i.tcp_parseopt)
    i.tcp_pcb_purge                          0x080048dc   Section        0  tcp.o(i.tcp_pcb_purge)
    i.tcp_pcb_remove                         0x0800490c   Section        0  tcp.o(i.tcp_pcb_remove)
    i.tcp_poll                               0x0800496c   Section        0  tcp.o(i.tcp_poll)
    i.tcp_process                            0x08004978   Section        0  tcp_in.o(i.tcp_process)
    tcp_process                              0x08004979   Thumb Code   828  tcp_in.o(i.tcp_process)
    i.tcp_receive                            0x08004cc8   Section        0  tcp_in.o(i.tcp_receive)
    tcp_receive                              0x08004cc9   Thumb Code  1128  tcp_in.o(i.tcp_receive)
    i.tcp_recv                               0x08005130   Section        0  tcp.o(i.tcp_recv)
    i.tcp_recv_null                          0x08005136   Section        0  tcp.o(i.tcp_recv_null)
    tcp_recv_null                            0x08005137   Thumb Code    28  tcp.o(i.tcp_recv_null)
    i.tcp_recved                             0x08005152   Section        0  tcp.o(i.tcp_recved)
    i.tcp_rexmit                             0x0800518e   Section        0  tcp_out.o(i.tcp_rexmit)
    i.tcp_rexmit_rto                         0x080051e2   Section        0  tcp_out.o(i.tcp_rexmit_rto)
    i.tcp_rst                                0x08005210   Section        0  tcp_out.o(i.tcp_rst)
    i.tcp_seg_free                           0x080052a8   Section        0  tcp.o(i.tcp_seg_free)
    i.tcp_segs_free                          0x080052c8   Section        0  tcp.o(i.tcp_segs_free)
    i.tcp_send_ctrl                          0x080052e2   Section        0  tcp_out.o(i.tcp_send_ctrl)
    i.tcp_slowtmr                            0x080052f8   Section        0  tcp.o(i.tcp_slowtmr)
    i.tcp_tmr                                0x08005508   Section        0  tcp.o(i.tcp_tmr)
    i.tcp_update_rcv_ann_wnd                 0x08005528   Section        0  tcp.o(i.tcp_update_rcv_ann_wnd)
    i.tcp_write                              0x08005554   Section        0  tcp_out.o(i.tcp_write)
    i.tcp_zero_window_probe                  0x08005582   Section        0  tcp_out.o(i.tcp_zero_window_probe)
    i.udp_input                              0x080055d4   Section        0  udp.o(i.udp_input)
    i.update_arp_entry                       0x08005710   Section        0  etharp.o(i.update_arp_entry)
    update_arp_entry                         0x08005711   Thumb Code   162  etharp.o(i.update_arp_entry)
    locale$$code                             0x080057b8   Section       44  lc_ctype_c.o(locale$$code)
    .constdata                               0x080057e4   Section     4560  stm3210c_eval_lcd.o(.constdata)
    .constdata                               0x080069b4   Section       20  tcp.o(.constdata)
    .constdata                               0x080069c8   Section       36  memp.o(.constdata)
    memp_sizes                               0x080069c8   Data          18  memp.o(.constdata)
    memp_num                                 0x080069da   Data          18  memp.o(.constdata)
    .constdata                               0x080069ec   Section        4  ip_addr.o(.constdata)
    .constdata                               0x080069f0   Section       12  etharp.o(.constdata)
    locale$$data                             0x08006a1c   Section      272  lc_ctype_c.o(locale$$data)
    __lcctype_c_name                         0x08006a20   Data           2  lc_ctype_c.o(locale$$data)
    __lcctype_c_start                        0x08006a28   Data           0  lc_ctype_c.o(locale$$data)
    __lcctype_c_end                          0x08006b2c   Data           0  lc_ctype_c.o(locale$$data)
    .data                                    0x20000000   Section        8  main.o(.data)
    .data                                    0x20000008   Section       16  netconf.o(.data)
    IPaddress                                0x20000010   Data           4  netconf.o(.data)
    .data                                    0x20000018   Section        4  httpd.o(.data)
    CANTcpPCB                                0x20000018   Data           4  httpd.o(.data)
    .data                                    0x2000001c   Section        1  stm32f10x_it.o(.data)
    FLAG                                     0x2000001c   Data           1  stm32f10x_it.o(.data)
    .data                                    0x2000001d   Section       20  stm32f10x_rcc.o(.data)
    ADCPrescTable                            0x2000001d   Data           4  stm32f10x_rcc.o(.data)
    APBAHBPrescTable                         0x20000021   Data          16  stm32f10x_rcc.o(.data)
    .data                                    0x20000034   Section       16  stm32_eth.o(.data)
    .data                                    0x20000044   Section        4  stm3210c_eval_lcd.o(.data)
    TextColor                                0x20000044   Data           2  stm3210c_eval_lcd.o(.data)
    BackColor                                0x20000046   Data           2  stm3210c_eval_lcd.o(.data)
    .data                                    0x20000048   Section        6  ethernetif.o(.data)
    .data                                    0x20000050   Section       32  tcp.o(.data)
    tcp_timer                                0x20000050   Data           1  tcp.o(.data)
    port                                     0x20000052   Data           2  tcp.o(.data)
    iss                                      0x20000054   Data           4  tcp.o(.data)
    .data                                    0x20000070   Section       28  tcp_in.o(.data)
    flags                                    0x20000070   Data           1  tcp_in.o(.data)
    recv_flags                               0x20000071   Data           1  tcp_in.o(.data)
    tcplen                                   0x20000072   Data           2  tcp_in.o(.data)
    tcphdr                                   0x20000074   Data           4  tcp_in.o(.data)
    iphdr                                    0x20000078   Data           4  tcp_in.o(.data)
    seqno                                    0x2000007c   Data           4  tcp_in.o(.data)
    ackno                                    0x20000080   Data           4  tcp_in.o(.data)
    recv_data                                0x20000084   Data           4  tcp_in.o(.data)
    .data                                    0x2000008c   Section        4  udp.o(.data)
    .data                                    0x20000090   Section       16  mem.o(.data)
    mem_sem                                  0x20000090   Data           1  mem.o(.data)
    ram                                      0x20000094   Data           4  mem.o(.data)
    ram_end                                  0x20000098   Data           4  mem.o(.data)
    lfree                                    0x2000009c   Data           4  mem.o(.data)
    .data                                    0x200000a0   Section       12  netif.o(.data)
    netifnum                                 0x200000a0   Data           1  netif.o(.data)
    .data                                    0x200000ac   Section        4  raw.o(.data)
    raw_pcbs                                 0x200000ac   Data           4  raw.o(.data)
    .data                                    0x200000b0   Section       12  ip.o(.data)
    ip_id                                    0x200000b0   Data           2  ip.o(.data)
    current_netif                            0x200000b4   Data           4  ip.o(.data)
    current_header                           0x200000b8   Data           4  ip.o(.data)
    .data                                    0x200000bc   Section        8  ip_frag.o(.data)
    ip_reass_pbufcount                       0x200000bc   Data           2  ip_frag.o(.data)
    reassdatagrams                           0x200000c0   Data           4  ip_frag.o(.data)
    .data                                    0x200000c4   Section        1  etharp.o(.data)
    etharp_cached_entry                      0x200000c4   Data           1  etharp.o(.data)
    .bss                                     0x200000c8   Section       48  netconf.o(.bss)
    .bss                                     0x200000f8   Section       48  phil_can.o(.bss)
    .bss                                     0x20000128   Section       20  stm32f10x_it.o(.bss)
    .bss                                     0x2000013c   Section       30  phil_aux.o(.bss)
    .bss                                     0x2000015c   Section     9216  ethernetif.o(.bss)
    .bss                                     0x2000255c   Section       20  tcp_in.o(.bss)
    inseg                                    0x2000255c   Data          20  tcp_in.o(.bss)
    .bss                                     0x20002570   Section    20500  mem.o(.bss)
    ram_heap                                 0x20002570   Data       20500  mem.o(.bss)
    .bss                                     0x20007584   Section    18095  memp.o(.bss)
    memp_tab                                 0x20007584   Data          36  memp.o(.bss)
    memp_memory                              0x200075a8   Data       18059  memp.o(.bss)
    .bss                                     0x2000bc33   Section     1504  ip_frag.o(.bss)
    buf                                      0x2000bc33   Data        1504  ip_frag.o(.bss)
    .bss                                     0x2000c214   Section      200  etharp.o(.bss)
    arp_table                                0x2000c214   Data         200  etharp.o(.bss)
    .bss                                     0x2000c2dc   Section       96  libspace.o(.bss)
    HEAP                                     0x2000c340   Section      512  startup_stm32f10x_cl.o(HEAP)
    Heap_Mem                                 0x2000c340   Data         512  startup_stm32f10x_cl.o(HEAP)
    STACK                                    0x2000c540   Section     1024  startup_stm32f10x_cl.o(STACK)
    Stack_Mem                                0x2000c540   Data        1024  startup_stm32f10x_cl.o(STACK)
    __initial_sp                             0x2000c940   Data           0  startup_stm32f10x_cl.o(STACK)

    Global Symbols

    Symbol Name                              Value     Ov Type        Size  Object(Section)

    BuildAttributes$$THM_ISAv4$P$D$K$B$S$PE$A:L22UL41UL21$X:L11$S22US41US21$IEEE1$IW$USESV6$~STKCKD$USESV7$~SHL$OSPACE$ROPI$EBA8$UX$STANDARDLIB$REQ8$PRES8$EABIv2 0x00000000   Number         0  anon$$obj.o ABSOLUTE
    __ARM_use_no_argv                        0x00000000   Number         0  main.o ABSOLUTE
    __ARM_exceptions_init                     - Undefined Weak Reference
    __alloca_initialize                       - Undefined Weak Reference
    __cpp_initialize__aeabi_                  - Undefined Weak Reference
    __cxa_finalize                            - Undefined Weak Reference
    __sigvec_lookup                           - Undefined Weak Reference
    _atexit_init                              - Undefined Weak Reference
    _call_atexit_fns                          - Undefined Weak Reference
    _clock_init                               - Undefined Weak Reference
    _fp_trap_init                             - Undefined Weak Reference
    _fp_trap_shutdown                         - Undefined Weak Reference
    _get_lc_collate                           - Undefined Weak Reference
    _get_lc_monetary                          - Undefined Weak Reference
    _get_lc_numeric                           - Undefined Weak Reference
    _get_lc_time                              - Undefined Weak Reference
    _getenv_init                              - Undefined Weak Reference
    _handle_redirection                       - Undefined Weak Reference
    _init_alloc                               - Undefined Weak Reference
    _init_user_alloc                          - Undefined Weak Reference
    _initio                                   - Undefined Weak Reference
    _printf_post_padding                      - Undefined Weak Reference
    _printf_pre_padding                       - Undefined Weak Reference
    _printf_truncate_signed                   - Undefined Weak Reference
    _printf_truncate_unsigned                 - Undefined Weak Reference
    _rand_init                                - Undefined Weak Reference
    _signal_finish                            - Undefined Weak Reference
    _signal_init                              - Undefined Weak Reference
    _terminate_alloc                          - Undefined Weak Reference
    _terminate_user_alloc                     - Undefined Weak Reference
    _terminateio                              - Undefined Weak Reference
    __Vectors_Size                           0x00000150   Number         0  startup_stm32f10x_cl.o ABSOLUTE
    __Vectors                                0x08000000   Data           4  startup_stm32f10x_cl.o(RESET)
    __Vectors_End                            0x08000150   Data           0  startup_stm32f10x_cl.o(RESET)
    __main                                   0x08000151   Thumb Code     8  __main.o(!!!main)
    __scatterload                            0x08000159   Thumb Code     0  __scatter.o(!!!scatter)
    __scatterload_rt2                        0x08000159   Thumb Code    44  __scatter.o(!!!scatter)
    __scatterload_rt2_thumb_only             0x08000159   Thumb Code     0  __scatter.o(!!!scatter)
    __scatterload_null                       0x08000167   Thumb Code     0  __scatter.o(!!!scatter)
    __scatterload_copy                       0x0800018d   Thumb Code    26  __scatter_copy.o(!!handler_copy)
    __scatterload_zeroinit                   0x080001a9   Thumb Code    28  __scatter_zi.o(!!handler_zi)
    __rt_lib_init                            0x080001c5   Thumb Code     0  libinit.o(.ARM.Collect$$libinit$$00000000)
    __rt_lib_init_fp_1                       0x080001c7   Thumb Code     0  libinit2.o(.ARM.Collect$$libinit$$00000002)
    __rt_lib_init_heap_1                     0x080001c7   Thumb Code     0  libinit2.o(.ARM.Collect$$libinit$$00000008)
    __rt_lib_init_lc_common                  0x080001c7   Thumb Code     0  libinit2.o(.ARM.Collect$$libinit$$0000000D)
    __rt_lib_init_rand_1                     0x080001c7   Thumb Code     0  libinit2.o(.ARM.Collect$$libinit$$0000000C)
    __rt_lib_init_user_alloc_1               0x080001c7   Thumb Code     0  libinit2.o(.ARM.Collect$$libinit$$0000000A)
    __rt_lib_init_lc_collate_1               0x080001cd   Thumb Code     0  libinit2.o(.ARM.Collect$$libinit$$0000000F)
    __rt_lib_init_lc_ctype_2                 0x080001cd   Thumb Code     0  libinit2.o(.ARM.Collect$$libinit$$00000010)
    __rt_lib_init_alloca_1                   0x080001d9   Thumb Code     0  libinit2.o(.ARM.Collect$$libinit$$0000002C)
    __rt_lib_init_argv_1                     0x080001d9   Thumb Code     0  libinit2.o(.ARM.Collect$$libinit$$0000002A)
    __rt_lib_init_atexit_1                   0x080001d9   Thumb Code     0  libinit2.o(.ARM.Collect$$libinit$$00000019)
    __rt_lib_init_clock_1                    0x080001d9   Thumb Code     0  libinit2.o(.ARM.Collect$$libinit$$0000001F)
    __rt_lib_init_cpp_1                      0x080001d9   Thumb Code     0  libinit2.o(.ARM.Collect$$libinit$$00000030)
    __rt_lib_init_exceptions_1               0x080001d9   Thumb Code     0  libinit2.o(.ARM.Collect$$libinit$$0000002E)
    __rt_lib_init_fp_trap_1                  0x080001d9   Thumb Code     0  libinit2.o(.ARM.Collect$$libinit$$0000001D)
    __rt_lib_init_getenv_1                   0x080001d9   Thumb Code     0  libinit2.o(.ARM.Collect$$libinit$$00000021)
    __rt_lib_init_lc_ctype_1                 0x080001d9   Thumb Code     0  libinit2.o(.ARM.Collect$$libinit$$00000011)
    __rt_lib_init_lc_monetary_1              0x080001d9   Thumb Code     0  libinit2.o(.ARM.Collect$$libinit$$00000013)
    __rt_lib_init_lc_numeric_1               0x080001d9   Thumb Code     0  libinit2.o(.ARM.Collect$$libinit$$00000015)
    __rt_lib_init_lc_time_1                  0x080001d9   Thumb Code     0  libinit2.o(.ARM.Collect$$libinit$$00000017)
    __rt_lib_init_return                     0x080001d9   Thumb Code     0  libinit2.o(.ARM.Collect$$libinit$$00000031)
    __rt_lib_init_signal_1                   0x080001d9   Thumb Code     0  libinit2.o(.ARM.Collect$$libinit$$0000001B)
    __rt_lib_init_stdio_1                    0x080001d9   Thumb Code     0  libinit2.o(.ARM.Collect$$libinit$$00000023)
    __rt_lib_shutdown                        0x080001db   Thumb Code     0  libshutdown.o(.ARM.Collect$$libshutdown$$00000000)
    __rt_lib_shutdown_fp_trap_1              0x080001dd   Thumb Code     0  libshutdown2.o(.ARM.Collect$$libshutdown$$00000006)
    __rt_lib_shutdown_heap_1                 0x080001dd   Thumb Code     0  libshutdown2.o(.ARM.Collect$$libshutdown$$0000000E)
    __rt_lib_shutdown_return                 0x080001dd   Thumb Code     0  libshutdown2.o(.ARM.Collect$$libshutdown$$0000000F)
    __rt_lib_shutdown_signal_1               0x080001dd   Thumb Code     0  libshutdown2.o(.ARM.Collect$$libshutdown$$00000009)
    __rt_lib_shutdown_stdio_1                0x080001dd   Thumb Code     0  libshutdown2.o(.ARM.Collect$$libshutdown$$00000003)
    __rt_lib_shutdown_user_alloc_1           0x080001dd   Thumb Code     0  libshutdown2.o(.ARM.Collect$$libshutdown$$0000000B)
    __rt_entry                               0x080001df   Thumb Code     0  rtentry.o(.ARM.Collect$$rtentry$$00000000)
    __rt_entry_presh_1                       0x080001df   Thumb Code     0  rtentry2.o(.ARM.Collect$$rtentry$$00000002)
    __rt_entry_sh                            0x080001df   Thumb Code     0  rtentry4.o(.ARM.Collect$$rtentry$$00000004)
    __rt_entry_li                            0x080001e5   Thumb Code     0  rtentry2.o(.ARM.Collect$$rtentry$$0000000A)
    __rt_entry_postsh_1                      0x080001e5   Thumb Code     0  rtentry2.o(.ARM.Collect$$rtentry$$00000009)
    __rt_entry_main                          0x080001e9   Thumb Code     0  rtentry2.o(.ARM.Collect$$rtentry$$0000000D)
    __rt_entry_postli_1                      0x080001e9   Thumb Code     0  rtentry2.o(.ARM.Collect$$rtentry$$0000000C)
    __rt_exit                                0x080001f1   Thumb Code     0  rtexit.o(.ARM.Collect$$rtexit$$00000000)
    __rt_exit_ls                             0x080001f3   Thumb Code     0  rtexit2.o(.ARM.Collect$$rtexit$$00000003)
    __rt_exit_prels_1                        0x080001f3   Thumb Code     0  rtexit2.o(.ARM.Collect$$rtexit$$00000002)
    __rt_exit_exit                           0x080001f7   Thumb Code     0  rtexit2.o(.ARM.Collect$$rtexit$$00000004)
    Reset_Handler                            0x080001fd   Thumb Code     4  startup_stm32f10x_cl.o(.text)
    ADC1_2_IRQHandler                        0x08000213   Thumb Code     0  startup_stm32f10x_cl.o(.text)
    CAN1_RX0_IRQHandler                      0x08000213   Thumb Code     0  startup_stm32f10x_cl.o(.text)
    CAN1_RX1_IRQHandler                      0x08000213   Thumb Code     0  startup_stm32f10x_cl.o(.text)
    CAN1_SCE_IRQHandler                      0x08000213   Thumb Code     0  startup_stm32f10x_cl.o(.text)
    CAN1_TX_IRQHandler                       0x08000213   Thumb Code     0  startup_stm32f10x_cl.o(.text)
    CAN2_RX1_IRQHandler                      0x08000213   Thumb Code     0  startup_stm32f10x_cl.o(.text)
    CAN2_SCE_IRQHandler                      0x08000213   Thumb Code     0  startup_stm32f10x_cl.o(.text)
    CAN2_TX_IRQHandler                       0x08000213   Thumb Code     0  startup_stm32f10x_cl.o(.text)
    DMA1_Channel1_IRQHandler                 0x08000213   Thumb Code     0  startup_stm32f10x_cl.o(.text)
    DMA1_Channel2_IRQHandler                 0x08000213   Thumb Code     0  startup_stm32f10x_cl.o(.text)
    DMA1_Channel3_IRQHandler                 0x08000213   Thumb Code     0  startup_stm32f10x_cl.o(.text)
    DMA1_Channel4_IRQHandler                 0x08000213   Thumb Code     0  startup_stm32f10x_cl.o(.text)
    DMA1_Channel5_IRQHandler                 0x08000213   Thumb Code     0  startup_stm32f10x_cl.o(.text)
    DMA1_Channel6_IRQHandler                 0x08000213   Thumb Code     0  startup_stm32f10x_cl.o(.text)
    DMA1_Channel7_IRQHandler                 0x08000213   Thumb Code     0  startup_stm32f10x_cl.o(.text)
    DMA2_Channel1_IRQHandler                 0x08000213   Thumb Code     0  startup_stm32f10x_cl.o(.text)
    DMA2_Channel2_IRQHandler                 0x08000213   Thumb Code     0  startup_stm32f10x_cl.o(.text)
    DMA2_Channel3_IRQHandler                 0x08000213   Thumb Code     0  startup_stm32f10x_cl.o(.text)
    DMA2_Channel4_IRQHandler                 0x08000213   Thumb Code     0  startup_stm32f10x_cl.o(.text)
    DMA2_Channel5_IRQHandler                 0x08000213   Thumb Code     0  startup_stm32f10x_cl.o(.text)
    ETH_WKUP_IRQHandler                      0x08000213   Thumb Code     0  startup_stm32f10x_cl.o(.text)
    EXTI0_IRQHandler                         0x08000213   Thumb Code     0  startup_stm32f10x_cl.o(.text)
    EXTI1_IRQHandler                         0x08000213   Thumb Code     0  startup_stm32f10x_cl.o(.text)
    EXTI2_IRQHandler                         0x08000213   Thumb Code     0  startup_stm32f10x_cl.o(.text)
    EXTI3_IRQHandler                         0x08000213   Thumb Code     0  startup_stm32f10x_cl.o(.text)
    EXTI4_IRQHandler                         0x08000213   Thumb Code     0  startup_stm32f10x_cl.o(.text)
    EXTI9_5_IRQHandler                       0x08000213   Thumb Code     0  startup_stm32f10x_cl.o(.text)
    FLASH_IRQHandler                         0x08000213   Thumb Code     0  startup_stm32f10x_cl.o(.text)
    I2C1_ER_IRQHandler                       0x08000213   Thumb Code     0  startup_stm32f10x_cl.o(.text)
    I2C1_EV_IRQHandler                       0x08000213   Thumb Code     0  startup_stm32f10x_cl.o(.text)
    I2C2_ER_IRQHandler                       0x08000213   Thumb Code     0  startup_stm32f10x_cl.o(.text)
    I2C2_EV_IRQHandler                       0x08000213   Thumb Code     0  startup_stm32f10x_cl.o(.text)
    OTG_FS_IRQHandler                        0x08000213   Thumb Code     0  startup_stm32f10x_cl.o(.text)
    OTG_FS_WKUP_IRQHandler                   0x08000213   Thumb Code     0  startup_stm32f10x_cl.o(.text)
    PVD_IRQHandler                           0x08000213   Thumb Code     0  startup_stm32f10x_cl.o(.text)
    RCC_IRQHandler                           0x08000213   Thumb Code     0  startup_stm32f10x_cl.o(.text)
    RTCAlarm_IRQHandler                      0x08000213   Thumb Code     0  startup_stm32f10x_cl.o(.text)
    RTC_IRQHandler                           0x08000213   Thumb Code     0  startup_stm32f10x_cl.o(.text)
    SPI1_IRQHandler                          0x08000213   Thumb Code     0  startup_stm32f10x_cl.o(.text)
    SPI2_IRQHandler                          0x08000213   Thumb Code     0  startup_stm32f10x_cl.o(.text)
    SPI3_IRQHandler                          0x08000213   Thumb Code     0  startup_stm32f10x_cl.o(.text)
    TAMPER_IRQHandler                        0x08000213   Thumb Code     0  startup_stm32f10x_cl.o(.text)
    TIM1_BRK_IRQHandler                      0x08000213   Thumb Code     0  startup_stm32f10x_cl.o(.text)
    TIM1_CC_IRQHandler                       0x08000213   Thumb Code     0  startup_stm32f10x_cl.o(.text)
    TIM1_TRG_COM_IRQHandler                  0x08000213   Thumb Code     0  startup_stm32f10x_cl.o(.text)
    TIM1_UP_IRQHandler                       0x08000213   Thumb Code     0  startup_stm32f10x_cl.o(.text)
    TIM2_IRQHandler                          0x08000213   Thumb Code     0  startup_stm32f10x_cl.o(.text)
    TIM3_IRQHandler                          0x08000213   Thumb Code     0  startup_stm32f10x_cl.o(.text)
    TIM4_IRQHandler                          0x08000213   Thumb Code     0  startup_stm32f10x_cl.o(.text)
    TIM5_IRQHandler                          0x08000213   Thumb Code     0  startup_stm32f10x_cl.o(.text)
    TIM6_IRQHandler                          0x08000213   Thumb Code     0  startup_stm32f10x_cl.o(.text)
    TIM7_IRQHandler                          0x08000213   Thumb Code     0  startup_stm32f10x_cl.o(.text)
    UART4_IRQHandler                         0x08000213   Thumb Code     0  startup_stm32f10x_cl.o(.text)
    UART5_IRQHandler                         0x08000213   Thumb Code     0  startup_stm32f10x_cl.o(.text)
    USART1_IRQHandler                        0x08000213   Thumb Code     0  startup_stm32f10x_cl.o(.text)
    USART2_IRQHandler                        0x08000213   Thumb Code     0  startup_stm32f10x_cl.o(.text)
    USART3_IRQHandler                        0x08000213   Thumb Code     0  startup_stm32f10x_cl.o(.text)
    WWDG_IRQHandler                          0x08000213   Thumb Code     0  startup_stm32f10x_cl.o(.text)
    __user_initial_stackheap                 0x08000215   Thumb Code     0  startup_stm32f10x_cl.o(.text)
    __rt_ctype_table                         0x08000235   Thumb Code    16  rt_ctype_table.o(.text)
    strcpy                                   0x08000245   Thumb Code    72  strcpy.o(.text)
    strlen                                   0x0800028d   Thumb Code    62  strlen.o(.text)
    strncmp                                  0x080002cb   Thumb Code   150  strncmp.o(.text)
    __aeabi_memcpy                           0x08000361   Thumb Code     0  rt_memcpy_v6.o(.text)
    __rt_memcpy                              0x08000361   Thumb Code   138  rt_memcpy_v6.o(.text)
    _memcpy_lastbytes                        0x080003c7   Thumb Code     0  rt_memcpy_v6.o(.text)
    __aeabi_memcpy4                          0x080003eb   Thumb Code     0  rt_memcpy_w.o(.text)
    __aeabi_memcpy8                          0x080003eb   Thumb Code     0  rt_memcpy_w.o(.text)
    __rt_memcpy_w                            0x080003eb   Thumb Code   100  rt_memcpy_w.o(.text)
    _memcpy_lastbytes_aligned                0x08000433   Thumb Code     0  rt_memcpy_w.o(.text)
    __aeabi_memclr4                          0x0800044f   Thumb Code     0  rt_memclr_w.o(.text)
    __aeabi_memclr8                          0x0800044f   Thumb Code     0  rt_memclr_w.o(.text)
    __rt_memclr_w                            0x0800044f   Thumb Code    78  rt_memclr_w.o(.text)
    _memset_w                                0x08000453   Thumb Code     0  rt_memclr_w.o(.text)
    strcmp                                   0x0800049d   Thumb Code   128  strcmpv7m.o(.text)
    __use_two_region_memory                  0x0800051d   Thumb Code     2  heapauxi.o(.text)
    __rt_heap_escrow$2region                 0x0800051f   Thumb Code     2  heapauxi.o(.text)
    __rt_heap_expand$2region                 0x08000521   Thumb Code     2  heapauxi.o(.text)
    __rt_locale                              0x08000525   Thumb Code     8  rt_locale_intlibspace.o(.text)
    __user_libspace                          0x0800052d   Thumb Code     8  libspace.o(.text)
    __user_perproc_libspace                  0x0800052d   Thumb Code     0  libspace.o(.text)
    __user_perthread_libspace                0x0800052d   Thumb Code     0  libspace.o(.text)
    __user_setup_stackheap                   0x08000535   Thumb Code    74  sys_stackheap_outer.o(.text)
    exit                                     0x0800057f   Thumb Code    12  exit.o(.text)
    _sys_exit                                0x0800058d   Thumb Code     8  sys_exit.o(.text)
    __I$use$semihosting                      0x08000599   Thumb Code     0  use_no_semi.o(.text)
    __use_no_semihosting_swi                 0x08000599   Thumb Code     2  use_no_semi.o(.text)
    ADC_Cmd                                  0x0800059b   Thumb Code    20  stm32f10x_adc.o(i.ADC_Cmd)
    __semihosting_library_function           0x0800059b   Thumb Code     0  indicate_semi.o(.text)
    ADC_Configuration                        0x080005b1   Thumb Code    72  stm32f107.o(i.ADC_Configuration)
    ADC_Init                                 0x080005fd   Thumb Code    62  stm32f10x_adc.o(i.ADC_Init)
    ADC_RegularChannelConfig                 0x08000645   Thumb Code   116  stm32f10x_adc.o(i.ADC_RegularChannelConfig)
    ADC_SoftwareStartConvCmd                 0x080006b9   Thumb Code    20  stm32f10x_adc.o(i.ADC_SoftwareStartConvCmd)
    AddDigit                                 0x080006cd   Thumb Code    14  phil_aux.o(i.AddDigit)
    BusFault_Handler                         0x080006db   Thumb Code     2  stm32f10x_it.o(i.BusFault_Handler)
    CAN2_RX0_IRQHandler                      0x080006dd   Thumb Code   114  stm32f10x_it.o(i.CAN2_RX0_IRQHandler)
    CAN_Config                               0x08000761   Thumb Code   216  phil_can.o(i.CAN_Config)
    CAN_DeInit                               0x08000849   Thumb Code    38  stm32f10x_can.o(i.CAN_DeInit)
    CAN_FIFORelease                          0x08000875   Thumb Code    12  stm32f10x_can.o(i.CAN_FIFORelease)
    CAN_FilterInit                           0x08000881   Thumb Code   190  stm32f10x_can.o(i.CAN_FilterInit)
    CAN_ITConfig                             0x08000945   Thumb Code    16  stm32f10x_can.o(i.CAN_ITConfig)
    CAN_Init                                 0x08000955   Thumb Code   232  stm32f10x_can.o(i.CAN_Init)
    CAN_NVIC_Config                          0x08000a3d   Thumb Code    40  phil_can.o(i.CAN_NVIC_Config)
    CAN_Receive                              0x08000a65   Thumb Code   108  stm32f10x_can.o(i.CAN_Receive)
    CAN_StructInit                           0x08000ad1   Thumb Code    32  stm32f10x_can.o(i.CAN_StructInit)
    CAN_Transmit                             0x08000af1   Thumb Code   152  stm32f10x_can.o(i.CAN_Transmit)
    DebugMon_Handler                         0x08000b89   Thumb Code     2  stm32f10x_it.o(i.DebugMon_Handler)
    ETH_DMAClearITPendingBit                 0x08000b8d   Thumb Code     6  stm32_eth.o(i.ETH_DMAClearITPendingBit)
    ETH_DMAITConfig                          0x08000b99   Thumb Code    18  stm32_eth.o(i.ETH_DMAITConfig)
    ETH_DMAReceptionCmd                      0x08000bb1   Thumb Code    22  stm32_eth.o(i.ETH_DMAReceptionCmd)
    ETH_DMARxDescChainInit                   0x08000bcd   Thumb Code    68  stm32_eth.o(i.ETH_DMARxDescChainInit)
    ETH_DMARxDescReceiveITConfig             0x08000c19   Thumb Code    18  stm32_eth.o(i.ETH_DMARxDescReceiveITConfig)
    ETH_DMATransmissionCmd                   0x08000c2d   Thumb Code    22  stm32_eth.o(i.ETH_DMATransmissionCmd)
    ETH_DMATxDescChainInit                   0x08000c49   Thumb Code    62  stm32_eth.o(i.ETH_DMATxDescChainInit)
    ETH_DMATxDescChecksumInsertionConfig     0x08000c91   Thumb Code     8  stm32_eth.o(i.ETH_DMATxDescChecksumInsertionConfig)
    ETH_DeInit                               0x08000c99   Thumb Code    24  stm32_eth.o(i.ETH_DeInit)
    ETH_FlushTransmitFIFO                    0x08000cc5   Thumb Code    12  stm32_eth.o(i.ETH_FlushTransmitFIFO)
    ETH_GetCurrentTxBuffer                   0x08000cd5   Thumb Code     8  ethernetif.o(i.ETH_GetCurrentTxBuffer)
    ETH_GetDMARxDescFrameLength              0x08000ce1   Thumb Code     8  stm32_eth.o(i.ETH_GetDMARxDescFrameLength)
    ETH_GetRxPktSize                         0x08000ce9   Thumb Code    30  stm32_eth.o(i.ETH_GetRxPktSize)
    ETH_GetSoftwareResetStatus               0x08000d0d   Thumb Code    14  stm32_eth.o(i.ETH_GetSoftwareResetStatus)
    ETH_IRQHandler                           0x08000d21   Thumb Code    34  stm32f10x_it.o(i.ETH_IRQHandler)
    ETH_Init                                 0x08000d45   Thumb Code   482  stm32_eth.o(i.ETH_Init)
    ETH_MACAddressConfig                     0x08000f51   Thumb Code    22  stm32_eth.o(i.ETH_MACAddressConfig)
    ETH_MACReceptionCmd                      0x08000f6d   Thumb Code    22  stm32_eth.o(i.ETH_MACReceptionCmd)
    ETH_MACTransmissionCmd                   0x08000f89   Thumb Code    22  stm32_eth.o(i.ETH_MACTransmissionCmd)
    ETH_ReadPHYRegister                      0x08000fa5   Thumb Code    80  stm32_eth.o(i.ETH_ReadPHYRegister)
    ETH_RxPkt_ChainMode                      0x08000ffd   Thumb Code    72  ethernetif.o(i.ETH_RxPkt_ChainMode)
    ETH_SoftwareReset                        0x0800104d   Thumb Code    12  stm32_eth.o(i.ETH_SoftwareReset)
    ETH_Start                                0x0800105d   Thumb Code    34  stm32_eth.o(i.ETH_Start)
    ETH_StructInit                           0x0800107f   Thumb Code   124  stm32_eth.o(i.ETH_StructInit)
    ETH_TxPkt_ChainMode                      0x080010fd   Thumb Code    50  ethernetif.o(i.ETH_TxPkt_ChainMode)
    ETH_WritePHYRegister                     0x08001139   Thumb Code    76  stm32_eth.o(i.ETH_WritePHYRegister)
    EXTI15_10_IRQHandler                     0x0800118d   Thumb Code     2  stm32f10x_it.o(i.EXTI15_10_IRQHandler)
    Ethernet_Configuration                   0x08001191   Thumb Code    82  stm32f107.o(i.Ethernet_Configuration)
    GPIO_Configuration                       0x080011e9   Thumb Code   114  stm32f107.o(i.GPIO_Configuration)
    GPIO_ETH_MediaInterfaceConfig            0x08001269   Thumb Code     6  stm32f10x_gpio.o(i.GPIO_ETH_MediaInterfaceConfig)
    GPIO_Init                                0x08001275   Thumb Code   152  stm32f10x_gpio.o(i.GPIO_Init)
    GPIO_PinRemapConfig                      0x0800130d   Thumb Code    66  stm32f10x_gpio.o(i.GPIO_PinRemapConfig)
    GPIO_SetBits                             0x08001355   Thumb Code     4  stm32f10x_gpio.o(i.GPIO_SetBits)
    GPIO_WriteBit                            0x08001359   Thumb Code    10  stm32f10x_gpio.o(i.GPIO_WriteBit)
    GetTypeOfCANData                         0x08001363   Thumb Code    50  phil_aux.o(i.GetTypeOfCANData)
    HardFault_Handler                        0x08001395   Thumb Code     2  stm32f10x_it.o(i.HardFault_Handler)
    InitResponce                             0x08001399   Thumb Code    28  phil_aux.o(i.InitResponce)
    LCD_Clear                                0x080013c5   Thumb Code    50  stm3210c_eval_lcd.o(i.LCD_Clear)
    LCD_CtrlLinesWrite                       0x080013fd   Thumb Code     4  stm3210c_eval_lcd.o(i.LCD_CtrlLinesWrite)
    LCD_DisplayChar                          0x08001401   Thumb Code    18  stm3210c_eval_lcd.o(i.LCD_DisplayChar)
    LCD_DisplayStringLine                    0x08001419   Thumb Code    46  stm3210c_eval_lcd.o(i.LCD_DisplayStringLine)
    LCD_DrawChar                             0x08001449   Thumb Code    92  stm3210c_eval_lcd.o(i.LCD_DrawChar)
    LCD_SetBackColor                         0x080014ad   Thumb Code    12  stm3210c_eval_lcd.o(i.LCD_SetBackColor)
    LCD_SetCursor                            0x080014bd   Thumb Code    24  stm3210c_eval_lcd.o(i.LCD_SetCursor)
    LCD_SetTextColor                         0x080014d5   Thumb Code    12  stm3210c_eval_lcd.o(i.LCD_SetTextColor)
    LCD_WriteRAM                             0x080014e5   Thumb Code    48  stm3210c_eval_lcd.o(i.LCD_WriteRAM)
    LCD_WriteRAM_Prepare                     0x08001519   Thumb Code    18  stm3210c_eval_lcd.o(i.LCD_WriteRAM_Prepare)
    LCD_WriteReg                             0x0800152d   Thumb Code    70  stm3210c_eval_lcd.o(i.LCD_WriteReg)
    LCD_WriteRegIndex                        0x0800157d   Thumb Code    66  stm3210c_eval_lcd.o(i.LCD_WriteRegIndex)
    LCD_nCS_StartByte                        0x080015c9   Thumb Code    38  stm3210c_eval_lcd.o(i.LCD_nCS_StartByte)
    LwIP_Init                                0x080015f9   Thumb Code    90  netconf.o(i.LwIP_Init)
    LwIP_Periodic_Handle                     0x08001675   Thumb Code    48  netconf.o(i.LwIP_Periodic_Handle)
    LwIP_Pkt_Handle                          0x080016a9   Thumb Code     6  netconf.o(i.LwIP_Pkt_Handle)
    MemManage_Handler                        0x080016b5   Thumb Code     2  stm32f10x_it.o(i.MemManage_Handler)
    NMI_Handler                              0x080016b7   Thumb Code     2  stm32f10x_it.o(i.NMI_Handler)
    NVIC_Configuration                       0x080016b9   Thumb Code    52  stm32f107.o(i.NVIC_Configuration)
    NVIC_Init                                0x080016ed   Thumb Code    90  misc.o(i.NVIC_Init)
    NVIC_PriorityGroupConfig                 0x08001751   Thumb Code    10  misc.o(i.NVIC_PriorityGroupConfig)
    NVIC_SetVectorTable                      0x08001785   Thumb Code    12  misc.o(i.NVIC_SetVectorTable)
    PendSV_Handler                           0x08001799   Thumb Code     2  stm32f10x_it.o(i.PendSV_Handler)
    PhilCANSend                              0x0800179d   Thumb Code    44  phil_can.o(i.PhilCANSend)
    RCC_AHBPeriphClockCmd                    0x080017d1   Thumb Code    18  stm32f10x_rcc.o(i.RCC_AHBPeriphClockCmd)
    RCC_AHBPeriphResetCmd                    0x080017e9   Thumb Code    18  stm32f10x_rcc.o(i.RCC_AHBPeriphResetCmd)
    RCC_APB1PeriphClockCmd                   0x08001801   Thumb Code    18  stm32f10x_rcc.o(i.RCC_APB1PeriphClockCmd)
    RCC_APB1PeriphResetCmd                   0x08001819   Thumb Code    18  stm32f10x_rcc.o(i.RCC_APB1PeriphResetCmd)
    RCC_APB2PeriphClockCmd                   0x08001831   Thumb Code    18  stm32f10x_rcc.o(i.RCC_APB2PeriphClockCmd)
    RCC_GetClocksFreq                        0x08001849   Thumb Code   180  stm32f10x_rcc.o(i.RCC_GetClocksFreq)
    RS_Init                                  0x08001911   Thumb Code   136  main.o(i.RS_Init)
    SPI_I2S_GetFlagStatus                    0x080019a1   Thumb Code    14  stm32f10x_spi.o(i.SPI_I2S_GetFlagStatus)
    SPI_I2S_SendData                         0x080019af   Thumb Code     4  stm32f10x_spi.o(i.SPI_I2S_SendData)
    SVC_Handler                              0x080019b3   Thumb Code     2  stm32f10x_it.o(i.SVC_Handler)
    SearchValue                              0x080019b5   Thumb Code   104  phil_aux.o(i.SearchValue)
    SendDataToComp                           0x08001a1d   Thumb Code    28  httpd.o(i.SendDataToComp)
    SerialPutChar                            0x08001a3d   Thumb Code    24  main.o(i.SerialPutChar)
    SerialPutString                          0x08001a59   Thumb Code    42  main.o(i.SerialPutString)
    Set_MAC_Address                          0x08001b55   Thumb Code    34  ethernetif.o(i.Set_MAC_Address)
    SysTick_Handler                          0x08001b7d   Thumb Code     4  stm32f10x_it.o(i.SysTick_Handler)
    SystemInit                               0x08001b81   Thumb Code    64  system_stm32f10x.o(i.SystemInit)
    System_Periodic_Handle                   0x08001bcd   Thumb Code     8  main.o(i.System_Periodic_Handle)
    System_Setup                             0x08001bd9   Thumb Code   176  stm32f107.o(i.System_Setup)
    Time_Update                              0x08001ce9   Thumb Code    10  main.o(i.Time_Update)
    USART_Cmd                                0x08001cf9   Thumb Code    20  stm32f10x_usart.o(i.USART_Cmd)
    USART_GetFlagStatus                      0x08001d0d   Thumb Code    14  stm32f10x_usart.o(i.USART_GetFlagStatus)
    USART_Init                               0x08001d1d   Thumb Code   134  stm32f10x_usart.o(i.USART_Init)
    USART_SendData                           0x08001da9   Thumb Code     8  stm32f10x_usart.o(i.USART_SendData)
    UsageFault_Handler                       0x08001db1   Thumb Code     2  stm32f10x_it.o(i.UsageFault_Handler)
    WhatToDo                                 0x08001db5   Thumb Code   386  phil_aux.o(i.WhatToDo)
    etharp_arp_input                         0x08001fa5   Thumb Code   202  etharp.o(i.etharp_arp_input)
    etharp_ip_input                          0x0800206f   Thumb Code    40  etharp.o(i.etharp_ip_input)
    etharp_output                            0x08002099   Thumb Code   178  etharp.o(i.etharp_output)
    etharp_query                             0x08002151   Thumb Code   256  etharp.o(i.etharp_query)
    etharp_request                           0x080022f5   Thumb Code    32  etharp.o(i.etharp_request)
    etharp_tmr                               0x08002351   Thumb Code    78  etharp.o(i.etharp_tmr)
    ethernet_input                           0x080023a5   Thumb Code    84  etharp.o(i.ethernet_input)
    ethernetif_init                          0x080023f9   Thumb Code    56  ethernetif.o(i.ethernetif_init)
    ethernetif_input                         0x08002439   Thumb Code   116  ethernetif.o(i.ethernetif_input)
    htonl                                    0x0800260b   Thumb Code     4  inet.o(i.htonl)
    htons                                    0x0800260f   Thumb Code     4  inet.o(i.htons)
    httpd_init                               0x080026c5   Thumb Code    34  httpd.o(i.httpd_init)
    icmp_dest_unreach                        0x080026f1   Thumb Code     8  icmp.o(i.icmp_dest_unreach)
    icmp_input                               0x080026f9   Thumb Code   276  icmp.o(i.icmp_input)
    icmp_time_exceeded                       0x08002873   Thumb Code     8  icmp.o(i.icmp_time_exceeded)
    inet_chksum                              0x0800287b   Thumb Code    12  inet_chksum.o(i.inet_chksum)
    inet_chksum_pbuf                         0x08002887   Thumb Code    72  inet_chksum.o(i.inet_chksum_pbuf)
    ip_addr_isbroadcast                      0x080028cf   Thumb Code    48  ip_addr.o(i.ip_addr_isbroadcast)
    ip_frag                                  0x08002901   Thumb Code   298  ip_frag.o(i.ip_frag)
    ip_input                                 0x08002a31   Thumb Code   348  ip.o(i.ip_input)
    ip_output                                0x08002b95   Thumb Code    52  ip.o(i.ip_output)
    ip_output_if                             0x08002bc9   Thumb Code   200  ip.o(i.ip_output_if)
    ip_reass                                 0x08002c95   Thumb Code   428  ip_frag.o(i.ip_reass)
    ip_route                                 0x0800303d   Thumb Code    62  ip.o(i.ip_route)
    main                                     0x08003175   Thumb Code    82  main.o(i.main)
    mem_free                                 0x080031e9   Thumb Code    38  mem.o(i.mem_free)
    mem_init                                 0x08003215   Thumb Code    44  mem.o(i.mem_init)
    mem_malloc                               0x08003249   Thumb Code   162  mem.o(i.mem_malloc)
    mem_realloc                              0x080032f1   Thumb Code   190  mem.o(i.mem_realloc)
    memp_free                                0x080033b5   Thumb Code    18  memp.o(i.memp_free)
    memp_init                                0x080033cd   Thumb Code    78  memp.o(i.memp_init)
    memp_malloc                              0x08003425   Thumb Code    28  memp.o(i.memp_malloc)
    netif_add                                0x08003445   Thumb Code    66  netif.o(i.netif_add)
    netif_is_up                              0x0800348d   Thumb Code    10  netif.o(i.netif_is_up)
    netif_set_addr                           0x08003497   Thumb Code    32  netif.o(i.netif_set_addr)
    netif_set_default                        0x080034b9   Thumb Code     6  netif.o(i.netif_set_default)
    netif_set_gw                             0x080034c5   Thumb Code     8  netif.o(i.netif_set_gw)
    netif_set_ipaddr                         0x080034cd   Thumb Code    96  netif.o(i.netif_set_ipaddr)
    netif_set_netmask                        0x08003535   Thumb Code     8  netif.o(i.netif_set_netmask)
    netif_set_up                             0x0800353d   Thumb Code    28  netif.o(i.netif_set_up)
    ntohl                                    0x08003559   Thumb Code     4  inet.o(i.ntohl)
    ntohs                                    0x0800355d   Thumb Code     4  inet.o(i.ntohs)
    pbuf_alloc                               0x08003561   Thumb Code   268  pbuf.o(i.pbuf_alloc)
    pbuf_cat                                 0x0800366d   Thumb Code    40  pbuf.o(i.pbuf_cat)
    pbuf_chain                               0x08003695   Thumb Code    18  pbuf.o(i.pbuf_chain)
    pbuf_clen                                0x080036a7   Thumb Code    18  pbuf.o(i.pbuf_clen)
    pbuf_copy                                0x080036b9   Thumb Code   144  pbuf.o(i.pbuf_copy)
    pbuf_copy_partial                        0x08003749   Thumb Code   104  pbuf.o(i.pbuf_copy_partial)
    pbuf_free                                0x080037b1   Thumb Code    68  pbuf.o(i.pbuf_free)
    pbuf_header                              0x080037f5   Thumb Code    96  pbuf.o(i.pbuf_header)
    pbuf_realloc                             0x08003855   Thumb Code    78  pbuf.o(i.pbuf_realloc)
    pbuf_ref                                 0x080038a3   Thumb Code    12  pbuf.o(i.pbuf_ref)
    raw_input                                0x08003905   Thumb Code   100  raw.o(i.raw_input)
    tcp_abandon                              0x0800396d   Thumb Code   142  tcp.o(i.tcp_abandon)
    tcp_accept                               0x08003a01   Thumb Code     4  tcp.o(i.tcp_accept)
    tcp_alloc                                0x08003a0d   Thumb Code   230  tcp.o(i.tcp_alloc)
    tcp_arg                                  0x08003b01   Thumb Code     4  tcp.o(i.tcp_arg)
    tcp_bind                                 0x08003b05   Thumb Code   182  tcp.o(i.tcp_bind)
    tcp_close                                0x08003bc1   Thumb Code   156  tcp.o(i.tcp_close)
    tcp_eff_send_mss                         0x08003c61   Thumb Code    32  tcp.o(i.tcp_eff_send_mss)
    tcp_enqueue                              0x08003c81   Thumb Code   752  tcp_out.o(i.tcp_enqueue)
    tcp_err                                  0x08003f71   Thumb Code     6  tcp.o(i.tcp_err)
    tcp_fasttmr                              0x08003f79   Thumb Code    84  tcp.o(i.tcp_fasttmr)
    tcp_input                                0x08003fd1   Thumb Code   776  tcp_in.o(i.tcp_input)
    tcp_keepalive                            0x080042ed   Thumb Code    70  tcp_out.o(i.tcp_keepalive)
    tcp_listen_with_backlog                  0x0800441d   Thumb Code   122  tcp.o(i.tcp_listen_with_backlog)
    tcp_new                                  0x080044a1   Thumb Code     6  tcp.o(i.tcp_new)
    tcp_next_iss                             0x08004509   Thumb Code    12  tcp.o(i.tcp_next_iss)
    tcp_output                               0x08004519   Thumb Code   532  tcp_out.o(i.tcp_output)
    tcp_pcb_purge                            0x080048dd   Thumb Code    48  tcp.o(i.tcp_pcb_purge)
    tcp_pcb_remove                           0x0800490d   Thumb Code    90  tcp.o(i.tcp_pcb_remove)
    tcp_poll                                 0x0800496d   Thumb Code    10  tcp.o(i.tcp_poll)
    tcp_recv                                 0x08005131   Thumb Code     6  tcp.o(i.tcp_recv)
    tcp_recved                               0x08005153   Thumb Code    60  tcp.o(i.tcp_recved)
    tcp_rexmit                               0x0800518f   Thumb Code    84  tcp_out.o(i.tcp_rexmit)
    tcp_rexmit_rto                           0x080051e3   Thumb Code    46  tcp_out.o(i.tcp_rexmit_rto)
    tcp_rst                                  0x08005211   Thumb Code   152  tcp_out.o(i.tcp_rst)
    tcp_seg_free                             0x080052a9   Thumb Code    32  tcp.o(i.tcp_seg_free)
    tcp_segs_free                            0x080052c9   Thumb Code    26  tcp.o(i.tcp_segs_free)
    tcp_send_ctrl                            0x080052e3   Thumb Code    22  tcp_out.o(i.tcp_send_ctrl)
    tcp_slowtmr                              0x080052f9   Thumb Code   512  tcp.o(i.tcp_slowtmr)
    tcp_tmr                                  0x08005509   Thumb Code    28  tcp.o(i.tcp_tmr)
    tcp_update_rcv_ann_wnd                   0x08005529   Thumb Code    44  tcp.o(i.tcp_update_rcv_ann_wnd)
    tcp_write                                0x08005555   Thumb Code    46  tcp_out.o(i.tcp_write)
    tcp_zero_window_probe                    0x08005583   Thumb Code    82  tcp_out.o(i.tcp_zero_window_probe)
    udp_input                                0x080055d5   Thumb Code   312  udp.o(i.udp_input)
    _get_lc_ctype                            0x080057b9   Thumb Code    44  lc_ctype_c.o(locale$$code)
    ASCII_Table                              0x080057e4   Data        4560  stm3210c_eval_lcd.o(.constdata)
    tcp_persist_backoff                      0x080069b4   Data           7  tcp.o(.constdata)
    tcp_backoff                              0x080069bb   Data          13  tcp.o(.constdata)
    ip_addr_any                              0x080069ec   Data           4  ip_addr.o(.constdata)
    ethbroadcast                             0x080069f0   Data           6  etharp.o(.constdata)
    ethzero                                  0x080069f6   Data           6  etharp.o(.constdata)
    Region$$Table$$Base                      0x080069fc   Number         0  anon$$obj.o(Region$$Table)
    Region$$Table$$Limit                     0x08006a1c   Number         0  anon$$obj.o(Region$$Table)
    __ctype                                  0x08006a29   Data           0  lc_ctype_c.o(locale$$data)
    LocalTime                                0x20000000   Data           4  main.o(.data)
    timingdelay                              0x20000004   Data           4  main.o(.data)
    TCPTimer                                 0x20000008   Data           4  netconf.o(.data)
    ARPTimer                                 0x2000000c   Data           4  netconf.o(.data)
    DisplayTimer                             0x20000014   Data           4  netconf.o(.data)
    DMATxDescToSet                           0x20000034   Data           4  stm32_eth.o(.data)
    DMARxDescToGet                           0x20000038   Data           4  stm32_eth.o(.data)
    DMAPTPTxDescToSet                        0x2000003c   Data           4  stm32_eth.o(.data)
    DMAPTPRxDescToGet                        0x20000040   Data           4  stm32_eth.o(.data)
    MACaddr                                  0x20000048   Data           6  ethernetif.o(.data)
    tcp_ticks                                0x20000058   Data           4  tcp.o(.data)
    tcp_bound_pcbs                           0x2000005c   Data           4  tcp.o(.data)
    tcp_listen_pcbs                          0x20000060   Data           4  tcp.o(.data)
    tcp_active_pcbs                          0x20000064   Data           4  tcp.o(.data)
    tcp_tw_pcbs                              0x20000068   Data           4  tcp.o(.data)
    tcp_tmp_pcb                              0x2000006c   Data           4  tcp.o(.data)
    tcp_input_pcb                            0x20000088   Data           4  tcp_in.o(.data)
    udp_pcbs                                 0x2000008c   Data           4  udp.o(.data)
    netif_list                               0x200000a4   Data           4  netif.o(.data)
    netif_default                            0x200000a8   Data           4  netif.o(.data)
    netif                                    0x200000c8   Data          48  netconf.o(.bss)
    Phil_CAN_InitStructure                   0x200000f8   Data          12  phil_can.o(.bss)
    Phil_CAN_FilterInitStructure             0x20000104   Data          14  phil_can.o(.bss)
    Phil_TxMessage                           0x20000114   Data          20  phil_can.o(.bss)
    RxMessage                                0x20000128   Data          20  stm32f10x_it.o(.bss)
    dataFromSlaveBoard                       0x2000013c   Data          30  phil_aux.o(.bss)
    DMARxDscrTab                             0x2000015c   Data          64  ethernetif.o(.bss)
    DMATxDscrTab                             0x2000019c   Data          32  ethernetif.o(.bss)
    Rx_Buff                                  0x200001bc   Data        6080  ethernetif.o(.bss)
    Tx_Buff                                  0x2000197c   Data        3040  ethernetif.o(.bss)
    __libspace_start                         0x2000c2dc   Data          96  libspace.o(.bss)
    __temporary_stack_top$libspace           0x2000c33c   Data           0  libspace.o(.bss)



==============================================================================

Memory Map of the image

  Image Entry point : 0x08000151

  Load Region LR_IROM1 (Base: 0x08000000, Size: 0x00006bf4, Max: 0x00040000, ABSOLUTE)

    Execution Region ER_IROM1 (Base: 0x08000000, Size: 0x00006b2c, Max: 0x00040000, ABSOLUTE)

    Base Addr    Size         Type   Attr      Idx    E Section Name        Object

    0x08000000   0x00000150   Data   RO         5926    RESET               startup_stm32f10x_cl.o
    0x08000150   0x00000008   Code   RO         5983  * !!!main             c_w.l(__main.o)
    0x08000158   0x00000034   Code   RO         6154    !!!scatter          c_w.l(__scatter.o)
    0x0800018c   0x0000001a   Code   RO         6156    !!handler_copy      c_w.l(__scatter_copy.o)
    0x080001a6   0x00000002   PAD
    0x080001a8   0x0000001c   Code   RO         6158    !!handler_zi        c_w.l(__scatter_zi.o)
    0x080001c4   0x00000002   Code   RO         6075    .ARM.Collect$$libinit$$00000000  c_w.l(libinit.o)
    0x080001c6   0x00000000   Code   RO         6022    .ARM.Collect$$libinit$$00000002  c_w.l(libinit2.o)
    0x080001c6   0x00000000   Code   RO         6025    .ARM.Collect$$libinit$$00000008  c_w.l(libinit2.o)
    0x080001c6   0x00000000   Code   RO         6027    .ARM.Collect$$libinit$$0000000A  c_w.l(libinit2.o)
    0x080001c6   0x00000000   Code   RO         6029    .ARM.Collect$$libinit$$0000000C  c_w.l(libinit2.o)
    0x080001c6   0x00000006   Code   RO         6030    .ARM.Collect$$libinit$$0000000D  c_w.l(libinit2.o)
    0x080001cc   0x00000000   Code   RO         6032    .ARM.Collect$$libinit$$0000000F  c_w.l(libinit2.o)
    0x080001cc   0x0000000c   Code   RO         6033    .ARM.Collect$$libinit$$00000010  c_w.l(libinit2.o)
    0x080001d8   0x00000000   Code   RO         6034    .ARM.Collect$$libinit$$00000011  c_w.l(libinit2.o)
    0x080001d8   0x00000000   Code   RO         6036    .ARM.Collect$$libinit$$00000013  c_w.l(libinit2.o)
    0x080001d8   0x00000000   Code   RO         6038    .ARM.Collect$$libinit$$00000015  c_w.l(libinit2.o)
    0x080001d8   0x00000000   Code   RO         6040    .ARM.Collect$$libinit$$00000017  c_w.l(libinit2.o)
    0x080001d8   0x00000000   Code   RO         6042    .ARM.Collect$$libinit$$00000019  c_w.l(libinit2.o)
    0x080001d8   0x00000000   Code   RO         6044    .ARM.Collect$$libinit$$0000001B  c_w.l(libinit2.o)
    0x080001d8   0x00000000   Code   RO         6046    .ARM.Collect$$libinit$$0000001D  c_w.l(libinit2.o)
    0x080001d8   0x00000000   Code   RO         6048    .ARM.Collect$$libinit$$0000001F  c_w.l(libinit2.o)
    0x080001d8   0x00000000   Code   RO         6050    .ARM.Collect$$libinit$$00000021  c_w.l(libinit2.o)
    0x080001d8   0x00000000   Code   RO         6052    .ARM.Collect$$libinit$$00000023  c_w.l(libinit2.o)
    0x080001d8   0x00000000   Code   RO         6056    .ARM.Collect$$libinit$$0000002A  c_w.l(libinit2.o)
    0x080001d8   0x00000000   Code   RO         6058    .ARM.Collect$$libinit$$0000002C  c_w.l(libinit2.o)
    0x080001d8   0x00000000   Code   RO         6060    .ARM.Collect$$libinit$$0000002E  c_w.l(libinit2.o)
    0x080001d8   0x00000000   Code   RO         6062    .ARM.Collect$$libinit$$00000030  c_w.l(libinit2.o)
    0x080001d8   0x00000002   Code   RO         6063    .ARM.Collect$$libinit$$00000031  c_w.l(libinit2.o)
    0x080001da   0x00000002   Code   RO         6112    .ARM.Collect$$libshutdown$$00000000  c_w.l(libshutdown.o)
    0x080001dc   0x00000000   Code   RO         6119    .ARM.Collect$$libshutdown$$00000003  c_w.l(libshutdown2.o)
    0x080001dc   0x00000000   Code   RO         6122    .ARM.Collect$$libshutdown$$00000006  c_w.l(libshutdown2.o)
    0x080001dc   0x00000000   Code   RO         6125    .ARM.Collect$$libshutdown$$00000009  c_w.l(libshutdown2.o)
    0x080001dc   0x00000000   Code   RO         6127    .ARM.Collect$$libshutdown$$0000000B  c_w.l(libshutdown2.o)
    0x080001dc   0x00000000   Code   RO         6130    .ARM.Collect$$libshutdown$$0000000E  c_w.l(libshutdown2.o)
    0x080001dc   0x00000002   Code   RO         6131    .ARM.Collect$$libshutdown$$0000000F  c_w.l(libshutdown2.o)
    0x080001de   0x00000000   Code   RO         5985    .ARM.Collect$$rtentry$$00000000  c_w.l(rtentry.o)
    0x080001de   0x00000000   Code   RO         6005    .ARM.Collect$$rtentry$$00000002  c_w.l(rtentry2.o)
    0x080001de   0x00000006   Code   RO         6017    .ARM.Collect$$rtentry$$00000004  c_w.l(rtentry4.o)
    0x080001e4   0x00000000   Code   RO         6007    .ARM.Collect$$rtentry$$00000009  c_w.l(rtentry2.o)
    0x080001e4   0x00000004   Code   RO         6008    .ARM.Collect$$rtentry$$0000000A  c_w.l(rtentry2.o)
    0x080001e8   0x00000000   Code   RO         6010    .ARM.Collect$$rtentry$$0000000C  c_w.l(rtentry2.o)
    0x080001e8   0x00000008   Code   RO         6011    .ARM.Collect$$rtentry$$0000000D  c_w.l(rtentry2.o)
    0x080001f0   0x00000002   Code   RO         6078    .ARM.Collect$$rtexit$$00000000  c_w.l(rtexit.o)
    0x080001f2   0x00000000   Code   RO         6087    .ARM.Collect$$rtexit$$00000002  c_w.l(rtexit2.o)
    0x080001f2   0x00000004   Code   RO         6088    .ARM.Collect$$rtexit$$00000003  c_w.l(rtexit2.o)
    0x080001f6   0x00000006   Code   RO         6089    .ARM.Collect$$rtexit$$00000004  c_w.l(rtexit2.o)
    0x080001fc   0x00000038   Code   RO         5927    .text               startup_stm32f10x_cl.o
    0x08000234   0x00000010   Code   RO         5933    .text               c_w.l(rt_ctype_table.o)
    0x08000244   0x00000048   Code   RO         5965    .text               c_w.l(strcpy.o)
    0x0800028c   0x0000003e   Code   RO         5967    .text               c_w.l(strlen.o)
    0x080002ca   0x00000096   Code   RO         5969    .text               c_w.l(strncmp.o)
    0x08000360   0x0000008a   Code   RO         5971    .text               c_w.l(rt_memcpy_v6.o)
    0x080003ea   0x00000064   Code   RO         5973    .text               c_w.l(rt_memcpy_w.o)
    0x0800044e   0x0000004e   Code   RO         5977    .text               c_w.l(rt_memclr_w.o)
    0x0800049c   0x00000080   Code   RO         5979    .text               c_w.l(strcmpv7m.o)
    0x0800051c   0x00000006   Code   RO         5981    .text               c_w.l(heapauxi.o)
    0x08000522   0x00000002   PAD
    0x08000524   0x00000008   Code   RO         5989    .text               c_w.l(rt_locale_intlibspace.o)
    0x0800052c   0x00000008   Code   RO         6001    .text               c_w.l(libspace.o)
    0x08000534   0x0000004a   Code   RO         6064    .text               c_w.l(sys_stackheap_outer.o)
    0x0800057e   0x0000000c   Code   RO         6066    .text               c_w.l(exit.o)
    0x0800058a   0x00000002   PAD
    0x0800058c   0x0000000c   Code   RO         6099    .text               c_w.l(sys_exit.o)
    0x08000598   0x00000002   Code   RO         6101    .text               c_w.l(use_no_semi.o)
    0x0800059a   0x00000000   Code   RO         6103    .text               c_w.l(indicate_semi.o)
    0x0800059a   0x00000014   Code   RO         1566    i.ADC_Cmd           stm32f10x_adc.o
    0x080005ae   0x00000002   PAD
    0x080005b0   0x0000004c   Code   RO          189    i.ADC_Configuration  stm32f107.o
    0x080005fc   0x00000048   Code   RO         1584    i.ADC_Init          stm32f10x_adc.o
    0x08000644   0x00000074   Code   RO         1588    i.ADC_RegularChannelConfig  stm32f10x_adc.o
    0x080006b8   0x00000014   Code   RO         1591    i.ADC_SoftwareStartConvCmd  stm32f10x_adc.o
    0x080006cc   0x0000000e   Code   RO          589    i.AddDigit          phil_aux.o
    0x080006da   0x00000002   Code   RO          504    i.BusFault_Handler  stm32f10x_it.o
    0x080006dc   0x00000084   Code   RO          505    i.CAN2_RX0_IRQHandler  stm32f10x_it.o
    0x08000760   0x000000e8   Code   RO          468    i.CAN_Config        phil_can.o
    0x08000848   0x0000002c   Code   RO         2517    i.CAN_DeInit        stm32f10x_can.o
    0x08000874   0x0000000c   Code   RO         2518    i.CAN_FIFORelease   stm32f10x_can.o
    0x08000880   0x000000c4   Code   RO         2519    i.CAN_FilterInit    stm32f10x_can.o
    0x08000944   0x00000010   Code   RO         2522    i.CAN_ITConfig      stm32f10x_can.o
    0x08000954   0x000000e8   Code   RO         2523    i.CAN_Init          stm32f10x_can.o
    0x08000a3c   0x00000028   Code   RO          469    i.CAN_NVIC_Config   phil_can.o
    0x08000a64   0x0000006c   Code   RO         2525    i.CAN_Receive       stm32f10x_can.o
    0x08000ad0   0x00000020   Code   RO         2528    i.CAN_StructInit    stm32f10x_can.o
    0x08000af0   0x00000098   Code   RO         2529    i.CAN_Transmit      stm32f10x_can.o
    0x08000b88   0x00000002   Code   RO          506    i.DebugMon_Handler  stm32f10x_it.o
    0x08000b8a   0x00000002   PAD
    0x08000b8c   0x0000000c   Code   RO         2640    i.ETH_DMAClearITPendingBit  stm32_eth.o
    0x08000b98   0x00000018   Code   RO         2641    i.ETH_DMAITConfig   stm32_eth.o
    0x08000bb0   0x0000001c   Code   RO         2644    i.ETH_DMAReceptionCmd  stm32_eth.o
    0x08000bcc   0x0000004c   Code   RO         2645    i.ETH_DMARxDescChainInit  stm32_eth.o
    0x08000c18   0x00000012   Code   RO         2647    i.ETH_DMARxDescReceiveITConfig  stm32_eth.o
    0x08000c2a   0x00000002   PAD
    0x08000c2c   0x0000001c   Code   RO         2650    i.ETH_DMATransmissionCmd  stm32_eth.o
    0x08000c48   0x00000048   Code   RO         2653    i.ETH_DMATxDescChainInit  stm32_eth.o
    0x08000c90   0x00000008   Code   RO         2654    i.ETH_DMATxDescChecksumInsertionConfig  stm32_eth.o
    0x08000c98   0x00000018   Code   RO         2662    i.ETH_DeInit        stm32_eth.o
    0x08000cb0   0x00000012   Code   RO         2663    i.ETH_Delay         stm32_eth.o
    0x08000cc2   0x00000002   PAD
    0x08000cc4   0x00000010   Code   RO         2668    i.ETH_FlushTransmitFIFO  stm32_eth.o
    0x08000cd4   0x0000000c   Code   RO         3654    i.ETH_GetCurrentTxBuffer  ethernetif.o
    0x08000ce0   0x00000008   Code   RO         2679    i.ETH_GetDMARxDescFrameLength  stm32_eth.o
    0x08000ce8   0x00000024   Code   RO         2694    i.ETH_GetRxPktSize  stm32_eth.o
    0x08000d0c   0x00000014   Code   RO         2695    i.ETH_GetSoftwareResetStatus  stm32_eth.o
    0x08000d20   0x00000022   Code   RO          507    i.ETH_IRQHandler    stm32f10x_it.o
    0x08000d42   0x00000002   PAD
    0x08000d44   0x0000020c   Code   RO         2702    i.ETH_Init          stm32_eth.o
    0x08000f50   0x0000001c   Code   RO         2705    i.ETH_MACAddressConfig  stm32_eth.o
    0x08000f6c   0x0000001c   Code   RO         2710    i.ETH_MACReceptionCmd  stm32_eth.o
    0x08000f88   0x0000001c   Code   RO         2711    i.ETH_MACTransmissionCmd  stm32_eth.o
    0x08000fa4   0x00000058   Code   RO         2722    i.ETH_ReadPHYRegister  stm32_eth.o
    0x08000ffc   0x00000050   Code   RO         3655    i.ETH_RxPkt_ChainMode  ethernetif.o
    0x0800104c   0x00000010   Code   RO         2733    i.ETH_SoftwareReset  stm32_eth.o
    0x0800105c   0x00000022   Code   RO         2734    i.ETH_Start         stm32_eth.o
    0x0800107e   0x0000007c   Code   RO         2735    i.ETH_StructInit    stm32_eth.o
    0x080010fa   0x00000002   PAD
    0x080010fc   0x0000003c   Code   RO         3656    i.ETH_TxPkt_ChainMode  ethernetif.o
    0x08001138   0x00000054   Code   RO         2737    i.ETH_WritePHYRegister  stm32_eth.o
    0x0800118c   0x00000002   Code   RO          508    i.EXTI15_10_IRQHandler  stm32f10x_it.o
    0x0800118e   0x00000002   PAD
    0x08001190   0x00000058   Code   RO          190    i.Ethernet_Configuration  stm32f107.o
    0x080011e8   0x00000080   Code   RO          191    i.GPIO_Configuration  stm32f107.o
    0x08001268   0x0000000c   Code   RO          816    i.GPIO_ETH_MediaInterfaceConfig  stm32f10x_gpio.o
    0x08001274   0x00000098   Code   RO          820    i.GPIO_Init         stm32f10x_gpio.o
    0x0800130c   0x00000048   Code   RO          822    i.GPIO_PinRemapConfig  stm32f10x_gpio.o
    0x08001354   0x00000004   Code   RO          828    i.GPIO_SetBits      stm32f10x_gpio.o
    0x08001358   0x0000000a   Code   RO          831    i.GPIO_WriteBit     stm32f10x_gpio.o
    0x08001362   0x00000032   Code   RO          590    i.GetTypeOfCANData  phil_aux.o
    0x08001394   0x00000002   Code   RO          509    i.HardFault_Handler  stm32f10x_it.o
    0x08001396   0x00000002   PAD
    0x08001398   0x0000002c   Code   RO          591    i.InitResponce      phil_aux.o
    0x080013c4   0x00000038   Code   RO         3469    i.LCD_Clear         stm3210c_eval_lcd.o
    0x080013fc   0x00000004   Code   RO         3472    i.LCD_CtrlLinesWrite  stm3210c_eval_lcd.o
    0x08001400   0x00000018   Code   RO         3473    i.LCD_DisplayChar   stm3210c_eval_lcd.o
    0x08001418   0x0000002e   Code   RO         3476    i.LCD_DisplayStringLine  stm3210c_eval_lcd.o
    0x08001446   0x00000002   PAD
    0x08001448   0x00000064   Code   RO         3477    i.LCD_DrawChar      stm3210c_eval_lcd.o
    0x080014ac   0x00000010   Code   RO         3485    i.LCD_SetBackColor  stm3210c_eval_lcd.o
    0x080014bc   0x00000018   Code   RO         3486    i.LCD_SetCursor     stm3210c_eval_lcd.o
    0x080014d4   0x00000010   Code   RO         3488    i.LCD_SetTextColor  stm3210c_eval_lcd.o
    0x080014e4   0x00000034   Code   RO         3491    i.LCD_WriteRAM      stm3210c_eval_lcd.o
    0x08001518   0x00000012   Code   RO         3493    i.LCD_WriteRAM_Prepare  stm3210c_eval_lcd.o
    0x0800152a   0x00000002   PAD
    0x0800152c   0x00000050   Code   RO         3494    i.LCD_WriteReg      stm3210c_eval_lcd.o
    0x0800157c   0x0000004c   Code   RO         3495    i.LCD_WriteRegIndex  stm3210c_eval_lcd.o
    0x080015c8   0x00000030   Code   RO         3496    i.LCD_nCS_StartByte  stm3210c_eval_lcd.o
    0x080015f8   0x0000007c   Code   RO          237    i.LwIP_Init         netconf.o
    0x08001674   0x00000034   Code   RO          238    i.LwIP_Periodic_Handle  netconf.o
    0x080016a8   0x0000000c   Code   RO          239    i.LwIP_Pkt_Handle   netconf.o
    0x080016b4   0x00000002   Code   RO          510    i.MemManage_Handler  stm32f10x_it.o
    0x080016b6   0x00000002   Code   RO          511    i.NMI_Handler       stm32f10x_it.o
    0x080016b8   0x00000034   Code   RO          192    i.NVIC_Configuration  stm32f107.o
    0x080016ec   0x00000064   Code   RO         1524    i.NVIC_Init         misc.o
    0x08001750   0x00000014   Code   RO         1525    i.NVIC_PriorityGroupConfig  misc.o
    0x08001764   0x00000020   Code   RO          193    i.NVIC_SetPriority  stm32f107.o
    0x08001784   0x00000014   Code   RO         1526    i.NVIC_SetVectorTable  misc.o
    0x08001798   0x00000002   Code   RO          512    i.PendSV_Handler    stm32f10x_it.o
    0x0800179a   0x00000002   PAD
    0x0800179c   0x00000034   Code   RO          471    i.PhilCANSend       phil_can.o
    0x080017d0   0x00000018   Code   RO          929    i.RCC_AHBPeriphClockCmd  stm32f10x_rcc.o
    0x080017e8   0x00000018   Code   RO          930    i.RCC_AHBPeriphResetCmd  stm32f10x_rcc.o
    0x08001800   0x00000018   Code   RO          931    i.RCC_APB1PeriphClockCmd  stm32f10x_rcc.o
    0x08001818   0x00000018   Code   RO          932    i.RCC_APB1PeriphResetCmd  stm32f10x_rcc.o
    0x08001830   0x00000018   Code   RO          933    i.RCC_APB2PeriphClockCmd  stm32f10x_rcc.o
    0x08001848   0x000000c8   Code   RO          941    i.RCC_GetClocksFreq  stm32f10x_rcc.o
    0x08001910   0x00000090   Code   RO            2    i.RS_Init           main.o
    0x080019a0   0x0000000e   Code   RO         1195    i.SPI_I2S_GetFlagStatus  stm32f10x_spi.o
    0x080019ae   0x00000004   Code   RO         1199    i.SPI_I2S_SendData  stm32f10x_spi.o
    0x080019b2   0x00000002   Code   RO          513    i.SVC_Handler       stm32f10x_it.o
    0x080019b4   0x00000068   Code   RO          592    i.SearchValue       phil_aux.o
    0x08001a1c   0x00000020   Code   RO          338    i.SendDataToComp    httpd.o
    0x08001a3c   0x0000001c   Code   RO            3    i.SerialPutChar     main.o
    0x08001a58   0x0000002a   Code   RO            4    i.SerialPutString   main.o
    0x08001a82   0x00000002   PAD
    0x08001a84   0x000000d0   Code   RO         5886    i.SetSysClockTo72   system_stm32f10x.o
    0x08001b54   0x00000028   Code   RO         3657    i.Set_MAC_Address   ethernetif.o
    0x08001b7c   0x00000004   Code   RO          514    i.SysTick_Handler   stm32f10x_it.o
    0x08001b80   0x0000004c   Code   RO         5887    i.SystemInit        system_stm32f10x.o
    0x08001bcc   0x0000000c   Code   RO            5    i.System_Periodic_Handle  main.o
    0x08001bd8   0x00000110   Code   RO          194    i.System_Setup      stm32f107.o
    0x08001ce8   0x00000010   Code   RO            6    i.Time_Update       main.o
    0x08001cf8   0x00000014   Code   RO          650    i.USART_Cmd         stm32f10x_usart.o
    0x08001d0c   0x0000000e   Code   RO          653    i.USART_GetFlagStatus  stm32f10x_usart.o
    0x08001d1a   0x00000002   PAD
    0x08001d1c   0x0000008c   Code   RO          657    i.USART_Init        stm32f10x_usart.o
    0x08001da8   0x00000008   Code   RO          665    i.USART_SendData    stm32f10x_usart.o
    0x08001db0   0x00000002   Code   RO          515    i.UsageFault_Handler  stm32f10x_it.o
    0x08001db2   0x00000002   PAD
    0x08001db4   0x000001ec   Code   RO          594    i.WhatToDo          phil_aux.o
    0x08001fa0   0x00000004   Code   RO          339    i.conn_err          httpd.o
    0x08001fa4   0x000000ca   Code   RO         4725    i.etharp_arp_input  etharp.o
    0x0800206e   0x00000028   Code   RO         4727    i.etharp_ip_input   etharp.o
    0x08002096   0x00000002   PAD
    0x08002098   0x000000b8   Code   RO         4728    i.etharp_output     etharp.o
    0x08002150   0x00000104   Code   RO         4729    i.etharp_query      etharp.o
    0x08002254   0x0000009e   Code   RO         4730    i.etharp_raw        etharp.o
    0x080022f2   0x00000002   PAD
    0x080022f4   0x00000024   Code   RO         4731    i.etharp_request    etharp.o
    0x08002318   0x00000036   Code   RO         4732    i.etharp_send_ip    etharp.o
    0x0800234e   0x00000002   PAD
    0x08002350   0x00000054   Code   RO         4733    i.etharp_tmr        etharp.o
    0x080023a4   0x00000054   Code   RO         4734    i.ethernet_input    etharp.o
    0x080023f8   0x00000040   Code   RO         3658    i.ethernetif_init   ethernetif.o
    0x08002438   0x00000078   Code   RO         3659    i.ethernetif_input  ethernetif.o
    0x080024b0   0x0000013c   Code   RO         4735    i.find_entry        etharp.o
    0x080025ec   0x0000001e   Code   RO         4736    i.free_etharp_q     etharp.o
    0x0800260a   0x00000004   Code   RO         4527    i.htonl             inet.o
    0x0800260e   0x00000004   Code   RO         4528    i.htons             inet.o
    0x08002612   0x00000002   PAD
    0x08002614   0x0000004c   Code   RO          341    i.http_accept       httpd.o
    0x08002660   0x0000000e   Code   RO          342    i.http_poll         httpd.o
    0x0800266e   0x00000002   PAD
    0x08002670   0x00000054   Code   RO          343    i.http_recv         httpd.o
    0x080026c4   0x0000002c   Code   RO          344    i.httpd_init        httpd.o
    0x080026f0   0x00000008   Code   RO         4492    i.icmp_dest_unreach  icmp.o
    0x080026f8   0x00000114   Code   RO         4493    i.icmp_input        icmp.o
    0x0800280c   0x00000066   Code   RO         4494    i.icmp_send_response  icmp.o
    0x08002872   0x00000008   Code   RO         4495    i.icmp_time_exceeded  icmp.o
    0x0800287a   0x0000000c   Code   RO         4575    i.inet_chksum       inet_chksum.o
    0x08002886   0x00000048   Code   RO         4576    i.inet_chksum_pbuf  inet_chksum.o
    0x080028ce   0x00000030   Code   RO         4655    i.ip_addr_isbroadcast  ip_addr.o
    0x080028fe   0x00000002   PAD
    0x08002900   0x00000130   Code   RO         4678    i.ip_frag           ip_frag.o
    0x08002a30   0x00000164   Code   RO         4613    i.ip_input          ip.o
    0x08002b94   0x00000034   Code   RO         4614    i.ip_output         ip.o
    0x08002bc8   0x000000cc   Code   RO         4615    i.ip_output_if      ip.o
    0x08002c94   0x000001b0   Code   RO         4679    i.ip_reass          ip_frag.o
    0x08002e44   0x000000f0   Code   RO         4680    i.ip_reass_chain_frag_into_datagram_and_validate  ip_frag.o
    0x08002f34   0x00000024   Code   RO         4681    i.ip_reass_dequeue_datagram  ip_frag.o
    0x08002f58   0x00000070   Code   RO         4682    i.ip_reass_free_complete_datagram  ip_frag.o
    0x08002fc8   0x00000074   Code   RO         4683    i.ip_reass_remove_oldest_datagram  ip_frag.o
    0x0800303c   0x00000048   Code   RO         4616    i.ip_route          ip.o
    0x08003084   0x00000088   Code   RO         3660    i.low_level_init    ethernetif.o
    0x0800310c   0x0000002c   Code   RO         3661    i.low_level_output  ethernetif.o
    0x08003138   0x0000003a   Code   RO         4578    i.lwip_standard_chksum  inet_chksum.o
    0x08003172   0x00000002   PAD
    0x08003174   0x00000074   Code   RO            7    i.main              main.o
    0x080031e8   0x0000002c   Code   RO         4186    i.mem_free          mem.o
    0x08003214   0x00000034   Code   RO         4187    i.mem_init          mem.o
    0x08003248   0x000000a8   Code   RO         4188    i.mem_malloc        mem.o
    0x080032f0   0x000000c4   Code   RO         4189    i.mem_realloc       mem.o
    0x080033b4   0x00000018   Code   RO         4229    i.memp_free         memp.o
    0x080033cc   0x00000058   Code   RO         4230    i.memp_init         memp.o
    0x08003424   0x00000020   Code   RO         4231    i.memp_malloc       memp.o
    0x08003444   0x00000048   Code   RO         4271    i.netif_add         netif.o
    0x0800348c   0x0000000a   Code   RO         4273    i.netif_is_up       netif.o
    0x08003496   0x00000020   Code   RO         4275    i.netif_set_addr    netif.o
    0x080034b6   0x00000002   PAD
    0x080034b8   0x0000000c   Code   RO         4276    i.netif_set_default  netif.o
    0x080034c4   0x00000008   Code   RO         4278    i.netif_set_gw      netif.o
    0x080034cc   0x00000068   Code   RO         4279    i.netif_set_ipaddr  netif.o
    0x08003534   0x00000008   Code   RO         4280    i.netif_set_netmask  netif.o
    0x0800353c   0x0000001c   Code   RO         4281    i.netif_set_up      netif.o
    0x08003558   0x00000004   Code   RO         4532    i.ntohl             inet.o
    0x0800355c   0x00000004   Code   RO         4533    i.ntohs             inet.o
    0x08003560   0x0000010c   Code   RO         4346    i.pbuf_alloc        pbuf.o
    0x0800366c   0x00000028   Code   RO         4347    i.pbuf_cat          pbuf.o
    0x08003694   0x00000012   Code   RO         4348    i.pbuf_chain        pbuf.o
    0x080036a6   0x00000012   Code   RO         4349    i.pbuf_clen         pbuf.o
    0x080036b8   0x00000090   Code   RO         4351    i.pbuf_copy         pbuf.o
    0x08003748   0x00000068   Code   RO         4352    i.pbuf_copy_partial  pbuf.o
    0x080037b0   0x00000044   Code   RO         4354    i.pbuf_free         pbuf.o
    0x080037f4   0x00000060   Code   RO         4355    i.pbuf_header       pbuf.o
    0x08003854   0x0000004e   Code   RO         4356    i.pbuf_realloc      pbuf.o
    0x080038a2   0x0000000c   Code   RO         4357    i.pbuf_ref          pbuf.o
    0x080038ae   0x00000002   PAD
    0x080038b0   0x00000054   Code   RO         4190    i.plug_holes        mem.o
    0x08003904   0x00000068   Code   RO         4432    i.raw_input         raw.o
    0x0800396c   0x00000094   Code   RO         3779    i.tcp_abandon       tcp.o
    0x08003a00   0x00000004   Code   RO         3780    i.tcp_accept        tcp.o
    0x08003a04   0x00000006   Code   RO         3781    i.tcp_accept_null   tcp.o
    0x08003a0a   0x00000002   PAD
    0x08003a0c   0x000000f4   Code   RO         3782    i.tcp_alloc         tcp.o
    0x08003b00   0x00000004   Code   RO         3783    i.tcp_arg           tcp.o
    0x08003b04   0x000000bc   Code   RO         3784    i.tcp_bind          tcp.o
    0x08003bc0   0x000000a0   Code   RO         3785    i.tcp_close         tcp.o
    0x08003c60   0x00000020   Code   RO         3787    i.tcp_eff_send_mss  tcp.o
    0x08003c80   0x000002f0   Code   RO         4001    i.tcp_enqueue       tcp_out.o
    0x08003f70   0x00000006   Code   RO         3788    i.tcp_err           tcp.o
    0x08003f76   0x00000002   PAD
    0x08003f78   0x00000058   Code   RO         3789    i.tcp_fasttmr       tcp.o
    0x08003fd0   0x0000031c   Code   RO         3955    i.tcp_input         tcp_in.o
    0x080042ec   0x00000046   Code   RO         4002    i.tcp_keepalive     tcp_out.o
    0x08004332   0x00000002   PAD
    0x08004334   0x000000e8   Code   RO         3956    i.tcp_listen_input  tcp_in.o
    0x0800441c   0x00000084   Code   RO         3790    i.tcp_listen_with_backlog  tcp.o
    0x080044a0   0x00000006   Code   RO         3791    i.tcp_new           tcp.o
    0x080044a6   0x00000002   PAD
    0x080044a8   0x00000060   Code   RO         3792    i.tcp_new_port      tcp.o
    0x08004508   0x00000010   Code   RO         3793    i.tcp_next_iss      tcp.o
    0x08004518   0x00000218   Code   RO         4003    i.tcp_output        tcp_out.o
    0x08004730   0x000000b4   Code   RO         4004    i.tcp_output_segment  tcp_out.o
    0x080047e4   0x00000078   Code   RO         4005    i.tcp_output_set_header  tcp_out.o
    0x0800485c   0x00000080   Code   RO         3957    i.tcp_parseopt      tcp_in.o
    0x080048dc   0x00000030   Code   RO         3794    i.tcp_pcb_purge     tcp.o
    0x0800490c   0x00000060   Code   RO         3795    i.tcp_pcb_remove    tcp.o
    0x0800496c   0x0000000a   Code   RO         3796    i.tcp_poll          tcp.o
    0x08004976   0x00000002   PAD
    0x08004978   0x00000350   Code   RO         3958    i.tcp_process       tcp_in.o
    0x08004cc8   0x00000468   Code   RO         3959    i.tcp_receive       tcp_in.o
    0x08005130   0x00000006   Code   RO         3797    i.tcp_recv          tcp.o
    0x08005136   0x0000001c   Code   RO         3798    i.tcp_recv_null     tcp.o
    0x08005152   0x0000003c   Code   RO         3799    i.tcp_recved        tcp.o
    0x0800518e   0x00000054   Code   RO         4006    i.tcp_rexmit        tcp_out.o
    0x080051e2   0x0000002e   Code   RO         4007    i.tcp_rexmit_rto    tcp_out.o
    0x08005210   0x00000098   Code   RO         4008    i.tcp_rst           tcp_out.o
    0x080052a8   0x00000020   Code   RO         3800    i.tcp_seg_free      tcp.o
    0x080052c8   0x0000001a   Code   RO         3801    i.tcp_segs_free     tcp.o
    0x080052e2   0x00000016   Code   RO         4009    i.tcp_send_ctrl     tcp_out.o
    0x080052f8   0x00000210   Code   RO         3804    i.tcp_slowtmr       tcp.o
    0x08005508   0x00000020   Code   RO         3805    i.tcp_tmr           tcp.o
    0x08005528   0x0000002c   Code   RO         3806    i.tcp_update_rcv_ann_wnd  tcp.o
    0x08005554   0x0000002e   Code   RO         4010    i.tcp_write         tcp_out.o
    0x08005582   0x00000052   Code   RO         4011    i.tcp_zero_window_probe  tcp_out.o
    0x080055d4   0x0000013c   Code   RO         4074    i.udp_input         udp.o
    0x08005710   0x000000a8   Code   RO         4737    i.update_arp_entry  etharp.o
    0x080057b8   0x0000002c   Code   RO         5999    locale$$code        c_w.l(lc_ctype_c.o)
    0x080057e4   0x000011d0   Data   RO         3499    .constdata          stm3210c_eval_lcd.o
    0x080069b4   0x00000014   Data   RO         3807    .constdata          tcp.o
    0x080069c8   0x00000024   Data   RO         4233    .constdata          memp.o
    0x080069ec   0x00000004   Data   RO         4656    .constdata          ip_addr.o
    0x080069f0   0x0000000c   Data   RO         4739    .constdata          etharp.o
    0x080069fc   0x00000020   Data   RO         6152    Region$$Table       anon$$obj.o
    0x08006a1c   0x00000110   Data   RO         5998    locale$$data        c_w.l(lc_ctype_c.o)


    Execution Region RW_IRAM1 (Base: 0x20000000, Size: 0x0000c940, Max: 0x00010000, ABSOLUTE)

    Base Addr    Size         Type   Attr      Idx    E Section Name        Object

    0x20000000   0x00000008   Data   RW            8    .data               main.o
    0x20000008   0x00000010   Data   RW          241    .data               netconf.o
    0x20000018   0x00000004   Data   RW          360    .data               httpd.o
    0x2000001c   0x00000001   Data   RW          517    .data               stm32f10x_it.o
    0x2000001d   0x00000014   Data   RW          969    .data               stm32f10x_rcc.o
    0x20000031   0x00000003   PAD
    0x20000034   0x00000010   Data   RW         2738    .data               stm32_eth.o
    0x20000044   0x00000004   Data   RW         3500    .data               stm3210c_eval_lcd.o
    0x20000048   0x00000006   Data   RW         3666    .data               ethernetif.o
    0x2000004e   0x00000002   PAD
    0x20000050   0x00000020   Data   RW         3808    .data               tcp.o
    0x20000070   0x0000001c   Data   RW         3961    .data               tcp_in.o
    0x2000008c   0x00000004   Data   RW         4081    .data               udp.o
    0x20000090   0x00000010   Data   RW         4192    .data               mem.o
    0x200000a0   0x0000000c   Data   RW         4282    .data               netif.o
    0x200000ac   0x00000004   Data   RW         4438    .data               raw.o
    0x200000b0   0x0000000c   Data   RW         4617    .data               ip.o
    0x200000bc   0x00000008   Data   RW         4686    .data               ip_frag.o
    0x200000c4   0x00000001   Data   RW         4740    .data               etharp.o
    0x200000c5   0x00000003   PAD
    0x200000c8   0x00000030   Zero   RW          240    .bss                netconf.o
    0x200000f8   0x00000030   Zero   RW          472    .bss                phil_can.o
    0x20000128   0x00000014   Zero   RW          516    .bss                stm32f10x_it.o
    0x2000013c   0x0000001e   Zero   RW          595    .bss                phil_aux.o
    0x2000015a   0x00000002   PAD
    0x2000015c   0x00002400   Zero   RW         3662    .bss                ethernetif.o
    0x2000255c   0x00000014   Zero   RW         3960    .bss                tcp_in.o
    0x20002570   0x00005014   Zero   RW         4191    .bss                mem.o
    0x20007584   0x000046af   Zero   RW         4232    .bss                memp.o
    0x2000bc33   0x000005e0   Zero   RW         4685    .bss                ip_frag.o
    0x2000c213   0x00000001   PAD
    0x2000c214   0x000000c8   Zero   RW         4738    .bss                etharp.o
    0x2000c2dc   0x00000060   Zero   RW         6002    .bss                c_w.l(libspace.o)
    0x2000c33c   0x00000004   PAD
    0x2000c340   0x00000200   Zero   RW         5925    HEAP                startup_stm32f10x_cl.o
    0x2000c540   0x00000400   Zero   RW         5924    STACK               startup_stm32f10x_cl.o


==============================================================================

Image component sizes


      Code (inc. data)   RO Data    RW Data    ZI Data      Debug   Object Name

         0          0          0          0          0         32   core_cm3.o
      1616         34         12          1        200      10448   etharp.o
       556         52          0          6       9216       6290   ethernetif.o
       254         36          0          4          0       4786   httpd.o
       394          0          0          0          0       2838   icmp.o
        16          0          0          0          0       2510   inet.o
       142          0          0          0          0       5041   inet_chksum.o
         0          0          0          0          0        616   init.o
       684         22          0         12          0       3789   ip.o
        48          0          4          0          0       5057   ip_addr.o
      1240         34          0          8       1504       5821   ip_frag.o
       358         56          0          8          0     316061   main.o
       544         32          0         16      20500       4105   mem.o
       144         20         36          0      18095       3314   memp.o
       140         28          0          0          0       1865   misc.o
       188         44          0         16         48      13588   netconf.o
       274         20          0         12          0       5861   netif.o
       846          0          0          0          0       6609   pbuf.o
       704        122          0          0         30       4085   phil_aux.o
       324         24          0          0         48       2082   phil_can.o
       104          4          0          4          0       1376   raw.o
        56         22        336          0       1536        796   startup_stm32f10x_cl.o
       560         62       4560          4          0       8066   stm3210c_eval_lcd.o
      1342        138          0         16          0      13216   stm32_eth.o
       648        130          0          0          0       8122   stm32f107.o
       228         10          0          0          0       4287   stm32f10x_adc.o
       792         12          0          0          0       6616   stm32f10x_can.o
       250         12          0          0          0       3893   stm32f10x_gpio.o
       188         24          0          1         20       4748   stm32f10x_it.o
       320         50          0         20          0       6627   stm32f10x_rcc.o
        18          0          0          0          0       2031   stm32f10x_spi.o
       182          6          0          0          0       3548   stm32f10x_usart.o
       284         30          0          0          0       1437   system_stm32f10x.o
      2040         86         20         32          0      21891   tcp.o
      3132         74          0         28         20      13032   tcp_in.o
      2090         14          0          0          0       7927   tcp_out.o
       316          4          0          4          0       2832   udp.o

    ----------------------------------------------------------------------
     21078       1202       5000        200      51220     515243   Object Totals
         0          0         32          0          0          0   (incl. Generated)
        56          0          0          8          3          0   (incl. Padding)

    ----------------------------------------------------------------------

      Code (inc. data)   RO Data    RW Data    ZI Data      Debug   Library Member Name

         8          0          0          0          0         68   __main.o
        52          8          0          0          0          0   __scatter.o
        26          0          0          0          0          0   __scatter_copy.o
        28          0          0          0          0          0   __scatter_zi.o
        12          0          0          0          0         72   exit.o
         6          0          0          0          0        152   heapauxi.o
         0          0          0          0          0          0   indicate_semi.o
        44         10        272          0          0         76   lc_ctype_c.o
         2          0          0          0          0          0   libinit.o
        20          0          0          0          0          0   libinit2.o
         2          0          0          0          0          0   libshutdown.o
         2          0          0          0          0          0   libshutdown2.o
         8          4          0          0         96         68   libspace.o
        16          4          0          0          0         76   rt_ctype_table.o
         8          4          0          0          0         68   rt_locale_intlibspace.o
        78          0          0          0          0         80   rt_memclr_w.o
       138          0          0          0          0         68   rt_memcpy_v6.o
       100          0          0          0          0         80   rt_memcpy_w.o
         0          0          0          0          0          0   rtentry.o
        12          0          0          0          0          0   rtentry2.o
         6          0          0          0          0          0   rtentry4.o
         2          0          0          0          0          0   rtexit.o
        10          0          0          0          0          0   rtexit2.o
       128          0          0          0          0         68   strcmpv7m.o
        72          0          0          0          0         80   strcpy.o
        62          0          0          0          0         76   strlen.o
       150          0          0          0          0         80   strncmp.o
        12          4          0          0          0         68   sys_exit.o
        74          0          0          0          0         80   sys_stackheap_outer.o
         2          0          0          0          0         68   use_no_semi.o

    ----------------------------------------------------------------------
      1086         34        272          0        100       1328   Library Totals
         6          0          0          0          4          0   (incl. Padding)

    ----------------------------------------------------------------------

      Code (inc. data)   RO Data    RW Data    ZI Data      Debug   Library Name

      1080         34        272          0         96       1328   c_w.l

    ----------------------------------------------------------------------
      1086         34        272          0        100       1328   Library Totals

    ----------------------------------------------------------------------

==============================================================================


      Code (inc. data)   RO Data    RW Data    ZI Data      Debug   

     22164       1236       5272        200      51320     504507   Grand Totals
     22164       1236       5272        200      51320     504507   ELF Image Totals
     22164       1236       5272        200          0          0   ROM Totals

==============================================================================

    Total RO  Size (Code + RO Data)                27436 (  26.79kB)
    Total RW  Size (RW Data + ZI Data)             51520 (  50.31kB)
    Total ROM Size (Code + RO Data + RW Data)      27636 (  26.99kB)

==============================================================================

